--------- beginning of main
05-02 23:33:06.343 20273 20291 I .android.diale: Waiting for a blocking GC ProfileSaver
05-02 23:33:06.356 20273 20291 I .android.diale: WaitForGcToComplete blocked ProfileSaver on RunEmptyCheckpoint for 12.737ms
05-02 23:33:06.389 17861 18504 D ProtoStore: deleting smartspace_current
05-02 23:33:06.396 17861 18504 D ProtoStore: no cached data
05-02 23:33:06.528 20311 20330 I droid.apps.map: Waiting for a blocking GC ProfileSaver
05-02 23:33:06.596 18038 18766 I Icing   : Indexing com.google.android.gms-apps from com.google.android.gms
05-02 23:33:06.600 18038 18766 I Icing   : Indexing done com.google.android.gms-apps
--------- beginning of system
05-02 23:33:06.997 17461 17704 I ActivityManager: Killing 19675:com.google.android.projection.gearhead:shared/u0a99 (adj 985): empty #17
05-02 23:33:07.029 17398 17398 I Zygote  : Process 19675 exited due to signal 9 (Killed)
05-02 23:33:07.039 17461 17486 I libprocessgroup: Successfully killed process cgroup uid 10099 pid 19675 in 41ms
05-02 23:33:07.164 20415 20434 I ogle.android.g: Waiting for a blocking GC ProfileSaver
05-02 23:33:07.171 20415 20434 I ogle.android.g: WaitForGcToComplete blocked ProfileSaver on RunEmptyCheckpoint for 7.457ms
05-02 23:33:07.477 17461 17475 E JobScheduler.Background: App became active but still in NEVER bucket
05-02 23:33:07.479 17461 17484 I DropBoxManagerService: add tag=system_server_wtf isTagEnabled=true flags=0x2
05-02 23:33:07.581 17461 17815 W BroadcastQueue: Background execution not allowed: receiving Intent { act=android.intent.action.DROPBOX_ENTRY_ADDED flg=0x10 (has extras) } to com.google.android.gms/.stats.service.DropBoxEntryAddedReceiver
05-02 23:33:07.583 17461 17484 W BroadcastQueue: Background execution not allowed: receiving Intent { act=android.intent.action.DROPBOX_ENTRY_ADDED flg=0x10 (has extras) } to com.google.android.gms/.chimera.GmsIntentOperationService$PersistentTrustedReceiver
05-02 23:33:07.589 17461 18315 W BroadcastQueue: Permission Denial: broadcasting Intent { act=com.google.android.checkin.CHECKIN_COMPLETE flg=0x1000010 (has extras) } from com.google.android.gms (pid=18038, uid=10103) is not exported from uid 10102 due to receiver com.android.vending/com.google.android.finsky.checkin.CheckinReceiver
05-02 23:33:07.610 17461 17815 W BroadcastQueue: Background execution not allowed: receiving Intent { act=android.intent.action.DROPBOX_ENTRY_ADDED flg=0x10 (has extras) } to com.google.android.gms/.stats.service.DropBoxEntryAddedReceiver
05-02 23:33:07.612 17461 17484 W BroadcastQueue: Background execution not allowed: receiving Intent { act=android.intent.action.DROPBOX_ENTRY_ADDED flg=0x10 (has extras) } to com.google.android.gms/.chimera.GmsIntentOperationService$PersistentTrustedReceiver
05-02 23:33:07.615 20163 20487 I BugleRcsEngine: [363] ProvisioningEventReceiver.a: Received Provisioning Event: [Bugle information (100)]
05-02 23:33:07.615 20163 20487 I BugleRcsEngine: [363] ProvisioningEventReceiver.a: JibeService is not running
05-02 23:33:07.615 20163 20487 W BugleRcsEngine: [363] ProvisioningEventReceiver.a: Event is not a valid user action. Discarding it.
05-02 23:33:07.617 20163 20487 I BugleRcsEngine: [363] ProvisioningEventReceiver.a: Received Provisioning Event: [Bugle information (100)]
05-02 23:33:07.617 20163 20487 I BugleRcsEngine: [363] ProvisioningEventReceiver.a: JibeService is not running
05-02 23:33:07.617 20163 20487 W BugleRcsEngine: [363] ProvisioningEventReceiver.a: Event is not a valid user action. Discarding it.
05-02 23:33:07.632 20111 20111 I BugleRcsProvisioning: RcsProvisioningEventReceiver: Received ProvisioningEvent: Enable PEv2
05-02 23:33:07.635 20111 20111 I BugleRcsProvisioning: RcsProvisioningEventReceiver: Received ProvisioningEvent: Send Provisioning Session ID
05-02 23:33:07.642 20111 20111 I BugleRcsProvisioning: RcsProvisioningEventReceiver: Received ProvisioningEvent: Request Bugle information
05-02 23:33:07.643 20111 20111 W BugleRcsEngine: [2] tgj.a: Carrier Services Apk was not found.
05-02 23:33:07.643 20111 20111 I BugleRcsEngine: [2] tgj.a: Cannot get service version because CS.apk was not found, not pre-loaded or disabled.
05-02 23:33:07.643 20111 20111 W BugleRcsEngine: [2] tgj.a: Service with meta data key: JibeServiceApiVersions is not compatible. Service Version 1 is not supported. Supported versions: []
05-02 23:33:07.643 20111 20111 I BugleRcsEngine: [2] tgj.b: Not using CS JibeService because it is not compatible with AM.
05-02 23:33:07.645 20111 20111 I BugleRcsProvisioning: RcsProvisioningEventReceiver: Received ProvisioningEvent: Availability updated
05-02 23:33:07.645 20111 20111 I BugleRcsProvisioning: RcsProvisioningEventReceiver: Bugle receives rcs availability update to: 10
05-02 23:33:07.645 20111 20111 I BugleRcsEngine: [2] yrg.disconnect: Disconnecting ChatSessionService
05-02 23:33:07.645 20111 20111 I BugleRcsEngine: [2] yrg.disconnect: Disconnecting ContactsService
05-02 23:33:07.646 20111 20111 I BugleRcsEngine: [2] yrg.disconnect: Disconnecting FileTransferService
05-02 23:33:07.646 20111 20111 I BugleRcsEngine: [2] yrg.disconnect: Disconnecting LocationSharingService
05-02 23:33:07.646 20111 20111 I BugleRcsEngine: [2] yrg.disconnect: Disconnecting ImsConnectionTrackerService
05-02 23:33:07.646 20111 20111 I BugleRcsEngine: [2] yrg.disconnect: Disconnecting RcsProfileService
05-02 23:33:07.646 20111 20111 I BugleRcsEngine: [2] yrg.disconnect: Disconnecting BusinessInfoService
05-02 23:33:07.650 20163 20487 I BugleRcsEngine: [363] ProvisioningEventReceiver.a: Received Provisioning Event: [Availability updated (12)]
05-02 23:33:07.650 20163 20487 I BugleRcsEngine: [363] ProvisioningEventReceiver.a: JibeService is not running
05-02 23:33:07.650 20163 20487 W BugleRcsEngine: [363] ProvisioningEventReceiver.a: Event is not a valid user action. Discarding it.
05-02 23:33:07.653 20111 20111 I BugleRcsProvisioning: RcsProvisioningEventReceiver: Received ProvisioningEvent: Update provisioning status
05-02 23:33:07.659 20111 20111 I BugleRcsProvisioning: RcsProvisioningEventReceiver: Received ProvisioningEvent: Show FastTrack UI
05-02 23:33:07.665 20111 20111 I chatty  : uid=10114(com.google.android.apps.messaging) identical 2 lines
05-02 23:33:07.668 20111 20111 I BugleRcsProvisioning: RcsProvisioningEventReceiver: Received ProvisioningEvent: Show FastTrack UI
05-02 23:33:07.679 20163 20487 I BugleRcsEngine: [363] ProvisioningEventReceiver.a: Received Provisioning Event: [Bugle information (100)]
05-02 23:33:07.679 20163 20487 I BugleRcsEngine: [363] ProvisioningEventReceiver.a: JibeService is not running
05-02 23:33:07.679 20163 20487 W BugleRcsEngine: [363] ProvisioningEventReceiver.a: Event is not a valid user action. Discarding it.
05-02 23:33:07.701 20365 20365 W GrowthKit: Failed to get phenotypeManager in PhenotypeBroadcastReceiver
05-02 23:33:07.701 20365 20365 W GrowthKit: java.lang.NullPointerException: Unable to get GrowthKit Component from host app.
05-02 23:33:07.701 20365 20365 W GrowthKit: 	at com.google.android.libraries.internal.growth.growthkit.inject.GrowthKit.get(GrowthKit.java:43)
05-02 23:33:07.701 20365 20365 W GrowthKit: 	at com.google.android.libraries.internal.growth.growthkit.internal.experiments.impl.PhenotypeBroadcastReceiver.onReceive(PhenotypeBroadcastReceiver.java:25)
05-02 23:33:07.701 20365 20365 W GrowthKit: 	at android.app.ActivityThread.handleReceiver(ActivityThread.java:3941)
05-02 23:33:07.701 20365 20365 W GrowthKit: 	at android.app.ActivityThread.access$1400(ActivityThread.java:230)
05-02 23:33:07.701 20365 20365 W GrowthKit: 	at android.app.ActivityThread$H.handleMessage(ActivityThread.java:1897)
05-02 23:33:07.701 20365 20365 W GrowthKit: 	at android.os.Handler.dispatchMessage(Handler.java:106)
05-02 23:33:07.701 20365 20365 W GrowthKit: 	at android.os.Looper.loop(Looper.java:223)
05-02 23:33:07.701 20365 20365 W GrowthKit: 	at android.app.ActivityThread.main(ActivityThread.java:7476)
05-02 23:33:07.701 20365 20365 W GrowthKit: 	at java.lang.reflect.Method.invoke(Native Method)
05-02 23:33:07.701 20365 20365 W GrowthKit: 	at com.android.internal.os.RuntimeInit$MethodAndArgsCaller.run(RuntimeInit.java:549)
05-02 23:33:07.701 20365 20365 W GrowthKit: 	at com.android.internal.os.ZygoteInit.main(ZygoteInit.java:939)
05-02 23:33:07.713 17925 19153 W ChimeraUtils: Module com.google.android.gms.tapandpay has empty metadata display_name_string_id
05-02 23:33:07.736 20163 20487 I BugleRcsEngine: [363] ProvisioningEventReceiver.a: Received Provisioning Event: [Bugle information (100)]
05-02 23:33:07.736 20163 20487 I BugleRcsEngine: [363] ProvisioningEventReceiver.a: JibeService is not running
05-02 23:33:07.736 20163 20487 W BugleRcsEngine: [363] ProvisioningEventReceiver.a: Event is not a valid user action. Discarding it.
05-02 23:33:07.742 20163 20487 I BugleRcsEngine: [363] ProvisioningEventReceiver.a: Received Provisioning Event: [Bugle information (100)]
05-02 23:33:07.742 20163 20487 I BugleRcsEngine: [363] ProvisioningEventReceiver.a: JibeService is not running
05-02 23:33:07.742 20163 20487 W BugleRcsEngine: [363] ProvisioningEventReceiver.a: Event is not a valid user action. Discarding it.
05-02 23:33:07.756 20163 20487 I BugleRcsEngine: [363] ProvisioningEventReceiver.a: Received Provisioning Event: [Bugle information (100)]
05-02 23:33:07.756 20163 20487 I BugleRcsEngine: [363] ProvisioningEventReceiver.a: JibeService is not running
05-02 23:33:07.756 20163 20487 W BugleRcsEngine: [363] ProvisioningEventReceiver.a: Event is not a valid user action. Discarding it.
05-02 23:33:07.758 17461 17475 E JobScheduler.Background: App became active but still in NEVER bucket
05-02 23:33:07.762 17461 17484 I DropBoxManagerService: add tag=system_server_wtf isTagEnabled=true flags=0x2
05-02 23:33:07.894 17461 17476 W Looper  : Slow dispatch took 137ms android.ui h=com.android.server.am.ActivityManagerService$UiHandler c=null m=68
05-02 23:33:07.897 17461 17461 W Looper  : Slow dispatch took 133ms main h=com.android.server.job.JobSchedulerService$JobHandler c=null m=4
05-02 23:33:07.915   244  1618 E vold    : Failed to find mounted volume for /storage/13FC-2E1B/Android/data/com.google.android.gms/files/
05-02 23:33:07.917 18038 18766 W ContextImpl: Failed to ensure /storage/13FC-2E1B/Android/data/com.google.android.gms/files: android.os.ServiceSpecificException:  (code -22)
05-02 23:33:07.920   244  1618 E vold    : Failed to find mounted volume for /storage/13FC-2E1B/Android/data/com.google.android.gms/files/
05-02 23:33:08.104 17861 18634 E ActivityThread: Failed to find provider info for com.google.android.apps.wellbeing.api
05-02 23:33:07.921 18038 18766 W ContextImpl: Failed to ensure /storage/13FC-2E1B/Android/data/com.google.android.gms/files: android.os.ServiceSpecificException:  (code -22)
05-02 23:33:08.143 18216 18528 V libfuse : unique: 92, opcode: STATFS (17), nodeid: 1, insize: 40, pid: 19219
05-02 23:33:08.143 18216 18528 V libfuse :    unique: 92, success, outsize: 96
05-02 23:33:08.139 19037 19037 W Binder:19037_5: type=1400 audit(0.0:4495): avc: denied { search } for name="run" dev="vdc" ino=8289 scontext=u:r:gmscore_app:s0:c512,c768 tcontext=u:object_r:varrun_file:s0 tclass=dir permissive=0 b/131598844 app=com.google.android.gms
05-02 23:33:08.150 19037 19219 D EGL_emulation: eglCreateContext: 0xecf9eaf0: maj 2 min 0 rcv 2
05-02 23:33:08.151 19037 19219 D EGL_emulation: eglMakeCurrent: 0xecf9eaf0: ver 2 0 (tinfo 0xed2e4c90)
05-02 23:33:08.167 19037 19219 D EGL_emulation: eglCreateContext: 0xecfa08b0: maj 2 min 0 rcv 2
05-02 23:33:08.168 19037 19219 D EGL_emulation: eglMakeCurrent: 0xecfa08b0: ver 2 0 (tinfo 0xed2e4c90)
05-02 23:33:08.168 17925 19109 W .gms.persisten: Accessing hidden method Landroid/net/ConnectivityManager;->isNetworkSupported(I)Z (greylist-max-p, reflection, denied)
05-02 23:33:08.193 19037 19219 W SystemServiceRegistry: No service published for: persistent_data_block
05-02 23:33:08.219 18216 18661 V libfuse : unique: 94, opcode: ACCESS (34), nodeid: 3977852176, insize: 48, pid: 19219
05-02 23:33:08.219 18216 18661 V FuseDaemon: pf_access : node = [node_path: /storage/emulated/3977852176] 
05-02 23:33:08.219 18216 18661 V libfuse :    unique: 94, success, outsize: 16
05-02 23:33:08.219 18216 18532 V libfuse : unique: 96, opcode: OPENDIR (27), nodeid: 3977852176, insize: 48, pid: 19219
05-02 23:33:08.219 18216 18532 V FuseDaemon: pf_opendir : node = [node_path: /storage/emulated/3977852176] 
05-02 23:33:08.219 18216 18532 V libfuse :    unique: 96, success, outsize: 32
05-02 23:33:08.220 18216 18528 V libfuse : unique: 98, opcode: READDIRPLUS (44), nodeid: 3977852176, insize: 80, pid: 19219
05-02 23:33:08.220 18216 18528 V FuseDaemon: do_readdir_common : node = [node_path: /storage/emulated/3977852176] 
05-02 23:33:08.220 18216 18528 V FuseDaemon: do_lookup : parent_node = [node_path: /storage/emulated/3977852176] 
05-02 23:33:08.220 18216 18528 V FuseDaemon: make_node_entry : node = [node_path: /storage/emulated/3977852176/3977851408] 
05-02 23:33:08.221 18216 18528 V FuseDaemon: do_lookup : parent_node = [node_path: /storage/emulated/3977852176] 
05-02 23:33:08.221 18216 18528 V FuseDaemon: make_node_entry : node = [node_path: /storage/emulated/3977852176/3977850640] 
05-02 23:33:08.221 18216 18528 V FuseDaemon: do_lookup : parent_node = [node_path: /storage/emulated/3977852176] 
05-02 23:33:08.221 18216 18528 V FuseDaemon: make_node_entry : node = [node_path: /storage/emulated/3977852176/3977854384] 
05-02 23:33:08.221 18216 18528 V FuseDaemon: do_lookup : parent_node = [node_path: /storage/emulated/3977852176] 
05-02 23:33:08.221 18216 18528 V FuseDaemon: make_node_entry : node = [node_path: /storage/emulated/3977852176/3977857744] 
05-02 23:33:08.221 18216 18528 V FuseDaemon: do_lookup : parent_node = [node_path: /storage/emulated/3977852176] 
05-02 23:33:08.221 18216 18528 V FuseDaemon: make_node_entry : node = [node_path: /storage/emulated/3977852176/3977850256] 
05-02 23:33:08.221 18216 18528 V FuseDaemon: do_lookup : parent_node = [node_path: /storage/emulated/3977852176] 
05-02 23:33:08.221 18216 18528 V FuseDaemon: make_node_entry : node = [node_path: /storage/emulated/3977852176/3977851696] 
05-02 23:33:08.221 18216 18528 V FuseDaemon: do_lookup : parent_node = [node_path: /storage/emulated/3977852176] 
05-02 23:33:08.221 18216 18528 V FuseDaemon: make_node_entry : node = [node_path: /storage/emulated/3977852176/3977854096] 
05-02 23:33:08.221 18216 18528 V FuseDaemon: do_lookup : parent_node = [node_path: /storage/emulated/3977852176] 
05-02 23:33:08.221 18216 18528 V FuseDaemon: make_node_entry : node = [node_path: /storage/emulated/3977852176/3977855728] 
05-02 23:33:08.221 18216 18528 V FuseDaemon: do_lookup : parent_node = [node_path: /storage/emulated/3977852176] 
05-02 23:33:08.221 18216 18528 V FuseDaemon: make_node_entry : node = [node_path: /storage/emulated/3977852176/3977852656] 
05-02 23:33:08.221 18216 18528 V FuseDaemon: do_lookup : parent_node = [node_path: /storage/emulated/3977852176] 
05-02 23:33:08.221 18216 18528 V FuseDaemon: make_node_entry : node = [node_path: /storage/emulated/3977852176/3977858128] 
05-02 23:33:08.221 18216 18528 V FuseDaemon: do_lookup : parent_node = [node_path: /storage/emulated/3977852176] 
05-02 23:33:08.221 18216 18528 V FuseDaemon: make_node_entry : node = [node_path: /storage/emulated/3977852176/3977858896] 
05-02 23:33:08.221 18216 18528 V FuseDaemon: do_lookup : parent_node = [node_path: /storage/emulated/3977852176] 
05-02 23:33:08.221 18216 18528 V FuseDaemon: make_node_entry : node = [node_path: /storage/emulated/3977852176/3977855152] 
05-02 23:33:08.221 18216 18528 V libfuse :    unique: 98, success, outsize: 1968
05-02 23:33:08.222 18216 18661 V libfuse : unique: 100, opcode: READDIR (28), nodeid: 3977852176, insize: 80, pid: 19219
05-02 23:33:08.222 18216 18661 V FuseDaemon: do_readdir_common : node = [node_path: /storage/emulated/3977852176] 
05-02 23:33:08.222 18216 18661 V libfuse :    unique: 100, success, outsize: 16
05-02 23:33:08.223 18216 18532 V libfuse : unique: 102, opcode: RELEASEDIR (29), nodeid: 3977852176, insize: 64, pid: 0
05-02 23:33:08.223 18216 18532 V FuseDaemon: pf_releasedir : node = [node_path: /storage/emulated/3977852176] 
05-02 23:33:08.223 18216 18532 V libfuse :    unique: 102, success, outsize: 16
05-02 23:33:08.359 18038 19738 W Conscrypt: Could not set socket write timeout: java.net.SocketException: Socket closed
05-02 23:33:08.359 18038 19738 W Conscrypt: 	at com.google.android.gms.org.conscrypt.Platform.setSocketWriteTimeout(:com.google.android.gms@201216040@20.12.16 (120700-306753009):2)
05-02 23:33:08.359 18038 19738 W Conscrypt: 	at com.google.android.gms.org.conscrypt.ConscryptFileDescriptorSocket.setSoWriteTimeout(:com.google.android.gms@201216040@20.12.16 (120700-306753009):0)
05-02 23:33:08.406 18038 19738 W Conscrypt: Could not set socket write timeout: java.net.SocketException: Socket closed
05-02 23:33:08.406 18038 19738 W Conscrypt: 	at com.google.android.gms.org.conscrypt.Platform.setSocketWriteTimeout(:com.google.android.gms@201216040@20.12.16 (120700-306753009):2)
05-02 23:33:08.406 18038 19738 W Conscrypt: 	at com.google.android.gms.org.conscrypt.ConscryptFileDescriptorSocket.setSoWriteTimeout(:com.google.android.gms@201216040@20.12.16 (120700-306753009):0)
05-02 23:33:08.723 17461 19931 W UriGrantsManagerService: No permission grants found for com.google.android.apps.photos
05-02 23:33:08.723 17461 19931 W UriGrantsManagerService: No permission grants found for com.google.android.apps.photos
05-02 23:33:08.730 17461 19931 D CompatibilityChangeReporter: Compat change id reported: 149924527; UID 10119; state: ENABLED
05-02 23:33:08.731 17461 19931 D CompatibilityChangeReporter: Compat change id reported: 132649864; UID 10119; state: DISABLED
05-02 23:33:08.732 18216 18280 W MediaProvider: Recovered abusive '_id DESC' and '75' from '_id DESC LIMIT 75'
05-02 23:33:08.733 18216 18280 D SQLiteQueryBuilder: SELECT _data, orientation, title, duration, _size, bucket_id, date_added, datetaken, date_modified, media_type, mime_type, width, _id, bucket_display_name, height FROM files WHERE ((is_pending=0) AND (is_trashed=0) AND (volume_name IN ( 'external_primary' ))) AND (((((media_type = 1 OR media_type = 3) AND (bucket_id IS NOT NULL OR _data IS NOT NULL)) AND (_id > ? OR date_modified >= ?) AND (_id != ? OR date_modified != ?)) AND (_id < ?))) ORDER BY _id DESC LIMIT 75
05-02 23:33:08.733 18216 18280 I CursorWindowStats: Created a new Cursor. # Open Cursors=1 (# cursors opened by pid 19287=1)
05-02 23:33:08.735 18216 18280 D SQLiteCursor: received count(*) from native_fill_window: 0
05-02 23:33:08.743 18216 18280 W MediaProvider: Recovered abusive '_id DESC' and '75' from '_id DESC LIMIT 75'
05-02 23:33:08.743 18216 18280 D SQLiteQueryBuilder: SELECT _data, orientation, title, duration, _size, bucket_id, date_added, datetaken, date_modified, media_type, mime_type, width, _id, bucket_display_name, height FROM files WHERE ((is_pending=0) AND (is_trashed=0) AND (volume_name IN ( 'external_primary' ))) AND ((((media_type = 1 OR media_type = 3) AND (bucket_id IS NOT NULL OR _data IS NOT NULL)) AND _id < ?)) ORDER BY _id DESC LIMIT 75
05-02 23:33:08.744 18216 18280 I CursorWindowStats: Created a new Cursor. # Open Cursors=1 (# cursors opened by pid 19287=1)
05-02 23:33:08.744 18216 18280 D SQLiteCursor: received count(*) from native_fill_window: 0
05-02 23:33:08.748 17461 19931 W UriGrantsManagerService: No permission grants found for com.google.android.apps.photos
05-02 23:33:08.752 18216 18280 W MediaProvider: Recovered abusive '_id DESC' and '75' from '_id DESC LIMIT 75'
05-02 23:33:08.753 18216 18280 D SQLiteQueryBuilder: SELECT _data, date_added, datetaken, date_modified, media_type, _id FROM files WHERE ((is_pending=0) AND (is_trashed=0) AND (volume_name IN ( 'external_primary' ))) AND (((((media_type = 1 OR media_type = 3) AND (bucket_id IS NOT NULL OR _data IS NOT NULL)) AND (_id > ? OR date_modified >= ?) AND (_id != ? OR date_modified != ?)) AND (_id < ?))) ORDER BY _id DESC LIMIT 75
05-02 23:33:08.754 18216 18280 I CursorWindowStats: Created a new Cursor. # Open Cursors=1 (# cursors opened by pid 19287=1)
05-02 23:33:08.754 18216 18280 D SQLiteCursor: received count(*) from native_fill_window: 0
05-02 23:33:08.760 18216 18280 W MediaProvider: Recovered abusive '_id DESC' and '75' from '_id DESC LIMIT 75'
05-02 23:33:08.760 18216 18280 D SQLiteQueryBuilder: SELECT _data, date_added, datetaken, date_modified, media_type, _id FROM files WHERE ((is_pending=0) AND (is_trashed=0) AND (volume_name IN ( 'external_primary' ))) AND ((((media_type = 1 OR media_type = 3) AND (bucket_id IS NOT NULL OR _data IS NOT NULL)) AND _id < ?)) ORDER BY _id DESC LIMIT 75
05-02 23:33:08.761 18216 18280 I CursorWindowStats: Created a new Cursor. # Open Cursors=1 (# cursors opened by pid 19287=1)
05-02 23:33:08.761 18216 18280 D SQLiteCursor: received count(*) from native_fill_window: 0
05-02 23:33:08.748 17461 19931 W UriGrantsManagerService: No permission grants found for com.google.android.apps.photos
05-02 23:33:08.770 17461 18143 W UriGrantsManagerService: No permission grants found for com.google.android.apps.photos
05-02 23:33:08.775 18216 18280 W MediaProvider: Recovered abusive '_id DESC' and '75' from '_id DESC LIMIT 75'
05-02 23:33:08.775 18216 18280 D SQLiteQueryBuilder: SELECT _data, orientation, title, duration, _size, bucket_id, date_added, datetaken, date_modified, media_type, mime_type, width, _id, bucket_display_name, height FROM files WHERE ((is_pending=0) AND (is_trashed=0) AND (volume_name IN ( 'external_primary' ))) AND (((((media_type = 1 OR media_type = 3) AND (bucket_id IS NOT NULL OR _data IS NOT NULL)) AND (_id > ? OR date_modified >= ?) AND (_id != ? OR date_modified != ?)) AND (_id < ?))) ORDER BY _id DESC LIMIT 75
05-02 23:33:08.776 18216 18280 I CursorWindowStats: Created a new Cursor. # Open Cursors=1 (# cursors opened by pid 19287=1)
05-02 23:33:08.777 18216 18280 D SQLiteCursor: received count(*) from native_fill_window: 0
05-02 23:33:08.782 18216 18280 W MediaProvider: Recovered abusive '_id DESC' and '75' from '_id DESC LIMIT 75'
05-02 23:33:08.782 18216 18280 D SQLiteQueryBuilder: SELECT _data, orientation, title, duration, _size, bucket_id, date_added, datetaken, date_modified, media_type, mime_type, width, _id, bucket_display_name, height FROM files WHERE ((is_pending=0) AND (is_trashed=0) AND (volume_name IN ( 'external_primary' ))) AND ((((media_type = 1 OR media_type = 3) AND (bucket_id IS NOT NULL OR _data IS NOT NULL)) AND _id < ?)) ORDER BY _id DESC LIMIT 75
05-02 23:33:08.783 18216 18280 I CursorWindowStats: Created a new Cursor. # Open Cursors=1 (# cursors opened by pid 19287=1)
05-02 23:33:08.783 18216 18280 D SQLiteCursor: received count(*) from native_fill_window: 0
05-02 23:33:09.013 20111 20129 D CompatibilityChangeReporter: Compat change id reported: 150939131; UID 10114; state: DISABLED
05-02 23:33:09.165 17461 18143 D WifiNl80211Manager: Scan result ready event
05-02 23:33:09.165 17461 18143 D WifiNative: Scan result ready event
05-02 23:33:08.770 17461 18143 W UriGrantsManagerService: No permission grants found for com.google.android.apps.photos
05-02 23:33:09.230 17461 19931 D CompatibilityChangeReporter: Compat change id reported: 124107808; UID 1001; state: ENABLED
05-02 23:33:09.480 17461 17484 W BroadcastQueue: Background execution not allowed: receiving Intent { act=android.intent.action.DROPBOX_ENTRY_ADDED flg=0x10 (has extras) } to com.google.android.gms/.stats.service.DropBoxEntryAddedReceiver
05-02 23:33:09.481 17461 17484 W BroadcastQueue: Background execution not allowed: receiving Intent { act=android.intent.action.DROPBOX_ENTRY_ADDED flg=0x10 (has extras) } to com.google.android.gms/.chimera.GmsIntentOperationService$PersistentTrustedReceiver
05-02 23:33:09.832 17461 19931 W ActivityManager: Background start not allowed: service Intent { cmp=com.google.android.apps.messaging/.shared.datamodel.action.execution.ActionExecutorImpl$EmptyService } to com.google.android.apps.messaging/.shared.datamodel.action.execution.ActionExecutorImpl$EmptyService from pid=20111 uid=10114 pkg=com.google.android.apps.messaging startFg?=false
05-02 23:33:09.833 20111 20111 W BugleDataModel: ActionExecutorImpl: Action started execution, but we can't guarantee it will complete, the app may be killed. Action: class com.google.android.apps.messaging.shared.datamodel.action.GenericWorkerQueueAction-GenericWorkerQueueAction:55427887010
05-02 23:33:09.833 20111 20111 W BugleDataModel: java.lang.IllegalStateException: Not allowed to start service Intent { cmp=com.google.android.apps.messaging/.shared.datamodel.action.execution.ActionExecutorImpl$EmptyService }: app is in background uid UidRecord{dd7b693 u0a114 CEM  idle change:cached procs:2 seq(0,0,0)}
05-02 23:33:09.833 20111 20111 W BugleDataModel: 	at android.app.ContextImpl.startServiceCommon(ContextImpl.java:1711)
05-02 23:33:09.833 20111 20111 W BugleDataModel: 	at android.app.ContextImpl.startService(ContextImpl.java:1666)
05-02 23:33:09.833 20111 20111 W BugleDataModel: 	at android.content.ContextWrapper.startService(ContextWrapper.java:720)
05-02 23:33:09.833 20111 20111 W BugleDataModel: 	at com.google.android.apps.messaging.shared.datamodel.action.execution.ActionExecutorImpl.a(PG:94)
05-02 23:33:09.833 20111 20111 W BugleDataModel: 	at com.google.android.apps.messaging.shared.datamodel.action.execution.ActionExecutorImpl.a(PG:89)
05-02 23:33:09.833 20111 20111 W BugleDataModel: 	at fib.c(PG:113)
05-02 23:33:09.833 20111 20111 W BugleDataModel: 	at fhy.run(PG:1)
05-02 23:33:09.833 20111 20111 W BugleDataModel: 	at zit.run(PG:3)
05-02 23:33:09.833 20111 20111 W BugleDataModel: 	at android.os.Handler.handleCallback(Handler.java:907)
05-02 23:33:09.833 20111 20111 W BugleDataModel: 	at android.os.Handler.dispatchMessage(Handler.java:99)
05-02 23:33:09.833 20111 20111 W BugleDataModel: 	at android.os.Looper.loop(Looper.java:223)
05-02 23:33:09.833 20111 20111 W BugleDataModel: 	at android.app.ActivityThread.main(ActivityThread.java:7476)
05-02 23:33:09.833 20111 20111 W BugleDataModel: 	at java.lang.reflect.Method.invoke(Native Method)
05-02 23:33:09.833 20111 20111 W BugleDataModel: 	at com.android.internal.os.RuntimeInit$MethodAndArgsCaller.run(RuntimeInit.java:549)
05-02 23:33:09.833 20111 20111 W BugleDataModel: 	at com.android.internal.os.ZygoteInit.main(ZygoteInit.java:939)
05-02 23:33:10.712 17461 17704 D WifiNl80211Manager: Scan result ready event
05-02 23:33:10.712 17461 17704 D WifiNative: Scan result ready event
05-02 23:33:12.372 20415 20432 D CompatibilityChangeReporter: Compat change id reported: 150939131; UID 10115; state: DISABLED
05-02 23:33:14.214 17925 18736 E BluetoothAdapter: Bluetooth binder is null
05-02 23:33:14.217 17925 18736 W Nearby  : Failed attempt #3 out of 3 for RestoreDeviceName [CONTEXT service_id=49 ]
05-02 23:33:14.217 17925 18736 W Nearby  : java.lang.IllegalStateException: BluetoothAdapter not ready yet!
05-02 23:33:14.217 17925 18736 W Nearby  : 	at ajey.d(:com.google.android.gms@201216040@20.12.16 (120700-306753009):2)
05-02 23:33:14.217 17925 18736 W Nearby  : 	at ajex.run(:com.google.android.gms@201216040@20.12.16 (120700-306753009):0)
05-02 23:33:14.217 17925 18736 W Nearby  : 	at bvhg.call(:com.google.android.gms@201216040@20.12.16 (120700-306753009):0)
05-02 23:33:14.217 17925 18736 W Nearby  : 	at bvhl.a(:com.google.android.gms@201216040@20.12.16 (120700-306753009):2)
05-02 23:33:14.217 17925 18736 W Nearby  : 	at bvhl.a(:com.google.android.gms@201216040@20.12.16 (120700-306753009):9)
05-02 23:33:14.217 17925 18736 W Nearby  : 	at ajew.run(:com.google.android.gms@201216040@20.12.16 (120700-306753009):2)
05-02 23:33:14.217 17925 18736 W Nearby  : 	at java.lang.Thread.run(Thread.java:923)
05-02 23:33:14.217 17925 18736 W Nearby  : 	at tgl.run(:com.google.android.gms@201216040@20.12.16 (120700-306753009):5)
05-02 23:33:14.217 17925 18736 W Nearby  : 	at java.util.concurrent.ThreadPoolExecutor.runWorker(ThreadPoolExecutor.java:1167)
05-02 23:33:14.217 17925 18736 W Nearby  : 	at java.util.concurrent.ThreadPoolExecutor$Worker.run(ThreadPoolExecutor.java:641)
05-02 23:33:14.217 17925 18736 W Nearby  : 	at tmm.run(:com.google.android.gms@201216040@20.12.16 (120700-306753009):0)
05-02 23:33:14.217 17925 18736 W Nearby  : 	at java.lang.Thread.run(Thread.java:923)
05-02 23:33:14.616 17461 17469 I system_server: Background concurrent copying GC freed 255130(10MB) AllocSpace objects, 41(2520KB) LOS objects, 50% free, 15MB/30MB, paused 459us total 132.238ms
05-02 23:33:14.621 17461 17470 W JavaBinder: BinderProxy is being destroyed but the application did not call unlinkToDeath to unlink all of its death recipients beforehand.  Releasing leaked death recipient: com.android.server.AlarmManagerService$2
05-02 23:33:14.621 17461 17470 I BpBinder: onLastStrongRef automatically unlinking death recipients: <uncached descriptor>
05-02 23:33:14.624 17461 17470 W JavaBinder: BinderProxy is being destroyed but the application did not call unlinkToDeath to unlink all of its death recipients beforehand.  Releasing leaked death recipient: com.android.server.AlarmManagerService$2
05-02 23:33:14.624 17461 17470 I BpBinder: onLastStrongRef automatically unlinking death recipients: <uncached descriptor>
05-02 23:33:14.631 17461 17470 W JavaBinder: BinderProxy is being destroyed but the application did not call unlinkToDeath to unlink all of its death recipients beforehand.  Releasing leaked death recipient: com.android.server.AlarmManagerService$2
05-02 23:33:14.631 17461 17470 I BpBinder: onLastStrongRef automatically unlinking death recipients: <uncached descriptor>
05-02 23:33:15.454 17461 19857 I WifiService: startScan uid=10096
05-02 23:33:16.564 17461 17704 I ActivityManager: Killing 19745:com.google.android.gms.ui/u0a103 (adj 985): empty #17
05-02 23:33:16.588 17398 17398 I Zygote  : Process 19745 exited due to signal 9 (Killed)
05-02 23:33:16.607 17461 17486 I libprocessgroup: Successfully killed process cgroup uid 10103 pid 19745 in 42ms
05-02 23:33:16.782 20535 20538 I cmd     : oneway function results will be dropped but finished with status OK and parcel size 4
05-02 23:33:16.830 20539 20541 I cmd     : oneway function results will be dropped but finished with status OK and parcel size 4
05-02 23:33:16.879 17461 18308 I ActivityManager: Force stopping org.chickenhook.chickenbinder appid=10155 user=0: from pid 20544
05-02 23:33:16.883 17461 18308 I ActivityManager: Killing 19653:com.google.android.permissioncontroller/u0a139 (adj 985): empty #17
05-02 23:33:16.890 20544 20546 I cmd     : oneway function results will be dropped but finished with status OK and parcel size 4
05-02 23:33:16.893 17398 17398 I Zygote  : Process 19653 exited due to signal 9 (Killed)
05-02 23:33:16.901 17755 17755 D CarrierSvcBindHelper: No carrier app for: 0
05-02 23:33:16.927 17461 17486 I libprocessgroup: Successfully killed process cgroup uid 10139 pid 19653 in 44ms
05-02 23:33:16.937 17461 19931 I ActivityTaskManager: START u0 {act=android.intent.action.MAIN cat=[android.intent.category.LAUNCHER] flg=0x10000000 cmp=org.chickenhook.chickenbinder/.MainActivity} from uid 2000
05-02 23:33:16.937 17461 17478 I EventSequenceValidator: Transition from ACTIVITY_FINISHED to INTENT_STARTED
05-02 23:33:16.952 20550 20552 I cmd     : oneway function results will be dropped but finished with status OK and parcel size 4
05-02 23:33:16.965 17461 17479 W System  : ClassLoader referenced unknown path: 
05-02 23:33:16.969 17461 17478 D CompatibilityChangeReporter: Compat change id reported: 135754954; UID 10155; state: DISABLED
05-02 23:33:16.969 17461 17478 D CompatibilityChangeReporter: Compat change id reported: 135634846; UID 10155; state: DISABLED
05-02 23:33:16.973 17461 17478 I EventSequenceValidator: Transition from INTENT_STARTED to ACTIVITY_LAUNCHED
05-02 23:33:16.987   363   363 D eglCodecCommon: allocate: Ask for block of size 0x925680
05-02 23:33:16.987   363   363 D eglCodecCommon: allocate: ioctl allocate returned offset 0x3f8f1f000 size 0x927000
05-02 23:33:17.005   235   235 I hwservicemanager: getTransport: Cannot find entry android.hardware.graphics.mapper@4.0::IMapper/default in either framework or device manifest.
05-02 23:33:17.005 17461 17479 I Gralloc4: mapper 4.x is not supported
05-02 23:33:17.007 17461 17479 D HostConnection: createUnique: call
05-02 23:33:17.007 17461 17479 D HostConnection: HostConnection::get() New Host Connection established 0xed1bbb90, tid 17479
05-02 23:33:17.007 17461 17479 D eglCodecCommon: allocate: Ask for block of size 0x100
05-02 23:33:17.007 17461 17479 D eglCodecCommon: allocate: ioctl allocate returned offset 0x3f9a95000 size 0x2000
05-02 23:33:17.027 17398 17398 D Zygote  : Forked child process 20553
05-02 23:33:17.032 17461 17485 W ActivityManager: Slow operation: 63ms so far, now at startProcess: returned from zygote!
05-02 23:33:17.033 17461 17485 W ActivityManager: Slow operation: 64ms so far, now at startProcess: done updating battery stats
05-02 23:33:17.033 17461 17485 W ActivityManager: Slow operation: 64ms so far, now at startProcess: building log message
05-02 23:33:17.033 17461 17485 I ActivityManager: Start proc 20553:org.chickenhook.chickenbinder/u0a155 for pre-top-activity {org.chickenhook.chickenbinder/org.chickenhook.chickenbinder.MainActivity}
05-02 23:33:17.033 17461 17485 W ActivityManager: Slow operation: 64ms so far, now at startProcess: starting to update pids map
05-02 23:33:17.034 17461 17485 W ActivityManager: Slow operation: 66ms so far, now at startProcess: done updating pids map
05-02 23:33:17.037 17461 17479 D HostConnection: HostComposition ext ANDROID_EMU_CHECKSUM_HELPER_v1 ANDROID_EMU_native_sync_v2 ANDROID_EMU_native_sync_v3 ANDROID_EMU_native_sync_v4 ANDROID_EMU_dma_v1 ANDROID_EMU_direct_mem ANDROID_EMU_host_composition_v1 ANDROID_EMU_host_composition_v2 ANDROID_EMU_YUV_Cache ANDROID_EMU_async_unmap_buffer GL_OES_vertex_array_object GL_KHR_texture_compression_astc_ldr ANDROID_EMU_gles_max_version_2 
05-02 23:33:17.041 20553 20553 I k.chickenbinde: Not late-enabling -Xcheck:jni (already on)
05-02 23:33:17.071 20553 20553 I k.chickenbinde: Unquickening 13 vdex files!
05-02 23:33:17.076 20553 20553 W k.chickenbinde: Unexpected CPU variant for X86 using defaults: x86
05-02 23:33:17.098  1997  2010 I adbd    : jdwp connection from 20553
05-02 23:33:17.116 17461 20265 W InputReader: Device virtio_input_multi_touch_6 is associated with display ADISPLAY_ID_NONE.
05-02 23:33:17.116 17461 20265 W InputReader: Device virtio_input_multi_touch_3 is associated with display ADISPLAY_ID_NONE.
05-02 23:33:17.116 17461 20265 W InputReader: Device virtio_input_multi_touch_8 is associated with display ADISPLAY_ID_NONE.
05-02 23:33:17.116 17461 20265 W InputReader: Device virtio_input_multi_touch_9 is associated with display ADISPLAY_ID_NONE.
05-02 23:33:17.116 17461 20265 W InputReader: Device virtio_input_multi_touch_7 is associated with display ADISPLAY_ID_NONE.
05-02 23:33:17.117 17461 20265 W InputReader: Device virtio_input_multi_touch_10 is associated with display ADISPLAY_ID_NONE.
05-02 23:33:17.117 17461 20265 W InputReader: Device virtio_input_multi_touch_4 is associated with display ADISPLAY_ID_NONE.
05-02 23:33:17.117 17461 20265 W InputReader: Device virtio_input_multi_touch_11 is associated with display ADISPLAY_ID_NONE.
05-02 23:33:17.117 17461 20265 W InputReader: Device virtio_input_multi_touch_5 is associated with display ADISPLAY_ID_NONE.
05-02 23:33:17.117 17461 20265 W InputReader: Device virtio_input_multi_touch_2 is associated with display ADISPLAY_ID_NONE.
05-02 23:33:17.117 17461 20265 W InputReader: Device virtio_input_multi_touch_6 is associated with display ADISPLAY_ID_NONE.
05-02 23:33:17.117 17461 20265 W InputReader: Device virtio_input_multi_touch_3 is associated with display ADISPLAY_ID_NONE.
05-02 23:33:17.117 17461 20265 W InputReader: Device virtio_input_multi_touch_8 is associated with display ADISPLAY_ID_NONE.
05-02 23:33:17.117 17461 20265 W InputReader: Device virtio_input_multi_touch_9 is associated with display ADISPLAY_ID_NONE.
05-02 23:33:17.117 17461 20265 W InputReader: Device virtio_input_multi_touch_7 is associated with display ADISPLAY_ID_NONE.
05-02 23:33:17.117 17461 20265 W InputReader: Device virtio_input_multi_touch_10 is associated with display ADISPLAY_ID_NONE.
05-02 23:33:17.118 17461 20265 W InputReader: Device virtio_input_multi_touch_4 is associated with display ADISPLAY_ID_NONE.
05-02 23:33:17.118 17461 20265 W InputReader: Device virtio_input_multi_touch_11 is associated with display ADISPLAY_ID_NONE.
05-02 23:33:17.118 17461 20265 W InputReader: Device virtio_input_multi_touch_5 is associated with display ADISPLAY_ID_NONE.
05-02 23:33:17.118 17461 20265 W InputReader: Device virtio_input_multi_touch_2 is associated with display ADISPLAY_ID_NONE.
05-02 23:33:17.147 20553 20553 I k.chickenbinde: The ClassLoaderContext is a special shared library.
05-02 23:33:17.174 20580 20582 I cmd     : oneway function results will be dropped but finished with status OK and parcel size 4
05-02 23:33:17.233 20553 20553 D NetworkSecurityConfig: No Network Security Config specified, using platform default
05-02 23:33:17.234 20553 20553 D NetworkSecurityConfig: No Network Security Config specified, using platform default
05-02 23:33:17.238 20553 20584 D native  : Found attached 0
05-02 23:33:17.238 20553 20584 D native  : Calling class is: java.lang.Class
05-02 23:33:17.239 20553 20585 D native  : Found attached 0
05-02 23:33:17.239 20553 20585 D native  : Calling class is: java.lang.Class
05-02 23:33:17.253 20553 20588 D libEGL  : loaded /vendor/lib/egl/libEGL_emulation.so
05-02 23:33:17.256 20553 20588 D libEGL  : loaded /vendor/lib/egl/libGLESv1_CM_emulation.so
05-02 23:33:17.258 20553 20588 D libEGL  : loaded /vendor/lib/egl/libGLESv2_emulation.so
05-02 23:33:17.403 18429 18429 I Finsky  : [2] JobSchedulerEngine$PhoneskyJobSchedulerJobService.onStartJob(3): SCH: onJobSchedulerWakeup with jobId 9007
05-02 23:33:17.407 18429 18429 I Finsky  : [2] uuj.a(19): Scheduling fallback job with id: 9034, and delay: 43200000 ms
05-02 23:33:17.419 17584 17584 D ImageWallpaper: wallpaper visibility changes: false
05-02 23:33:17.425 18429 18429 I Finsky  : [2] uuj.a(9): Scheduling fallback in 64799998 (absolute: 120246581)
05-02 23:33:17.433 17861 18413 D EGL_emulation: eglMakeCurrent: 0xecf81cf0: ver 2 0 (tinfo 0xed2f0ed0)
05-02 23:33:17.453 18509 18650 D EGL_emulation: eglMakeCurrent: 0xecfa0a00: ver 2 0 (tinfo 0xed2d8e90)
05-02 23:33:17.454 20553 20553 D MainActivity: Add hooks
05-02 23:33:17.469 20553 20553 I BinderHook: android.app.IActivityManager.Stub.Proxy Found method public void android.app.IActivityManager$Stub$Proxy.addInstrumentationResults(android.app.IApplicationThread,android.os.Bundle) throws android.os.RemoteException
05-02 23:33:17.469 20553 20553 I BinderHook: android.app.IActivityManager.Stub.Proxy Found method public void android.app.IActivityManager$Stub$Proxy.addPackageDependency(java.lang.String) throws android.os.RemoteException
05-02 23:33:17.469 20553 20553 I BinderHook: android.app.IActivityManager.Stub.Proxy Found method public void android.app.IActivityManager$Stub$Proxy.appNotResponding(java.lang.String) throws android.os.RemoteException
05-02 23:33:17.470 20553 20553 I BinderHook: android.app.IActivityManager.Stub.Proxy Found method public void android.app.IActivityManager$Stub$Proxy.appNotRespondingViaProvider(android.os.IBinder) throws android.os.RemoteException
05-02 23:33:17.470 20553 20553 I BinderHook: android.app.IActivityManager.Stub.Proxy Found method public android.os.IBinder android.app.IActivityManager$Stub$Proxy.asBinder()
05-02 23:33:17.470 20553 20553 I BinderHook: android.app.IActivityManager.Stub.Proxy Found method public void android.app.IActivityManager$Stub$Proxy.attachApplication(android.app.IApplicationThread,long) throws android.os.RemoteException
05-02 23:33:17.470 20553 20553 I BinderHook: android.app.IActivityManager.Stub.Proxy Found method public void android.app.IActivityManager$Stub$Proxy.backgroundWhitelistUid(int) throws android.os.RemoteException
05-02 23:33:17.470 20553 20553 I BinderHook: android.app.IActivityManager.Stub.Proxy Found method public void android.app.IActivityManager$Stub$Proxy.backupAgentCreated(java.lang.String,android.os.IBinder,int) throws android.os.RemoteException
05-02 23:33:17.470 20553 20553 I BinderHook: android.app.IActivityManager.Stub.Proxy Found method public boolean android.app.IActivityManager$Stub$Proxy.bindBackupAgent(java.lang.String,int,int) throws android.os.RemoteException
05-02 23:33:17.470 20553 20553 I BinderHook: android.app.IActivityManager.Stub.Proxy Found method public int android.app.IActivityManager$Stub$Proxy.bindIsolatedService(android.app.IApplicationThread,android.os.IBinder,android.content.Intent,java.lang.String,android.app.IServiceConnection,int,java.lang.String,java.lang.String,int) throws android.os.RemoteException
05-02 23:33:17.470 20553 20553 I BinderHook: android.app.IActivityManager.Stub.Proxy Found method public int android.app.IActivityManager$Stub$Proxy.bindService(android.app.IApplicationThread,android.os.IBinder,android.content.Intent,java.lang.String,android.app.IServiceConnection,int,java.lang.String,int) throws android.os.RemoteException
05-02 23:33:17.471 20553 20553 I BinderHook: android.app.IActivityManager.Stub.Proxy Found method public void android.app.IActivityManager$Stub$Proxy.bootAnimationComplete() throws android.os.RemoteException
05-02 23:33:17.471 20553 20553 I BinderHook: android.app.IActivityManager.Stub.Proxy Found method public int android.app.IActivityManager$Stub$Proxy.broadcastIntent(android.app.IApplicationThread,android.content.Intent,java.lang.String,android.content.IIntentReceiver,int,java.lang.String,android.os.Bundle,java.lang.String[],int,android.os.Bundle,boolean,boolean,int) throws android.os.RemoteException
05-02 23:33:17.471 20553 20553 I BinderHook: android.app.IActivityManager.Stub.Proxy Found method public int android.app.IActivityManager$Stub$Proxy.broadcastIntentWithFeature(android.app.IApplicationThread,java.lang.String,android.content.Intent,java.lang.String,android.content.IIntentReceiver,int,java.lang.String,android.os.Bundle,java.lang.String[],int,android.os.Bundle,boolean,boolean,int) throws android.os.RemoteException
05-02 23:33:17.471 20553 20553 I BinderHook: android.app.IActivityManager.Stub.Proxy Found method public void android.app.IActivityManager$Stub$Proxy.cancelIntentSender(android.content.IIntentSender) throws android.os.RemoteException
05-02 23:33:17.471 20553 20553 I BinderHook: android.app.IActivityManager.Stub.Proxy Found method public void android.app.IActivityManager$Stub$Proxy.cancelRecentsAnimation(boolean) throws android.os.RemoteException
05-02 23:33:17.471 20553 20553 I BinderHook: android.app.IActivityManager.Stub.Proxy Found method public void android.app.IActivityManager$Stub$Proxy.cancelTaskWindowTransition(int) throws android.os.RemoteException
05-02 23:33:17.471 20553 20553 I BinderHook: android.app.IActivityManager.Stub.Proxy Found method public int android.app.IActivityManager$Stub$Proxy.checkPermission(java.lang.String,int,int) throws android.os.RemoteException
05-02 23:33:17.471 20553 20553 I BinderHook: android.app.IActivityManager.Stub.Proxy Found method public int android.app.IActivityManager$Stub$Proxy.checkPermissionWithToken(java.lang.String,int,int,android.os.IBinder) throws android.os.RemoteException
05-02 23:33:17.472 20553 20553 I BinderHook: android.app.IActivityManager.Stub.Proxy Found method public int android.app.IActivityManager$Stub$Proxy.checkUriPermission(android.net.Uri,int,int,int,int,android.os.IBinder) throws android.os.RemoteException
05-02 23:33:17.472 20553 20553 I BinderHook: android.app.IActivityManager.Stub.Proxy Found method public boolean android.app.IActivityManager$Stub$Proxy.clearApplicationUserData(java.lang.String,boolean,android.content.pm.IPackageDataObserver,int) throws android.os.RemoteException
05-02 23:33:17.472 20553 20553 I BinderHook: android.app.IActivityManager.Stub.Proxy Found method public void android.app.IActivityManager$Stub$Proxy.closeSystemDialogs(java.lang.String) throws android.os.RemoteException
05-02 23:33:17.472 20553 20553 I BinderHook: android.app.IActivityManager.Stub.Proxy Found method public void android.app.IActivityManager$Stub$Proxy.crashApplication(int,int,java.lang.String,int,java.lang.String,boolean) throws android.os.RemoteException
05-02 23:33:17.472 20553 20553 I BinderHook: android.app.IActivityManager.Stub.Proxy Found method public boolean android.app.IActivityManager$Stub$Proxy.dumpHeap(java.lang.String,int,boolean,boolean,boolean,java.lang.String,android.os.ParcelFileDescriptor,android.os.RemoteCallback) throws android.os.RemoteException
05-02 23:33:17.472 20553 20553 I BinderHook: android.app.IActivityManager.Stub.Proxy Found method public void android.app.IActivityManager$Stub$Proxy.dumpHeapFinished(java.lang.String) throws android.os.RemoteException
05-02 23:33:17.472 20553 20553 I BinderHook: android.app.IActivityManager.Stub.Proxy Found method public void android.app.IActivityManager$Stub$Proxy.enterSafeMode() throws android.os.RemoteException
05-02 23:33:17.472 20553 20553 I BinderHook: android.app.IActivityManager.Stub.Proxy Found method public boolean java.lang.Object.equals(java.lang.Object)
05-02 23:33:17.472 20553 20553 I BinderHook: android.app.IActivityManager.Stub.Proxy Found method public boolean android.app.IActivityManager$Stub$Proxy.finishActivity(android.os.IBinder,int,android.content.Intent,int) throws android.os.RemoteException
05-02 23:33:17.473 20553 20553 I BinderHook: android.app.IActivityManager.Stub.Proxy Found method public void android.app.IActivityManager$Stub$Proxy.finishHeavyWeightApp() throws android.os.RemoteException
05-02 23:33:17.473 20553 20553 I BinderHook: android.app.IActivityManager.Stub.Proxy Found method public void android.app.IActivityManager$Stub$Proxy.finishInstrumentation(android.app.IApplicationThread,int,android.os.Bundle) throws android.os.RemoteException
05-02 23:33:17.473 20553 20553 I BinderHook: android.app.IActivityManager.Stub.Proxy Found method public void android.app.IActivityManager$Stub$Proxy.finishReceiver(android.os.IBinder,int,java.lang.String,android.os.Bundle,boolean,int) throws android.os.RemoteException
05-02 23:33:17.473 20553 20553 I BinderHook: android.app.IActivityManager.Stub.Proxy Found method public void android.app.IActivityManager$Stub$Proxy.forceStopPackage(java.lang.String,int) throws android.os.RemoteException
05-02 23:33:17.473 20553 20553 I BinderHook: android.app.IActivityManager.Stub.Proxy Found method public java.util.List android.app.IActivityManager$Stub$Proxy.getAllStackInfos() throws android.os.RemoteException
05-02 23:33:17.473 20553 20553 I BinderHook: android.app.IActivityManager.Stub.Proxy Found method public java.util.List android.app.IActivityManager$Stub$Proxy.getBugreportWhitelistedPackages() throws android.os.RemoteException
05-02 23:33:17.473 20553 20553 I BinderHook: android.app.IActivityManager.Stub.Proxy Found method public final java.lang.Class java.lang.Object.getClass()
05-02 23:33:17.473 20553 20553 I BinderHook: android.app.IActivityManager.Stub.Proxy Found method public android.content.res.Configuration android.app.IActivityManager$Stub$Proxy.getConfiguration() throws android.os.RemoteException
05-02 23:33:17.474 20553 20553 I BinderHook: android.app.IActivityManager.Stub.Proxy Found method public android.app.ContentProviderHolder android.app.IActivityManager$Stub$Proxy.getContentProvider(android.app.IApplicationThread,java.lang.String,java.lang.String,int,boolean) throws android.os.RemoteException
05-02 23:33:17.474 20553 20553 I BinderHook: android.app.IActivityManager.Stub.Proxy Found method public android.app.ContentProviderHolder android.app.IActivityManager$Stub$Proxy.getContentProviderExternal(java.lang.String,int,android.os.IBinder,java.lang.String) throws android.os.RemoteException
05-02 23:33:17.474 20553 20553 I BinderHook: android.app.IActivityManager.Stub.Proxy Found method public android.content.pm.UserInfo android.app.IActivityManager$Stub$Proxy.getCurrentUser() throws android.os.RemoteException
05-02 23:33:17.474 20553 20553 I BinderHook: android.app.IActivityManager.Stub.Proxy Found method public java.util.List android.app.IActivityManager$Stub$Proxy.getFilteredTasks(int,int,int) throws android.os.RemoteException
05-02 23:33:17.474 20553 20553 I BinderHook: android.app.IActivityManager.Stub.Proxy Found method public android.app.ActivityManager$StackInfo android.app.IActivityManager$Stub$Proxy.getFocusedStackInfo() throws android.os.RemoteException
05-02 23:33:17.475 20553 20553 I BinderHook: android.app.IActivityManager.Stub.Proxy Found method public int android.app.IActivityManager$Stub$Proxy.getForegroundServiceType(android.content.ComponentName,android.os.IBinder) throws android.os.RemoteException
05-02 23:33:17.475 20553 20553 I BinderHook: android.app.IActivityManager.Stub.Proxy Found method public android.content.pm.ParceledListSlice android.app.IActivityManager$Stub$Proxy.getHistoricalProcessExitReasons(java.lang.String,int,int,int) throws android.os.RemoteException
05-02 23:33:17.475 20553 20553 I BinderHook: android.app.IActivityManager.Stub.Proxy Found method public android.content.Intent android.app.IActivityManager$Stub$Proxy.getIntentForIntentSender(android.content.IIntentSender) throws android.os.RemoteException
