05-02 23:33:17.475 20553 20553 I BinderHook: android.app.IActivityManager.Stub.Proxy Found method public android.content.IIntentSender android.app.IActivityManager$Stub$Proxy.getIntentSender(int,java.lang.String,android.os.IBinder,java.lang.String,int,android.content.Intent[],java.lang.String[],int,android.os.Bundle,int) throws android.os.RemoteException
05-02 23:33:17.476 20553 20553 I BinderHook: android.app.IActivityManager.Stub.Proxy Found method public android.content.IIntentSender android.app.IActivityManager$Stub$Proxy.getIntentSenderWithFeature(int,java.lang.String,java.lang.String,android.os.IBinder,java.lang.String,int,android.content.Intent[],java.lang.String[],int,android.os.Bundle,int) throws android.os.RemoteException
05-02 23:33:17.476 20553 20553 I BinderHook: android.app.IActivityManager.Stub.Proxy Found method public java.lang.String android.app.IActivityManager$Stub$Proxy.getInterfaceDescriptor()
05-02 23:33:17.476 20553 20553 I BinderHook: android.app.IActivityManager.Stub.Proxy Found method public java.lang.String android.app.IActivityManager$Stub$Proxy.getLaunchedFromPackage(android.os.IBinder) throws android.os.RemoteException
05-02 23:33:17.476 20553 20553 I BinderHook: android.app.IActivityManager.Stub.Proxy Found method public int android.app.IActivityManager$Stub$Proxy.getLaunchedFromUid(android.os.IBinder) throws android.os.RemoteException
05-02 23:33:17.476 20553 20553 I BinderHook: android.app.IActivityManager.Stub.Proxy Found method public android.os.ParcelFileDescriptor android.app.IActivityManager$Stub$Proxy.getLifeMonitor() throws android.os.RemoteException
05-02 23:33:17.476 20553 20553 I BinderHook: android.app.IActivityManager.Stub.Proxy Found method public int android.app.IActivityManager$Stub$Proxy.getLockTaskModeState() throws android.os.RemoteException
05-02 23:33:17.477 20553 20553 I BinderHook: android.app.IActivityManager.Stub.Proxy Found method public void android.app.IActivityManager$Stub$Proxy.getMemoryInfo(android.app.ActivityManager$MemoryInfo) throws android.os.RemoteException
05-02 23:33:17.477 20553 20553 I BinderHook: android.app.IActivityManager.Stub.Proxy Found method public int android.app.IActivityManager$Stub$Proxy.getMemoryTrimLevel() throws android.os.RemoteException
05-02 23:33:17.477 20553 20553 I BinderHook: android.app.IActivityManager.Stub.Proxy Found method public void android.app.IActivityManager$Stub$Proxy.getMyMemoryState(android.app.ActivityManager$RunningAppProcessInfo) throws android.os.RemoteException
05-02 23:33:17.477 20553 20553 I BinderHook: android.app.IActivityManager.Stub.Proxy Found method public java.lang.String android.app.IActivityManager$Stub$Proxy.getPackageForIntentSender(android.content.IIntentSender) throws android.os.RemoteException
05-02 23:33:17.477 20553 20553 I BinderHook: android.app.IActivityManager.Stub.Proxy Found method public int android.app.IActivityManager$Stub$Proxy.getPackageProcessState(java.lang.String,java.lang.String) throws android.os.RemoteException
05-02 23:33:17.477 20553 20553 I BinderHook: android.app.IActivityManager.Stub.Proxy Found method public int android.app.IActivityManager$Stub$Proxy.getProcessLimit() throws android.os.RemoteException
05-02 23:33:17.477 20553 20553 I BinderHook: android.app.IActivityManager.Stub.Proxy Found method public android.os.Debug$MemoryInfo[] android.app.IActivityManager$Stub$Proxy.getProcessMemoryInfo(int[]) throws android.os.RemoteException
05-02 23:33:17.477 20553 20553 I BinderHook: android.app.IActivityManager.Stub.Proxy Found method public long[] android.app.IActivityManager$Stub$Proxy.getProcessPss(int[]) throws android.os.RemoteException
05-02 23:33:17.478 20553 20553 I BinderHook: android.app.IActivityManager.Stub.Proxy Found method public java.util.List android.app.IActivityManager$Stub$Proxy.getProcessesInErrorState() throws android.os.RemoteException
05-02 23:33:17.478 20553 20553 I BinderHook: android.app.IActivityManager.Stub.Proxy Found method public java.lang.String android.app.IActivityManager$Stub$Proxy.getProviderMimeType(android.net.Uri,int) throws android.os.RemoteException
05-02 23:33:17.478 20553 20553 I BinderHook: android.app.IActivityManager.Stub.Proxy Found method public void android.app.IActivityManager$Stub$Proxy.getProviderMimeTypeAsync(android.net.Uri,int,android.os.RemoteCallback) throws android.os.RemoteException
05-02 23:33:17.478 20553 20553 I BinderHook: android.app.IActivityManager.Stub.Proxy Found method public android.content.pm.ParceledListSlice android.app.IActivityManager$Stub$Proxy.getRecentTasks(int,int,int) throws android.os.RemoteException
05-02 23:33:17.479 20553 20553 I BinderHook: android.app.IActivityManager.Stub.Proxy Found method public java.util.List android.app.IActivityManager$Stub$Proxy.getRunningAppProcesses() throws android.os.RemoteException
05-02 23:33:17.479 20553 20553 I BinderHook: android.app.IActivityManager.Stub.Proxy Found method public java.util.List android.app.IActivityManager$Stub$Proxy.getRunningExternalApplications() throws android.os.RemoteException
05-02 23:33:17.479 20553 20553 I BinderHook: android.app.IActivityManager.Stub.Proxy Found method public android.app.PendingIntent android.app.IActivityManager$Stub$Proxy.getRunningServiceControlPanel(android.content.ComponentName) throws android.os.RemoteException
05-02 23:33:17.479 20553 20553 I BinderHook: android.app.IActivityManager.Stub.Proxy Found method public int[] android.app.IActivityManager$Stub$Proxy.getRunningUserIds() throws android.os.RemoteException
05-02 23:33:17.479 20553 20553 I BinderHook: android.app.IActivityManager.Stub.Proxy Found method public java.util.List android.app.IActivityManager$Stub$Proxy.getServices(int,int) throws android.os.RemoteException
05-02 23:33:17.480 20553 20553 I BinderHook: android.app.IActivityManager.Stub.Proxy Found method public java.lang.String android.app.IActivityManager$Stub$Proxy.getTagForIntentSender(android.content.IIntentSender,java.lang.String) throws android.os.RemoteException
05-02 23:33:17.480 20553 20553 I BinderHook: android.app.IActivityManager.Stub.Proxy Found method public android.graphics.Rect android.app.IActivityManager$Stub$Proxy.getTaskBounds(int) throws android.os.RemoteException
05-02 23:33:17.480 20553 20553 I BinderHook: android.app.IActivityManager.Stub.Proxy Found method public int android.app.IActivityManager$Stub$Proxy.getTaskForActivity(android.os.IBinder,boolean) throws android.os.RemoteException
05-02 23:33:17.480 20553 20553 I BinderHook: android.app.IActivityManager.Stub.Proxy Found method public android.app.ActivityManager$TaskSnapshot android.app.IActivityManager$Stub$Proxy.getTaskSnapshot(int,boolean) throws android.os.RemoteException
05-02 23:33:17.480 20553 20553 I BinderHook: android.app.IActivityManager.Stub.Proxy Found method public java.util.List android.app.IActivityManager$Stub$Proxy.getTasks(int) throws android.os.RemoteException
05-02 23:33:17.480 20553 20553 I BinderHook: android.app.IActivityManager.Stub.Proxy Found method public int android.app.IActivityManager$Stub$Proxy.getUidForIntentSender(android.content.IIntentSender) throws android.os.RemoteException
05-02 23:33:17.481 20553 20553 I BinderHook: android.app.IActivityManager.Stub.Proxy Found method public int android.app.IActivityManager$Stub$Proxy.getUidProcessState(int,java.lang.String) throws android.os.RemoteException
05-02 23:33:17.481 20553 20553 I BinderHook: android.app.IActivityManager.Stub.Proxy Found method public void android.app.IActivityManager$Stub$Proxy.grantUriPermission(android.app.IApplicationThread,java.lang.String,android.net.Uri,int,int) throws android.os.RemoteException
05-02 23:33:17.481 20553 20553 I BinderHook: android.app.IActivityManager.Stub.Proxy Found method public void android.app.IActivityManager$Stub$Proxy.handleApplicationCrash(android.os.IBinder,android.app.ApplicationErrorReport$ParcelableCrashInfo) throws android.os.RemoteException
05-02 23:33:17.481 20553 20553 I BinderHook: android.app.IActivityManager.Stub.Proxy Found method public void android.app.IActivityManager$Stub$Proxy.handleApplicationStrictModeViolation(android.os.IBinder,int,android.os.StrictMode$ViolationInfo) throws android.os.RemoteException
05-02 23:33:17.481 20553 20553 I BinderHook: android.app.IActivityManager.Stub.Proxy Found method public boolean android.app.IActivityManager$Stub$Proxy.handleApplicationWtf(android.os.IBinder,java.lang.String,boolean,android.app.ApplicationErrorReport$ParcelableCrashInfo,int) throws android.os.RemoteException
05-02 23:33:17.481 20553 20553 I BinderHook: android.app.IActivityManager.Stub.Proxy Found method public int android.app.IActivityManager$Stub$Proxy.handleIncomingUser(int,int,int,boolean,boolean,java.lang.String,java.lang.String) throws android.os.RemoteException
05-02 23:33:17.481 20553 20553 I BinderHook: android.app.IActivityManager.Stub.Proxy Found method public void android.app.IActivityManager$Stub$Proxy.hang(android.os.IBinder,boolean) throws android.os.RemoteException
05-02 23:33:17.481 20553 20553 I BinderHook: android.app.IActivityManager.Stub.Proxy Found method public int java.lang.Object.hashCode()
05-02 23:33:17.481 20553 20553 I BinderHook: android.app.IActivityManager.Stub.Proxy Found method public boolean android.app.IActivityManager$Stub$Proxy.isAppStartModeDisabled(int,java.lang.String) throws android.os.RemoteException
05-02 23:33:17.481 20553 20553 I BinderHook: android.app.IActivityManager.Stub.Proxy Found method public boolean android.app.IActivityManager$Stub$Proxy.isBackgroundRestricted(java.lang.String) throws android.os.RemoteException
05-02 23:33:17.481 20553 20553 I BinderHook: android.app.IActivityManager.Stub.Proxy Found method public boolean android.app.IActivityManager$Stub$Proxy.isInLockTaskMode() throws android.os.RemoteException
05-02 23:33:17.482 20553 20553 I BinderHook: android.app.IActivityManager.Stub.Proxy Found method public boolean android.app.IActivityManager$Stub$Proxy.isIntentSenderABroadcast(android.content.IIntentSender) throws android.os.RemoteException
05-02 23:33:17.482 20553 20553 I BinderHook: android.app.IActivityManager.Stub.Proxy Found method public boolean android.app.IActivityManager$Stub$Proxy.isIntentSenderAForegroundService(android.content.IIntentSender) throws android.os.RemoteException
05-02 23:33:17.482 20553 20553 I BinderHook: android.app.IActivityManager.Stub.Proxy Found method public boolean android.app.IActivityManager$Stub$Proxy.isIntentSenderAnActivity(android.content.IIntentSender) throws android.os.RemoteException
05-02 23:33:17.482 20553 20553 I BinderHook: android.app.IActivityManager.Stub.Proxy Found method public boolean android.app.IActivityManager$Stub$Proxy.isIntentSenderTargetedToPackage(android.content.IIntentSender) throws android.os.RemoteException
05-02 23:33:17.482 20553 20553 I BinderHook: android.app.IActivityManager.Stub.Proxy Found method public boolean android.app.IActivityManager$Stub$Proxy.isTopActivityImmersive() throws android.os.RemoteException
05-02 23:33:17.482 20553 20553 I BinderHook: android.app.IActivityManager.Stub.Proxy Found method public boolean android.app.IActivityManager$Stub$Proxy.isTopOfTask(android.os.IBinder) throws android.os.RemoteException
05-02 23:33:17.482 20553 20553 I BinderHook: android.app.IActivityManager.Stub.Proxy Found method public boolean android.app.IActivityManager$Stub$Proxy.isUidActive(int,java.lang.String) throws android.os.RemoteException
05-02 23:33:17.482 20553 20553 I BinderHook: android.app.IActivityManager.Stub.Proxy Found method public boolean android.app.IActivityManager$Stub$Proxy.isUserAMonkey() throws android.os.RemoteException
05-02 23:33:17.482 20553 20553 I BinderHook: android.app.IActivityManager.Stub.Proxy Found method public boolean android.app.IActivityManager$Stub$Proxy.isUserRunning(int,int) throws android.os.RemoteException
05-02 23:33:17.482 20553 20553 I BinderHook: android.app.IActivityManager.Stub.Proxy Found method public boolean android.app.IActivityManager$Stub$Proxy.isVrModePackageEnabled(android.content.ComponentName) throws android.os.RemoteException
05-02 23:33:17.482 20553 20553 I BinderHook: android.app.IActivityManager.Stub.Proxy Found method public void android.app.IActivityManager$Stub$Proxy.killAllBackgroundProcesses() throws android.os.RemoteException
05-02 23:33:17.482 20553 20553 I BinderHook: android.app.IActivityManager.Stub.Proxy Found method public void android.app.IActivityManager$Stub$Proxy.killApplication(java.lang.String,int,int,java.lang.String) throws android.os.RemoteException
05-02 23:33:17.483 20553 20553 I BinderHook: android.app.IActivityManager.Stub.Proxy Found method public void android.app.IActivityManager$Stub$Proxy.killApplicationProcess(java.lang.String,int) throws android.os.RemoteException
05-02 23:33:17.483 20553 20553 I BinderHook: android.app.IActivityManager.Stub.Proxy Found method public void android.app.IActivityManager$Stub$Proxy.killBackgroundProcesses(java.lang.String,int) throws android.os.RemoteException
05-02 23:33:17.483 20553 20553 I BinderHook: android.app.IActivityManager.Stub.Proxy Found method public void android.app.IActivityManager$Stub$Proxy.killPackageDependents(java.lang.String,int) throws android.os.RemoteException
05-02 23:33:17.483 20553 20553 I BinderHook: android.app.IActivityManager.Stub.Proxy Found method public boolean android.app.IActivityManager$Stub$Proxy.killPids(int[],java.lang.String,boolean) throws android.os.RemoteException
05-02 23:33:17.483 20553 20553 I BinderHook: android.app.IActivityManager.Stub.Proxy Found method public boolean android.app.IActivityManager$Stub$Proxy.killProcessesBelowForeground(java.lang.String) throws android.os.RemoteException
05-02 23:33:17.483 20553 20553 I BinderHook: android.app.IActivityManager.Stub.Proxy Found method public void android.app.IActivityManager$Stub$Proxy.killProcessesWhenImperceptible(int[],java.lang.String) throws android.os.RemoteException
05-02 23:33:17.483 20553 20553 I BinderHook: android.app.IActivityManager.Stub.Proxy Found method public void android.app.IActivityManager$Stub$Proxy.killUid(int,int,java.lang.String) throws android.os.RemoteException
05-02 23:33:17.483 20553 20553 I BinderHook: android.app.IActivityManager.Stub.Proxy Found method public boolean android.app.IActivityManager$Stub$Proxy.launchBugReportHandlerApp() throws android.os.RemoteException
05-02 23:33:17.483 20553 20553 I BinderHook: android.app.IActivityManager.Stub.Proxy Found method public void android.app.IActivityManager$Stub$Proxy.makePackageIdle(java.lang.String,int) throws android.os.RemoteException
05-02 23:33:17.483 20553 20553 I BinderHook: android.app.IActivityManager.Stub.Proxy Found method public boolean android.app.IActivityManager$Stub$Proxy.moveActivityTaskToBack(android.os.IBinder,boolean) throws android.os.RemoteException
05-02 23:33:17.483 20553 20553 I BinderHook: android.app.IActivityManager.Stub.Proxy Found method public void android.app.IActivityManager$Stub$Proxy.moveTaskToFront(android.app.IApplicationThread,java.lang.String,int,int,android.os.Bundle) throws android.os.RemoteException
05-02 23:33:17.483 20553 20553 I BinderHook: android.app.IActivityManager.Stub.Proxy Found method public void android.app.IActivityManager$Stub$Proxy.moveTaskToStack(int,int,boolean) throws android.os.RemoteException
05-02 23:33:17.484 20553 20553 I BinderHook: android.app.IActivityManager.Stub.Proxy Found method public boolean android.app.IActivityManager$Stub$Proxy.moveTopActivityToPinnedStack(int,android.graphics.Rect) throws android.os.RemoteException
05-02 23:33:17.484 20553 20553 I BinderHook: android.app.IActivityManager.Stub.Proxy Found method public void android.app.IActivityManager$Stub$Proxy.noteAlarmFinish(android.content.IIntentSender,android.os.WorkSource,int,java.lang.String) throws android.os.RemoteException
05-02 23:33:17.484 20553 20553 I BinderHook: android.app.IActivityManager.Stub.Proxy Found method public void android.app.IActivityManager$Stub$Proxy.noteAlarmStart(android.content.IIntentSender,android.os.WorkSource,int,java.lang.String) throws android.os.RemoteException
05-02 23:33:17.484 20553 20553 I BinderHook: android.app.IActivityManager.Stub.Proxy Found method public void android.app.IActivityManager$Stub$Proxy.noteWakeupAlarm(android.content.IIntentSender,android.os.WorkSource,int,java.lang.String,java.lang.String) throws android.os.RemoteException
05-02 23:33:17.484 20553 20553 I BinderHook: android.app.IActivityManager.Stub.Proxy Found method public final native void java.lang.Object.notify()
05-02 23:33:17.484 20553 20553 I BinderHook: android.app.IActivityManager.Stub.Proxy Found method public final native void java.lang.Object.notifyAll()
05-02 23:33:17.484 20553 20553 I BinderHook: android.app.IActivityManager.Stub.Proxy Found method public void android.app.IActivityManager$Stub$Proxy.notifyCleartextNetwork(int,byte[]) throws android.os.RemoteException
05-02 23:33:17.484 20553 20553 I BinderHook: android.app.IActivityManager.Stub.Proxy Found method public void android.app.IActivityManager$Stub$Proxy.notifyLockedProfile(int) throws android.os.RemoteException
05-02 23:33:17.484 20553 20553 I BinderHook: android.app.IActivityManager.Stub.Proxy Found method public android.os.ParcelFileDescriptor android.app.IActivityManager$Stub$Proxy.openContentUri(java.lang.String) throws android.os.RemoteException
05-02 23:33:17.484 20553 20553 I BinderHook: android.app.IActivityManager.Stub.Proxy Found method public android.os.IBinder android.app.IActivityManager$Stub$Proxy.peekService(android.content.Intent,java.lang.String,java.lang.String) throws android.os.RemoteException
05-02 23:33:17.484 20553 20553 I BinderHook: android.app.IActivityManager.Stub.Proxy Found method public void android.app.IActivityManager$Stub$Proxy.performIdleMaintenance() throws android.os.RemoteException
05-02 23:33:17.485 20553 20553 I BinderHook: android.app.IActivityManager.Stub.Proxy Found method public void android.app.IActivityManager$Stub$Proxy.positionTaskInStack(int,int,int) throws android.os.RemoteException
05-02 23:33:17.485 20553 20553 I BinderHook: android.app.IActivityManager.Stub.Proxy Found method public boolean android.app.IActivityManager$Stub$Proxy.profileControl(java.lang.String,int,boolean,android.app.ProfilerInfo,int) throws android.os.RemoteException
05-02 23:33:17.485 20553 20553 I BinderHook: android.app.IActivityManager.Stub.Proxy Found method public void android.app.IActivityManager$Stub$Proxy.publishContentProviders(android.app.IApplicationThread,java.util.List) throws android.os.RemoteException
05-02 23:33:17.485 20553 20553 I BinderHook: android.app.IActivityManager.Stub.Proxy Found method public void android.app.IActivityManager$Stub$Proxy.publishService(android.os.IBinder,android.content.Intent,android.os.IBinder) throws android.os.RemoteException
05-02 23:33:17.485 20553 20553 I BinderHook: android.app.IActivityManager.Stub.Proxy Found method public boolean android.app.IActivityManager$Stub$Proxy.refContentProvider(android.os.IBinder,int,int) throws android.os.RemoteException
05-02 23:33:17.485 20553 20553 I BinderHook: android.app.IActivityManager.Stub.Proxy Found method public void android.app.IActivityManager$Stub$Proxy.registerIntentSenderCancelListener(android.content.IIntentSender,com.android.internal.os.IResultReceiver) throws android.os.RemoteException
05-02 23:33:17.485 20553 20553 I BinderHook: android.app.IActivityManager.Stub.Proxy Found method public void android.app.IActivityManager$Stub$Proxy.registerProcessObserver(android.app.IProcessObserver) throws android.os.RemoteException
05-02 23:33:17.485 20553 20553 I BinderHook: android.app.IActivityManager.Stub.Proxy Found method public android.content.Intent android.app.IActivityManager$Stub$Proxy.registerReceiver(android.app.IApplicationThread,java.lang.String,android.content.IIntentReceiver,android.content.IntentFilter,java.lang.String,int,int) throws android.os.RemoteException
05-02 23:33:17.485 20553 20553 I BinderHook: android.app.IActivityManager.Stub.Proxy Found method public android.content.Intent android.app.IActivityManager$Stub$Proxy.registerReceiverWithFeature(android.app.IApplicationThread,java.lang.String,java.lang.String,android.content.IIntentReceiver,android.content.IntentFilter,java.lang.String,int,int) throws android.os.RemoteException
05-02 23:33:17.486 20553 20553 I BinderHook: android.app.IActivityManager.Stub.Proxy Found method public void android.app.IActivityManager$Stub$Proxy.registerTaskStackListener(android.app.ITaskStackListener) throws android.os.RemoteException
05-02 23:33:17.486 20553 20553 I BinderHook: android.app.IActivityManager.Stub.Proxy Found method public void android.app.IActivityManager$Stub$Proxy.registerUidObserver(android.app.IUidObserver,int,int,java.lang.String) throws android.os.RemoteException
05-02 23:33:17.486 20553 20553 I BinderHook: android.app.IActivityManager.Stub.Proxy Found method public void android.app.IActivityManager$Stub$Proxy.registerUserSwitchObserver(android.app.IUserSwitchObserver,java.lang.String) throws android.os.RemoteException
05-02 23:33:17.486 20553 20553 I BinderHook: android.app.IActivityManager.Stub.Proxy Found method public void android.app.IActivityManager$Stub$Proxy.removeContentProvider(android.os.IBinder,boolean) throws android.os.RemoteException
05-02 23:33:17.486 20553 20553 I BinderHook: android.app.IActivityManager.Stub.Proxy Found method public void android.app.IActivityManager$Stub$Proxy.removeContentProviderExternal(java.lang.String,android.os.IBinder) throws android.os.RemoteException
05-02 23:33:17.486 20553 20553 I BinderHook: android.app.IActivityManager.Stub.Proxy Found method public void android.app.IActivityManager$Stub$Proxy.removeContentProviderExternalAsUser(java.lang.String,android.os.IBinder,int) throws android.os.RemoteException
05-02 23:33:17.486 20553 20553 I BinderHook: android.app.IActivityManager.Stub.Proxy Found method public void android.app.IActivityManager$Stub$Proxy.removeStack(int) throws android.os.RemoteException
05-02 23:33:17.486 20553 20553 I BinderHook: android.app.IActivityManager.Stub.Proxy Found method public boolean android.app.IActivityManager$Stub$Proxy.removeTask(int) throws android.os.RemoteException
05-02 23:33:17.486 20553 20553 I BinderHook: android.app.IActivityManager.Stub.Proxy Found method public void android.app.IActivityManager$Stub$Proxy.requestBugReport(int) throws android.os.RemoteException
05-02 23:33:17.486 20553 20553 I BinderHook: android.app.IActivityManager.Stub.Proxy Found method public void android.app.IActivityManager$Stub$Proxy.requestBugReportWithDescription(java.lang.String,java.lang.String,int) throws android.os.RemoteException
05-02 23:33:17.486 20553 20553 I BinderHook: android.app.IActivityManager.Stub.Proxy Found method public void android.app.IActivityManager$Stub$Proxy.requestFullBugReport() throws android.os.RemoteException
05-02 23:33:17.487 20553 20553 I BinderHook: android.app.IActivityManager.Stub.Proxy Found method public void android.app.IActivityManager$Stub$Proxy.requestInteractiveBugReport() throws android.os.RemoteException
05-02 23:33:17.487 20553 20553 I BinderHook: android.app.IActivityManager.Stub.Proxy Found method public void android.app.IActivityManager$Stub$Proxy.requestInteractiveBugReportWithDescription(java.lang.String,java.lang.String) throws android.os.RemoteException
05-02 23:33:17.487 20553 20553 I BinderHook: android.app.IActivityManager.Stub.Proxy Found method public void android.app.IActivityManager$Stub$Proxy.requestRemoteBugReport() throws android.os.RemoteException
05-02 23:33:17.487 20553 20553 I BinderHook: android.app.IActivityManager.Stub.Proxy Found method public void android.app.IActivityManager$Stub$Proxy.requestSystemServerHeapDump() throws android.os.RemoteException
05-02 23:33:17.487 20553 20553 I BinderHook: android.app.IActivityManager.Stub.Proxy Found method public void android.app.IActivityManager$Stub$Proxy.requestTelephonyBugReport(java.lang.String,java.lang.String) throws android.os.RemoteException
05-02 23:33:17.487 20553 20553 I BinderHook: android.app.IActivityManager.Stub.Proxy Found method public void android.app.IActivityManager$Stub$Proxy.requestWifiBugReport(java.lang.String,java.lang.String) throws android.os.RemoteException
05-02 23:33:17.487 20553 20553 I BinderHook: android.app.IActivityManager.Stub.Proxy Found method public void android.app.IActivityManager$Stub$Proxy.resizeTask(int,android.graphics.Rect,int) throws android.os.RemoteException
05-02 23:33:17.487 20553 20553 I BinderHook: android.app.IActivityManager.Stub.Proxy Found method public void android.app.IActivityManager$Stub$Proxy.restart() throws android.os.RemoteException
05-02 23:33:17.487 20553 20553 I BinderHook: android.app.IActivityManager.Stub.Proxy Found method public int android.app.IActivityManager$Stub$Proxy.restartUserInBackground(int) throws android.os.RemoteException
05-02 23:33:17.487 20553 20553 I BinderHook: android.app.IActivityManager.Stub.Proxy Found method public void android.app.IActivityManager$Stub$Proxy.resumeAppSwitches() throws android.os.RemoteException
05-02 23:33:17.488 20553 20553 I BinderHook: android.app.IActivityManager.Stub.Proxy Found method public void android.app.IActivityManager$Stub$Proxy.revokeUriPermission(android.app.IApplicationThread,java.lang.String,android.net.Uri,int,int) throws android.os.RemoteException
05-02 23:33:17.488 20553 20553 I BinderHook: android.app.IActivityManager.Stub.Proxy Found method public void android.app.IActivityManager$Stub$Proxy.scheduleApplicationInfoChanged(java.util.List,int) throws android.os.RemoteException
05-02 23:33:17.488 20553 20553 I BinderHook: android.app.IActivityManager.Stub.Proxy Found method public void android.app.IActivityManager$Stub$Proxy.sendIdleJobTrigger() throws android.os.RemoteException
05-02 23:33:17.489 20553 20553 I BinderHook: android.app.IActivityManager.Stub.Proxy Found method public int android.app.IActivityManager$Stub$Proxy.sendIntentSender(android.content.IIntentSender,android.os.IBinder,int,android.content.Intent,java.lang.String,android.content.IIntentReceiver,java.lang.String,android.os.Bundle) throws android.os.RemoteException
05-02 23:33:17.489 18429 18429 I Finsky  : [2] uus.handleMessage(6): SCH: DeviceState: DeviceState{currentTime=1588455197481, isCharging=false, isIdle=false, netAny=true, netNotRoaming=true, netUnmetered=true, batteryPercent=100.0}
05-02 23:33:17.489 20553 20553 I BinderHook: android.app.IActivityManager.Stub.Proxy Found method public void android.app.IActivityManager$Stub$Proxy.serviceDoneExecuting(android.os.IBinder,int,int,int) throws android.os.RemoteException
05-02 23:33:17.489 20553 20553 I BinderHook: android.app.IActivityManager.Stub.Proxy Found method public void android.app.IActivityManager$Stub$Proxy.setActivityController(android.app.IActivityController,boolean) throws android.os.RemoteException
05-02 23:33:17.489 20553 20553 I BinderHook: android.app.IActivityManager.Stub.Proxy Found method public void android.app.IActivityManager$Stub$Proxy.setActivityLocusContext(android.content.ComponentName,android.content.LocusId,android.os.IBinder) throws android.os.RemoteException
05-02 23:33:17.489 20553 20553 I BinderHook: android.app.IActivityManager.Stub.Proxy Found method public void android.app.IActivityManager$Stub$Proxy.setAgentApp(java.lang.String,java.lang.String) throws android.os.RemoteException
05-02 23:33:17.489 20553 20553 I BinderHook: android.app.IActivityManager.Stub.Proxy Found method public void android.app.IActivityManager$Stub$Proxy.setAlwaysFinish(boolean) throws android.os.RemoteException
05-02 23:33:17.489 20553 20553 I BinderHook: android.app.IActivityManager.Stub.Proxy Found method public void android.app.IActivityManager$Stub$Proxy.setDebugApp(java.lang.String,boolean,boolean) throws android.os.RemoteException
05-02 23:33:17.489 20553 20553 I BinderHook: android.app.IActivityManager.Stub.Proxy Found method public void android.app.IActivityManager$Stub$Proxy.setDumpHeapDebugLimit(java.lang.String,int,long,java.lang.String) throws android.os.RemoteException
05-02 23:33:17.489 20553 20553 I BinderHook: android.app.IActivityManager.Stub.Proxy Found method public void android.app.IActivityManager$Stub$Proxy.setFocusedStack(int) throws android.os.RemoteException
05-02 23:33:17.489 20553 20553 I BinderHook: android.app.IActivityManager.Stub.Proxy Found method public void android.app.IActivityManager$Stub$Proxy.setHasTopUi(boolean) throws android.os.RemoteException
05-02 23:33:17.489 20553 20553 I BinderHook: android.app.IActivityManager.Stub.Proxy Found method public void android.app.IActivityManager$Stub$Proxy.setPackageScreenCompatMode(java.lang.String,int) throws android.os.RemoteException
05-02 23:33:17.489 20553 20553 I BinderHook: android.app.IActivityManager.Stub.Proxy Found method public void android.app.IActivityManager$Stub$Proxy.setPersistentVrThread(int) throws android.os.RemoteException
05-02 23:33:17.489 20553 20553 I BinderHook: android.app.IActivityManager.Stub.Proxy Found method public void android.app.IActivityManager$Stub$Proxy.setProcessImportant(android.os.IBinder,int,boolean,java.lang.String) throws android.os.RemoteException
05-02 23:33:17.490 20553 20553 I BinderHook: android.app.IActivityManager.Stub.Proxy Found method public void android.app.IActivityManager$Stub$Proxy.setProcessLimit(int) throws android.os.RemoteException
05-02 23:33:17.490 20553 20553 I BinderHook: android.app.IActivityManager.Stub.Proxy Found method public boolean android.app.IActivityManager$Stub$Proxy.setProcessMemoryTrimLevel(java.lang.String,int,int) throws android.os.RemoteException
05-02 23:33:17.490 20553 20553 I BinderHook: android.app.IActivityManager.Stub.Proxy Found method public void android.app.IActivityManager$Stub$Proxy.setProcessStateSummary(byte[]) throws android.os.RemoteException
05-02 23:33:17.490 20553 20553 I BinderHook: android.app.IActivityManager.Stub.Proxy Found method public void android.app.IActivityManager$Stub$Proxy.setRenderThread(int) throws android.os.RemoteException
05-02 23:33:17.490 20553 20553 I BinderHook: android.app.IActivityManager.Stub.Proxy Found method public void android.app.IActivityManager$Stub$Proxy.setRequestedOrientation(android.os.IBinder,int) throws android.os.RemoteException
05-02 23:33:17.490 20553 20553 I BinderHook: android.app.IActivityManager.Stub.Proxy Found method public void android.app.IActivityManager$Stub$Proxy.setServiceForeground(android.content.ComponentName,android.os.IBinder,int,android.app.Notification,int,int) throws android.os.RemoteException
05-02 23:33:17.490 20553 20553 I BinderHook: android.app.IActivityManager.Stub.Proxy Found method public void android.app.IActivityManager$Stub$Proxy.setTaskResizeable(int,int) throws android.os.RemoteException
05-02 23:33:17.490 20553 20553 I BinderHook: android.app.IActivityManager.Stub.Proxy Found method public void android.app.IActivityManager$Stub$Proxy.setUserIsMonkey(boolean) throws android.os.RemoteException
05-02 23:33:17.490 20553 20553 I BinderHook: android.app.IActivityManager.Stub.Proxy Found method public void android.app.IActivityManager$Stub$Proxy.showBootMessage(java.lang.CharSequence,boolean) throws android.os.RemoteException
05-02 23:33:17.490 20553 20553 I BinderHook: android.app.IActivityManager.Stub.Proxy Found method public void android.app.IActivityManager$Stub$Proxy.showWaitingForDebugger(android.app.IApplicationThread,boolean) throws android.os.RemoteException
05-02 23:33:17.491 20553 20553 I BinderHook: android.app.IActivityManager.Stub.Proxy Found method public boolean android.app.IActivityManager$Stub$Proxy.shutdown(int) throws android.os.RemoteException
05-02 23:33:17.491 20553 20553 I BinderHook: android.app.IActivityManager.Stub.Proxy Found method public void android.app.IActivityManager$Stub$Proxy.signalPersistentProcesses(int) throws android.os.RemoteException
05-02 23:33:17.491 20553 20553 I BinderHook: android.app.IActivityManager.Stub.Proxy Found method public int android.app.IActivityManager$Stub$Proxy.startActivity(android.app.IApplicationThread,java.lang.String,android.content.Intent,java.lang.String,android.os.IBinder,java.lang.String,int,int,android.app.ProfilerInfo,android.os.Bundle) throws android.os.RemoteException
05-02 23:33:17.491 20553 20553 I BinderHook: android.app.IActivityManager.Stub.Proxy Found method public int android.app.IActivityManager$Stub$Proxy.startActivityAsUser(android.app.IApplicationThread,java.lang.String,android.content.Intent,java.lang.String,android.os.IBinder,java.lang.String,int,int,android.app.ProfilerInfo,android.os.Bundle,int) throws android.os.RemoteException
05-02 23:33:17.491 20553 20553 I BinderHook: android.app.IActivityManager.Stub.Proxy Found method public int android.app.IActivityManager$Stub$Proxy.startActivityAsUserWithFeature(android.app.IApplicationThread,java.lang.String,java.lang.String,android.content.Intent,java.lang.String,android.os.IBinder,java.lang.String,int,int,android.app.ProfilerInfo,android.os.Bundle,int) throws android.os.RemoteException
05-02 23:33:17.491 20553 20553 I BinderHook: android.app.IActivityManager.Stub.Proxy Found method public int android.app.IActivityManager$Stub$Proxy.startActivityFromRecents(int,android.os.Bundle) throws android.os.RemoteException
05-02 23:33:17.491 20553 20553 I BinderHook: android.app.IActivityManager.Stub.Proxy Found method public int android.app.IActivityManager$Stub$Proxy.startActivityWithFeature(android.app.IApplicationThread,java.lang.String,java.lang.String,android.content.Intent,java.lang.String,android.os.IBinder,java.lang.String,int,int,android.app.ProfilerInfo,android.os.Bundle) throws android.os.RemoteException
05-02 23:33:17.492 20553 20553 I BinderHook: android.app.IActivityManager.Stub.Proxy Found method public boolean android.app.IActivityManager$Stub$Proxy.startBinderTracking() throws android.os.RemoteException
05-02 23:33:17.492 20553 20553 I BinderHook: android.app.IActivityManager.Stub.Proxy Found method public void android.app.IActivityManager$Stub$Proxy.startConfirmDeviceCredentialIntent(android.content.Intent,android.os.Bundle) throws android.os.RemoteException
05-02 23:33:17.492 20553 20553 I BinderHook: android.app.IActivityManager.Stub.Proxy Found method public void android.app.IActivityManager$Stub$Proxy.startDelegateShellPermissionIdentity(int,java.lang.String[]) throws android.os.RemoteException
05-02 23:33:17.492 20553 20553 I BinderHook: android.app.IActivityManager.Stub.Proxy Found method public boolean android.app.IActivityManager$Stub$Proxy.startInstrumentation(android.content.ComponentName,java.lang.String,int,android.os.Bundle,android.app.IInstrumentationWatcher,android.app.IUiAutomationConnection,int,java.lang.String) throws android.os.RemoteException
05-02 23:33:17.492 20553 20553 I BinderHook: android.app.IActivityManager.Stub.Proxy Found method public void android.app.IActivityManager$Stub$Proxy.startRecentsActivity(android.content.Intent,android.app.IAssistDataReceiver,android.view.IRecentsAnimationRunner) throws android.os.RemoteException
05-02 23:33:17.493 20553 20553 I BinderHook: android.app.IActivityManager.Stub.Proxy Found method public android.content.ComponentName android.app.IActivityManager$Stub$Proxy.startService(android.app.IApplicationThread,android.content.Intent,java.lang.String,boolean,java.lang.String,java.lang.String,int) throws android.os.RemoteException
05-02 23:33:17.493 20553 20553 I BinderHook: android.app.IActivityManager.Stub.Proxy Found method public void android.app.IActivityManager$Stub$Proxy.startSystemLockTaskMode(int) throws android.os.RemoteException
05-02 23:33:17.493 20553 20553 I BinderHook: android.app.IActivityManager.Stub.Proxy Found method public boolean android.app.IActivityManager$Stub$Proxy.startUserInBackground(int) throws android.os.RemoteException
05-02 23:33:17.493 20553 20553 I BinderHook: android.app.IActivityManager.Stub.Proxy Found method public boolean android.app.IActivityManager$Stub$Proxy.startUserInBackgroundWithListener(int,android.os.IProgressListener) throws android.os.RemoteException
05-02 23:33:17.493 20553 20553 I BinderHook: android.app.IActivityManager.Stub.Proxy Found method public boolean android.app.IActivityManager$Stub$Proxy.startUserInForegroundWithListener(int,android.os.IProgressListener) throws android.os.RemoteException
05-02 23:33:17.493 20553 20553 I BinderHook: android.app.IActivityManager.Stub.Proxy Found method public void android.app.IActivityManager$Stub$Proxy.stopAppSwitches() throws android.os.RemoteException
05-02 23:33:17.494 20553 20553 I BinderHook: android.app.IActivityManager.Stub.Proxy Found method public boolean android.app.IActivityManager$Stub$Proxy.stopBinderTrackingAndDump(android.os.ParcelFileDescriptor) throws android.os.RemoteException
05-02 23:33:17.494 20553 20553 I BinderHook: android.app.IActivityManager.Stub.Proxy Found method public void android.app.IActivityManager$Stub$Proxy.stopDelegateShellPermissionIdentity() throws android.os.RemoteException
05-02 23:33:17.494 20553 20553 I BinderHook: android.app.IActivityManager.Stub.Proxy Found method public int android.app.IActivityManager$Stub$Proxy.stopService(android.app.IApplicationThread,android.content.Intent,java.lang.String,int) throws android.os.RemoteException
05-02 23:33:17.494 20553 20553 I BinderHook: android.app.IActivityManager.Stub.Proxy Found method public boolean android.app.IActivityManager$Stub$Proxy.stopServiceToken(android.content.ComponentName,android.os.IBinder,int) throws android.os.RemoteException
05-02 23:33:17.494 20553 20553 I BinderHook: android.app.IActivityManager.Stub.Proxy Found method public int android.app.IActivityManager$Stub$Proxy.stopUser(int,boolean,android.app.IStopUserCallback) throws android.os.RemoteException
05-02 23:33:17.494 20553 20553 I BinderHook: android.app.IActivityManager.Stub.Proxy Found method public int android.app.IActivityManager$Stub$Proxy.stopUserWithDelayedLocking(int,boolean,android.app.IStopUserCallback) throws android.os.RemoteException
05-02 23:33:17.494 20553 20553 I BinderHook: android.app.IActivityManager.Stub.Proxy Found method public void android.app.IActivityManager$Stub$Proxy.suppressResizeConfigChanges(boolean) throws android.os.RemoteException
05-02 23:33:17.497 20553 20553 I BinderHook: android.app.IActivityManager.Stub.Proxy Found method public boolean android.app.IActivityManager$Stub$Proxy.switchUser(int) throws android.os.RemoteException
05-02 23:33:17.497 20553 20553 I BinderHook: android.app.IActivityManager.Stub.Proxy Found method public java.lang.String java.lang.Object.toString()
05-02 23:33:17.498 18429 18543 I Finsky  : [155] uxg.a(7): SCH: Jobs in database: 1-1337 3-21 3-22 26-1414141414 29-29 
05-02 23:33:17.498 20553 20553 I BinderHook: android.app.IActivityManager.Stub.Proxy Found method public void android.app.IActivityManager$Stub$Proxy.unbindBackupAgent(android.content.pm.ApplicationInfo) throws android.os.RemoteException
05-02 23:33:17.499 20553 20553 I BinderHook: android.app.IActivityManager.Stub.Proxy Found method public void android.app.IActivityManager$Stub$Proxy.unbindFinished(android.os.IBinder,android.content.Intent,boolean) throws android.os.RemoteException
05-02 23:33:17.499 20553 20553 I BinderHook: android.app.IActivityManager.Stub.Proxy Found method public boolean android.app.IActivityManager$Stub$Proxy.unbindService(android.app.IServiceConnection) throws android.os.RemoteException
05-02 23:33:17.499 20553 20553 I BinderHook: android.app.IActivityManager.Stub.Proxy Found method public void android.app.IActivityManager$Stub$Proxy.unbroadcastIntent(android.app.IApplicationThread,android.content.Intent,int) throws android.os.RemoteException
05-02 23:33:17.499 20553 20553 I BinderHook: android.app.IActivityManager.Stub.Proxy Found method public void android.app.IActivityManager$Stub$Proxy.unhandledBack() throws android.os.RemoteException
05-02 23:33:17.500 20553 20553 I BinderHook: android.app.IActivityManager.Stub.Proxy Found method public boolean android.app.IActivityManager$Stub$Proxy.unlockUser(int,byte[],byte[],android.os.IProgressListener) throws android.os.RemoteException
05-02 23:33:17.500 20553 20553 I BinderHook: android.app.IActivityManager.Stub.Proxy Found method public void android.app.IActivityManager$Stub$Proxy.unregisterIntentSenderCancelListener(android.content.IIntentSender,com.android.internal.os.IResultReceiver) throws android.os.RemoteException
05-02 23:33:17.500 20553 20553 I BinderHook: android.app.IActivityManager.Stub.Proxy Found method public void android.app.IActivityManager$Stub$Proxy.unregisterProcessObserver(android.app.IProcessObserver) throws android.os.RemoteException
05-02 23:33:17.500 20553 20553 I BinderHook: android.app.IActivityManager.Stub.Proxy Found method public void android.app.IActivityManager$Stub$Proxy.unregisterReceiver(android.content.IIntentReceiver) throws android.os.RemoteException
05-02 23:33:17.500 20553 20553 I BinderHook: android.app.IActivityManager.Stub.Proxy Found method public void android.app.IActivityManager$Stub$Proxy.unregisterTaskStackListener(android.app.ITaskStackListener) throws android.os.RemoteException
05-02 23:33:17.500 20553 20553 I BinderHook: android.app.IActivityManager.Stub.Proxy Found method public void android.app.IActivityManager$Stub$Proxy.unregisterUidObserver(android.app.IUidObserver) throws android.os.RemoteException
05-02 23:33:17.501 20553 20553 I BinderHook: android.app.IActivityManager.Stub.Proxy Found method public void android.app.IActivityManager$Stub$Proxy.unregisterUserSwitchObserver(android.app.IUserSwitchObserver) throws android.os.RemoteException
05-02 23:33:17.501 20553 20553 I BinderHook: android.app.IActivityManager.Stub.Proxy Found method public void android.app.IActivityManager$Stub$Proxy.unstableProviderDied(android.os.IBinder) throws android.os.RemoteException
05-02 23:33:17.501 20553 20553 I BinderHook: android.app.IActivityManager.Stub.Proxy Found method public boolean android.app.IActivityManager$Stub$Proxy.updateConfiguration(android.content.res.Configuration) throws android.os.RemoteException
05-02 23:33:17.501 20553 20553 I BinderHook: android.app.IActivityManager.Stub.Proxy Found method public void android.app.IActivityManager$Stub$Proxy.updateDeviceOwner(java.lang.String) throws android.os.RemoteException
05-02 23:33:17.501 20553 20553 I BinderHook: android.app.IActivityManager.Stub.Proxy Found method public void android.app.IActivityManager$Stub$Proxy.updateLockTaskPackages(int,java.lang.String[]) throws android.os.RemoteException
05-02 23:33:17.502 20553 20553 I BinderHook: android.app.IActivityManager.Stub.Proxy Found method public boolean android.app.IActivityManager$Stub$Proxy.updateMccMncConfiguration(java.lang.String,java.lang.String) throws android.os.RemoteException
05-02 23:33:17.502 18429 18429 I Finsky  : [2] uut.a(18): SCH: Running job: 29-29
05-02 23:33:17.502 20553 20553 I BinderHook: android.app.IActivityManager.Stub.Proxy Found method public void android.app.IActivityManager$Stub$Proxy.updatePersistentConfiguration(android.content.res.Configuration) throws android.os.RemoteException
05-02 23:33:17.502 20553 20553 I BinderHook: android.app.IActivityManager.Stub.Proxy Found method public void android.app.IActivityManager$Stub$Proxy.updateServiceGroup(android.app.IServiceConnection,int,int) throws android.os.RemoteException
05-02 23:33:17.502 20553 20553 I BinderHook: android.app.IActivityManager.Stub.Proxy Found method public final void java.lang.Object.wait() throws java.lang.InterruptedException
05-02 23:33:17.502 20553 20553 I BinderHook: android.app.IActivityManager.Stub.Proxy Found method public final void java.lang.Object.wait(long) throws java.lang.InterruptedException
05-02 23:33:17.502 20553 20553 I BinderHook: android.app.IActivityManager.Stub.Proxy Found method public final native void java.lang.Object.wait(long,int) throws java.lang.InterruptedException
05-02 23:33:17.502 20553 20553 I BinderHook: android.app.IActivityManager.Stub.Proxy Found method public void android.app.IActivityManager$Stub$Proxy.waitForNetworkStateUpdate(long) throws android.os.RemoteException
05-02 23:33:17.503 20553 20553 I BinderHook: Successfully added hook for <android.app.IActivityManager$Stub$Proxy>
05-02 23:33:17.505 18429 18429 I Finsky  : [2] uus.handleMessage(57): SCH: RunningQueue size: 1, PendingQueue size: 0
05-02 23:33:17.505 18429 18429 I Finsky  : [2] uus.handleMessage(60): SCH: Running queue: 29-29 
05-02 23:33:17.506 20553 20553 I BinderHook: android.app.IActivityTaskManager.Stub.Proxy Found method public void android.app.IActivityTaskManager$Stub$Proxy.activityDestroyed(android.os.IBinder) throws android.os.RemoteException
05-02 23:33:17.506 20553 20553 I BinderHook: android.app.IActivityTaskManager.Stub.Proxy Found method public void android.app.IActivityTaskManager$Stub$Proxy.activityIdle(android.os.IBinder,android.content.res.Configuration,boolean) throws android.os.RemoteException
05-02 23:33:17.506 20553 20553 I BinderHook: android.app.IActivityTaskManager.Stub.Proxy Found method public void android.app.IActivityTaskManager$Stub$Proxy.activityPaused(android.os.IBinder) throws android.os.RemoteException
05-02 23:33:17.507 18429 20589 I Finsky  : [214] aaza.a(1): ProcessRecoveryLogsUtil: No files in recovery directory
05-02 23:33:17.507 20553 20553 I BinderHook: android.app.IActivityTaskManager.Stub.Proxy Found method public void android.app.IActivityTaskManager$Stub$Proxy.activityRelaunched(android.os.IBinder) throws android.os.RemoteException
05-02 23:33:17.507 20553 20553 I BinderHook: android.app.IActivityTaskManager.Stub.Proxy Found method public void android.app.IActivityTaskManager$Stub$Proxy.activityResumed(android.os.IBinder) throws android.os.RemoteException
05-02 23:33:17.507 20553 20553 I BinderHook: android.app.IActivityTaskManager.Stub.Proxy Found method public void android.app.IActivityTaskManager$Stub$Proxy.activityStopped(android.os.IBinder,android.os.Bundle,android.os.PersistableBundle,java.lang.CharSequence) throws android.os.RemoteException
05-02 23:33:17.507 20553 20553 I BinderHook: android.app.IActivityTaskManager.Stub.Proxy Found method public void android.app.IActivityTaskManager$Stub$Proxy.activityTopResumedStateLost() throws android.os.RemoteException
05-02 23:33:17.507 18429 20589 I Finsky  : [214] uwd.a(16): SCH: jobFinished: 29-29. TimeElapsed: 5ms.
05-02 23:33:17.507 20553 20553 I BinderHook: android.app.IActivityTaskManager.Stub.Proxy Found method public int android.app.IActivityTaskManager$Stub$Proxy.addAppTask(android.os.IBinder,android.content.Intent,android.app.ActivityManager$TaskDescription,android.graphics.Bitmap) throws android.os.RemoteException
05-02 23:33:17.508 18429 18429 I Finsky  : [2] uut.a(36): SCH: Job 29-29 finished. Not rescheduling.
05-02 23:33:17.508 20553 20553 I BinderHook: android.app.IActivityTaskManager.Stub.Proxy Found method public void android.app.IActivityTaskManager$Stub$Proxy.alwaysShowUnsupportedCompileSdkWarning(android.content.ComponentName) throws android.os.RemoteException
05-02 23:33:17.508 20553 20553 I BinderHook: android.app.IActivityTaskManager.Stub.Proxy Found method public android.os.IBinder android.app.IActivityTaskManager$Stub$Proxy.asBinder()
05-02 23:33:17.508 20553 20553 I BinderHook: android.app.IActivityTaskManager.Stub.Proxy Found method public void android.app.IActivityTaskManager$Stub$Proxy.cancelRecentsAnimation(boolean) throws android.os.RemoteException
05-02 23:33:17.508 20553 20553 I BinderHook: android.app.IActivityTaskManager.Stub.Proxy Found method public void android.app.IActivityTaskManager$Stub$Proxy.cancelTaskWindowTransition(int) throws android.os.RemoteException
05-02 23:33:17.508 18429 18429 I Finsky  : [2] uus.handleMessage(57): SCH: RunningQueue size: 0, PendingQueue size: 0
05-02 23:33:17.508 20553 20553 I BinderHook: android.app.IActivityTaskManager.Stub.Proxy Found method public void android.app.IActivityTaskManager$Stub$Proxy.clearLaunchParamsForPackages(java.util.List) throws android.os.RemoteException
05-02 23:33:17.508 20553 20553 I BinderHook: android.app.IActivityTaskManager.Stub.Proxy Found method public boolean android.app.IActivityTaskManager$Stub$Proxy.convertFromTranslucent(android.os.IBinder) throws android.os.RemoteException
05-02 23:33:17.508 20553 20553 I BinderHook: android.app.IActivityTaskManager.Stub.Proxy Found method public boolean android.app.IActivityTaskManager$Stub$Proxy.convertToTranslucent(android.os.IBinder,android.os.Bundle) throws android.os.RemoteException
05-02 23:33:17.508 18429 18429 I Finsky  : [2] uus.handleMessage(23): Executor finished
05-02 23:33:17.508 20553 20553 I BinderHook: android.app.IActivityTaskManager.Stub.Proxy Found method public void android.app.IActivityTaskManager$Stub$Proxy.dismissKeyguard(android.os.IBinder,com.android.internal.policy.IKeyguardDismissCallback,java.lang.CharSequence) throws android.os.RemoteException
05-02 23:33:17.508 20553 20553 I BinderHook: android.app.IActivityTaskManager.Stub.Proxy Found method public void android.app.IActivityTaskManager$Stub$Proxy.dismissPip(boolean,int) throws android.os.RemoteException
05-02 23:33:17.508 20553 20553 I BinderHook: android.app.IActivityTaskManager.Stub.Proxy Found method public boolean android.app.IActivityTaskManager$Stub$Proxy.enterPictureInPictureMode(android.os.IBinder,android.app.PictureInPictureParams) throws android.os.RemoteException
05-02 23:33:17.508 20553 20553 I BinderHook: android.app.IActivityTaskManager.Stub.Proxy Found method public boolean java.lang.Object.equals(java.lang.Object)
05-02 23:33:17.508 20553 20553 I BinderHook: android.app.IActivityTaskManager.Stub.Proxy Found method public boolean android.app.IActivityTaskManager$Stub$Proxy.finishActivity(android.os.IBinder,int,android.content.Intent,int) throws android.os.RemoteException
