05-02 23:33:20.887 20627 20627 W Zygote  : Class not found for preloading: android.content.pm.parsing.ComponentParseUtils$ParsedActivityIntentInfo$1
05-02 23:33:20.887 20627 20627 W Zygote  : Class not found for preloading: android.content.pm.parsing.ComponentParseUtils$ParsedActivityIntentInfo
05-02 23:33:20.887 20627 20627 W Zygote  : Class not found for preloading: android.content.pm.parsing.ComponentParseUtils$ParsedComponent
05-02 23:33:20.887 20627 20627 W Zygote  : Class not found for preloading: android.content.pm.parsing.ComponentParseUtils$ParsedFeature
05-02 23:33:20.888 20627 20627 W Zygote  : Class not found for preloading: android.content.pm.parsing.ComponentParseUtils$ParsedInstrumentation$1
05-02 23:33:20.888 20627 20627 W Zygote  : Class not found for preloading: android.content.pm.parsing.ComponentParseUtils$ParsedInstrumentation
05-02 23:33:20.888 20627 20627 W Zygote  : Class not found for preloading: android.content.pm.parsing.ComponentParseUtils$ParsedIntentInfo
05-02 23:33:20.888 20627 20627 W Zygote  : Class not found for preloading: android.content.pm.parsing.ComponentParseUtils$ParsedMainComponent$1
05-02 23:33:20.888 20627 20627 W Zygote  : Class not found for preloading: android.content.pm.parsing.ComponentParseUtils$ParsedMainComponent
05-02 23:33:20.888 20627 20627 W Zygote  : Class not found for preloading: android.content.pm.parsing.ComponentParseUtils$ParsedPermission$1
05-02 23:33:20.888 20627 20627 W Zygote  : Class not found for preloading: android.content.pm.parsing.ComponentParseUtils$ParsedPermission
05-02 23:33:20.888 20627 20627 W Zygote  : Class not found for preloading: android.content.pm.parsing.ComponentParseUtils$ParsedPermissionGroup$1
05-02 23:33:20.888 20627 20627 W Zygote  : Class not found for preloading: android.content.pm.parsing.ComponentParseUtils$ParsedPermissionGroup
05-02 23:33:20.888 20627 20627 W Zygote  : Class not found for preloading: android.content.pm.parsing.ComponentParseUtils$ParsedProcess
05-02 23:33:20.888 20627 20627 W Zygote  : Class not found for preloading: android.content.pm.parsing.ComponentParseUtils$ParsedProvider$1
05-02 23:33:20.888 20627 20627 W Zygote  : Class not found for preloading: android.content.pm.parsing.ComponentParseUtils$ParsedProvider
05-02 23:33:20.888 20627 20627 W Zygote  : Class not found for preloading: android.content.pm.parsing.ComponentParseUtils$ParsedProviderIntentInfo$1
05-02 23:33:20.888 20627 20627 W Zygote  : Class not found for preloading: android.content.pm.parsing.ComponentParseUtils$ParsedProviderIntentInfo
05-02 23:33:20.888 20627 20627 W Zygote  : Class not found for preloading: android.content.pm.parsing.ComponentParseUtils$ParsedQueriesIntentInfo
05-02 23:33:20.888 20627 20627 W Zygote  : Class not found for preloading: android.content.pm.parsing.ComponentParseUtils$ParsedService$1
05-02 23:33:20.888 20627 20627 W Zygote  : Class not found for preloading: android.content.pm.parsing.ComponentParseUtils$ParsedService
05-02 23:33:20.889 20627 20627 W Zygote  : Class not found for preloading: android.content.pm.parsing.ComponentParseUtils$ParsedServiceIntentInfo$1
05-02 23:33:20.889 20627 20627 W Zygote  : Class not found for preloading: android.content.pm.parsing.ComponentParseUtils$ParsedServiceIntentInfo
05-02 23:33:20.889 20627 20627 W Zygote  : Class not found for preloading: android.content.pm.parsing.ComponentParseUtils
05-02 23:33:20.889 20627 20627 W Zygote  : Class not found for preloading: android.content.pm.parsing.PackageImpl$1
05-02 23:33:20.889 20627 20627 W Zygote  : Class not found for preloading: android.content.pm.parsing.PackageImpl
05-02 23:33:20.889 20627 20627 W Zygote  : Class not found for preloading: android.content.pm.parsing.PackageInfoUtils
05-02 23:33:20.889 20627 20627 W Zygote  : Class not found for preloading: android.content.pm.parsing.ParsedPackage$PackageSettingCallback
05-02 23:33:20.889 20627 20627 W Zygote  : Class not found for preloading: android.content.pm.parsing.ParsedPackage
05-02 23:33:20.889 20627 20627 W Zygote  : Class not found for preloading: android.content.pm.parsing.library.-$$Lambda$WrPVuoVJehE45tfhLfe_8Tcc-Nw
05-02 23:33:20.889 20627 20627 W Zygote  : Class not found for preloading: android.content.pm.parsing.library.AndroidHidlUpdater
05-02 23:33:20.889 20627 20627 W Zygote  : Class not found for preloading: android.content.pm.parsing.library.AndroidTestBaseUpdater
05-02 23:33:20.889 20627 20627 W Zygote  : Class not found for preloading: android.content.pm.parsing.library.OrgApacheHttpLegacyUpdater
05-02 23:33:20.889 20627 20627 W Zygote  : Class not found for preloading: android.content.pm.parsing.library.PackageBackwardCompatibility$AndroidTestRunnerSplitUpdater
05-02 23:33:20.889 20627 20627 W Zygote  : Class not found for preloading: android.content.pm.parsing.library.PackageBackwardCompatibility$RemoveUnnecessaryAndroidTestBaseLibrary
05-02 23:33:20.890 20627 20627 W Zygote  : Class not found for preloading: android.content.pm.parsing.library.PackageBackwardCompatibility
05-02 23:33:20.890 20627 20627 W Zygote  : Class not found for preloading: android.content.pm.parsing.library.PackageSharedLibraryUpdater
05-02 23:33:20.890 20627 20627 W Zygote  : Class not found for preloading: android.database.ContentObserver$NotificationRunnable
05-02 23:33:21.246 20627 20627 W Zygote  : Class not found for preloading: android.gsi.IGsid$Stub$Proxy
05-02 23:33:21.246 20627 20627 W Zygote  : Class not found for preloading: android.gsi.IGsid$Stub
05-02 23:33:21.246 20627 20627 W Zygote  : Class not found for preloading: android.gsi.IGsid
05-02 23:33:21.266 20627 20627 E ActivityRecognitionHardware: activity_recognition HAL is deprecated. class_init is effectively a no-op
05-02 23:33:21.435 20627 20627 W Zygote  : Class not found for preloading: android.inputmethodservice.-$$Lambda$InputMethodService$TvVfWDKZ3ljQdrU87qYykg6uD-I
05-02 23:33:21.435 20627 20627 W Zygote  : Class not found for preloading: android.location.-$$Lambda$AbstractListenerManager$Registration$TnkXgyOd99JHl00GzK6Oay_sYms
05-02 23:33:21.435 20627 20627 W Zygote  : Class not found for preloading: android.location.-$$Lambda$LocationManager$LocationListenerTransport$JzcdERl3Ha8sYr9NxFhb3gNOoCM
05-02 23:33:21.435 20627 20627 W Zygote  : Class not found for preloading: android.location.-$$Lambda$LocationManager$LocationListenerTransport$OaIkiu4R0h4pgFbCDDlNkbmPaps
05-02 23:33:21.436 20627 20627 W Zygote  : Class not found for preloading: android.location.-$$Lambda$LocationManager$LocationListenerTransport$vDJFuk-DvyNgQEXUO2Jkf2ZFeE8
05-02 23:33:21.436 20627 20627 W Zygote  : Class not found for preloading: android.location.-$$Lambda$LocationManager$LocationListenerTransport$vtBApnyHdgybRqRKlCt1NFEyfeQ
05-02 23:33:21.436 20627 20627 W Zygote  : Class not found for preloading: android.media.AudioDevice$1
05-02 23:33:21.437 20627 20627 W Zygote  : Class not found for preloading: android.media.AudioDevice
05-02 23:33:21.437 20627 20627 W Zygote  : Class not found for preloading: android.media.AudioDeviceAddress$1
05-02 23:33:21.437 20627 20627 W Zygote  : Class not found for preloading: android.media.AudioDeviceAddress
05-02 23:33:21.451 20627 20627 I         : Thread[1,tid=20627,Native,Thread*=0xe1044610,peer=0x13200078,"main"] recursive attempt to load library "libmedia_jni.so"
05-02 23:33:21.454 20627 20627 I         : Thread[1,tid=20627,Native,Thread*=0xe1044610,peer=0x13200078,"main"] recursive attempt to load library "libmedia_jni.so"
05-02 23:33:21.454 20627 20627 D MtpDeviceJNI: register_android_mtp_MtpDevice
05-02 23:33:21.454 20627 20627 I         : Thread[1,tid=20627,Native,Thread*=0xe1044610,peer=0x13200078,"main"] recursive attempt to load library "libmedia_jni.so"
05-02 23:33:21.454 20627 20627 I         : Thread[1,tid=20627,Native,Thread*=0xe1044610,peer=0x13200078,"main"] recursive attempt to load library "libmedia_jni.so"
05-02 23:33:21.456 20627 20627 W Zygote  : Class not found for preloading: android.media.IMediaRouter2Client$Stub$Proxy
05-02 23:33:21.457 20627 20627 W Zygote  : Class not found for preloading: android.media.IMediaRouter2Client$Stub
05-02 23:33:21.457 20627 20627 W Zygote  : Class not found for preloading: android.media.IMediaRouter2Client
05-02 23:33:21.457 20627 20627 W Zygote  : Class not found for preloading: android.media.MediaCodec$GraphicBlock
05-02 23:33:21.468 20627 20627 W Zygote  : Class not found for preloading: android.net.-$$Lambda$NetworkFactory$HfslgqyaKc_n0wXX5_qRYVZoGfI
05-02 23:33:21.473 20627 20627 W Zygote  : Class not found for preloading: android.net.LinkProperties$CompareResult
05-02 23:33:21.474 20627 20627 W Zygote  : Class not found for preloading: android.net.NetworkFactory$NetworkRequestInfo
05-02 23:33:21.474 20627 20627 W Zygote  : Class not found for preloading: android.net.NetworkFactory$SerialNumber
05-02 23:33:21.474 20627 20627 W Zygote  : Class not found for preloading: android.net.NetworkFactory
05-02 23:33:21.476 20627 20627 W Zygote  : Class not found for preloading: android.net.NetworkScore$1
05-02 23:33:21.476 20627 20627 W Zygote  : Class not found for preloading: android.net.NetworkScore$Builder
05-02 23:33:21.476 20627 20627 W Zygote  : Class not found for preloading: android.net.NetworkScore
05-02 23:33:21.482 20627 20627 W Zygote  : Class not found for preloading: android.net.wifi.wificond.ChannelSettings$1
05-02 23:33:21.482 20627 20627 W Zygote  : Class not found for preloading: android.net.wifi.wificond.ChannelSettings
05-02 23:33:21.482 20627 20627 W Zygote  : Class not found for preloading: android.net.wifi.wificond.HiddenNetwork$1
05-02 23:33:21.482 20627 20627 W Zygote  : Class not found for preloading: android.net.wifi.wificond.HiddenNetwork
05-02 23:33:21.482 20627 20627 W Zygote  : Class not found for preloading: android.net.wifi.wificond.NativeScanResult$1
05-02 23:33:21.482 20627 20627 W Zygote  : Class not found for preloading: android.net.wifi.wificond.NativeScanResult
05-02 23:33:21.483 20627 20627 W Zygote  : Class not found for preloading: android.net.wifi.wificond.PnoNetwork$1
05-02 23:33:21.483 20627 20627 W Zygote  : Class not found for preloading: android.net.wifi.wificond.PnoNetwork
05-02 23:33:21.483 20627 20627 W Zygote  : Class not found for preloading: android.net.wifi.wificond.PnoSettings$1
05-02 23:33:21.483 20627 20627 W Zygote  : Class not found for preloading: android.net.wifi.wificond.PnoSettings
05-02 23:33:21.483 20627 20627 W Zygote  : Class not found for preloading: android.net.wifi.wificond.RadioChainInfo$1
05-02 23:33:21.483 20627 20627 W Zygote  : Class not found for preloading: android.net.wifi.wificond.RadioChainInfo
05-02 23:33:21.483 20627 20627 W Zygote  : Class not found for preloading: android.net.wifi.wificond.SingleScanSettings$1
05-02 23:33:21.483 20627 20627 W Zygote  : Class not found for preloading: android.net.wifi.wificond.SingleScanSettings
05-02 23:33:21.483 20627 20627 W Zygote  : Class not found for preloading: android.net.wifi.wificond.WifiCondManager
05-02 23:33:21.484 20627 20627 W Zygote  : Class not found for preloading: android.os.-$$Lambda$Binder$IYUHVkWouPK_9CG2s8VwyWBt5_I
05-02 23:33:21.485 20627 20627 W Zygote  : Class not found for preloading: android.os.-$$Lambda$PowerManager$1$-RL9hKNKSaGL1mmR-EjQ-Cm9KuA
05-02 23:33:21.492 20627 20627 W Zygote  : Class not found for preloading: android.permission.-$$Lambda$PermissionControllerManager$yqGWw4vOTpW9pDZRlfJdxzYUsF0
05-02 23:33:21.514 20627 20627 W Zygote  : Class not found for preloading: android.telephony.-$$Lambda$PhoneStateListener$IPhoneStateListenerStub$1uNdvGRe99lTurQeP2pTQkZS7Vs
05-02 23:33:21.514 20627 20627 W Zygote  : Class not found for preloading: android.telephony.-$$Lambda$PhoneStateListener$IPhoneStateListenerStub$3AYVJXME-0OB4yixqaI-xr5L60o
05-02 23:33:21.514 20627 20627 W Zygote  : Class not found for preloading: android.telephony.-$$Lambda$PhoneStateListener$IPhoneStateListenerStub$7gZpRKvFmk92UeW5ehgYjTU1VJo
05-02 23:33:21.514 20627 20627 W Zygote  : Class not found for preloading: android.telephony.-$$Lambda$PhoneStateListener$IPhoneStateListenerStub$BEnQPWSMGANn8JYkd7Z9ykD6hTU
05-02 23:33:21.515 20627 20627 W Zygote  : Class not found for preloading: android.telephony.-$$Lambda$PhoneStateListener$IPhoneStateListenerStub$BJFxSgUMHRSttswNjrMRkS82g_c
05-02 23:33:21.515 20627 20627 W Zygote  : Class not found for preloading: android.telephony.-$$Lambda$PhoneStateListener$IPhoneStateListenerStub$BmipTxlu2pSFr1wevj-6L899tUY
05-02 23:33:21.515 20627 20627 W Zygote  : Class not found for preloading: android.telephony.-$$Lambda$PhoneStateListener$IPhoneStateListenerStub$D3Qz69humkpMXm7JAHU36dMvoyY
05-02 23:33:21.515 20627 20627 W Zygote  : Class not found for preloading: android.telephony.-$$Lambda$PhoneStateListener$IPhoneStateListenerStub$DrpO57uI0Rz8zN_EPJ4-5BrkiWs
05-02 23:33:21.515 20627 20627 W Zygote  : Class not found for preloading: android.telephony.-$$Lambda$PhoneStateListener$IPhoneStateListenerStub$E9hw_LXFliykadzCB_mw8nukNGI
05-02 23:33:21.515 20627 20627 W Zygote  : Class not found for preloading: android.telephony.-$$Lambda$PhoneStateListener$IPhoneStateListenerStub$F-YGB2a8GrHG6CB17lzASQZXVHI
05-02 23:33:21.515 20627 20627 W Zygote  : Class not found for preloading: android.telephony.-$$Lambda$PhoneStateListener$IPhoneStateListenerStub$LLJobItLwgTRjD_KrTiT4U-xUz0
05-02 23:33:21.515 20627 20627 W Zygote  : Class not found for preloading: android.telephony.-$$Lambda$PhoneStateListener$IPhoneStateListenerStub$MtX5gtAKHxLcUp_ibya6VO1zuoE
05-02 23:33:21.515 20627 20627 W Zygote  : Class not found for preloading: android.telephony.-$$Lambda$PhoneStateListener$IPhoneStateListenerStub$Rh4FuYaAZPAbrOYr6GGF6llSePE
05-02 23:33:21.515 20627 20627 W Zygote  : Class not found for preloading: android.telephony.-$$Lambda$PhoneStateListener$IPhoneStateListenerStub$YY3srkIkMm8vTSFJZHoiKzUUrGs
05-02 23:33:21.515 20627 20627 W Zygote  : Class not found for preloading: android.telephony.-$$Lambda$PhoneStateListener$IPhoneStateListenerStub$jNtyZYh5ZAuvyDZA_6f30zhW_dI
05-02 23:33:21.515 20627 20627 W Zygote  : Class not found for preloading: android.telephony.-$$Lambda$PhoneStateListener$IPhoneStateListenerStub$jTFXkqSnWC3uzh7LwzUV3m1AFOQ
05-02 23:33:21.515 20627 20627 W Zygote  : Class not found for preloading: android.telephony.-$$Lambda$PhoneStateListener$IPhoneStateListenerStub$jclAV5yU3RtV94suRvvhafvGuhw
05-02 23:33:21.515 20627 20627 W Zygote  : Class not found for preloading: android.telephony.-$$Lambda$PhoneStateListener$IPhoneStateListenerStub$jlNX9JiqGSNg9W49vDcKucKdeCI
05-02 23:33:21.516 20627 20627 W Zygote  : Class not found for preloading: android.telephony.-$$Lambda$PhoneStateListener$IPhoneStateListenerStub$mezBWc8HrQF0w9M2UHZzIjv5b5A
05-02 23:33:21.516 20627 20627 W Zygote  : Class not found for preloading: android.telephony.-$$Lambda$PhoneStateListener$IPhoneStateListenerStub$nxFDy8UzMc58xiN0nXxhJfBQdMI
05-02 23:33:21.516 20627 20627 W Zygote  : Class not found for preloading: android.telephony.-$$Lambda$PhoneStateListener$IPhoneStateListenerStub$r8YFiJlM_z19hwrY4PtaILOH2wA
05-02 23:33:21.516 20627 20627 W Zygote  : Class not found for preloading: android.telephony.-$$Lambda$PhoneStateListener$IPhoneStateListenerStub$vWj6-S8LaQStcrOXYYPgkxQlFg0
05-02 23:33:21.516 20627 20627 W Zygote  : Class not found for preloading: android.telephony.-$$Lambda$PhoneStateListener$IPhoneStateListenerStub$xyyTM70Sla35xFO0mn4N0yCuKGY
05-02 23:33:21.516 20627 20627 W Zygote  : Class not found for preloading: android.telephony.-$$Lambda$PhoneStateListener$IPhoneStateListenerStub$yGF2cJtJjwhRqDU8M4yzwgROulY
05-02 23:33:21.517 20627 20627 W Zygote  : Class not found for preloading: android.telephony.ims.aidl.IRcsMessage$Stub
05-02 23:33:21.517 20627 20627 W Zygote  : Class not found for preloading: android.telephony.ims.aidl.IRcsMessage
05-02 23:33:21.523 20627 20627 W Zygote  : Class not found for preloading: android.util.StatsLogInternal
05-02 23:33:21.524 20627 20627 W Zygote  : Class not found for preloading: android.view.-$$Lambda$1kvF4JuyM42-wmyDVPAIYdPz1jE
05-02 23:33:21.524 20627 20627 W Zygote  : Class not found for preloading: android.view.-$$Lambda$InsetsController$HI9QZ2HvGm6iykc-WONz2KPG61Q
05-02 23:33:21.524 20627 20627 W Zygote  : Class not found for preloading: android.view.-$$Lambda$ViewRootImpl$YBiqAhbCbXVPSKdbE3K4rH2gpxI
05-02 23:33:21.529 20627 20627 W Zygote  : Class not found for preloading: android.view.RenderNodeAnimator$1
05-02 23:33:21.529 20627 20627 W Zygote  : Class not found for preloading: android.view.RenderNodeAnimator$DelayedAnimationHelper
05-02 23:33:21.530 20627 20627 W Zygote  : Class not found for preloading: android.view.RenderNodeAnimatorSetHelper
05-02 23:33:21.530 20627 20627 W Zygote  : Class not found for preloading: android.view.SurfaceControl$PhysicalDisplayInfo
05-02 23:33:21.530 20627 20627 W Zygote  : Class not found for preloading: android.view.View$14
05-02 23:33:21.532 20627 20627 W Zygote  : Class not found for preloading: android.view.textclassifier.-$$Lambda$0biFK4yZBmWN1EO2wtnXskzuEcE
05-02 23:33:21.532 20627 20627 W Zygote  : Class not found for preloading: android.view.textclassifier.-$$Lambda$9N8WImc0VBjy2oxI_Gk5_Pbye_A
05-02 23:33:21.532 20627 20627 W Zygote  : Class not found for preloading: android.view.textclassifier.-$$Lambda$ActionsModelParamsSupplier$GCXILXtg_S2la6x__ANOhbYxetw
05-02 23:33:21.533 20627 20627 W Zygote  : Class not found for preloading: android.view.textclassifier.-$$Lambda$ActionsModelParamsSupplier$zElxNeuL3A8paTXvw8GWdpp4rFo
05-02 23:33:21.533 20627 20627 W Zygote  : Class not found for preloading: android.view.textclassifier.-$$Lambda$ActionsSuggestionsHelper$6oTtcn9bDE-u-8FbiyGdntqoQG0
05-02 23:33:21.533 20627 20627 W Zygote  : Class not found for preloading: android.view.textclassifier.-$$Lambda$ActionsSuggestionsHelper$YTQv8oPvlmJL4tITUFD4z4JWKRk
05-02 23:33:21.533 20627 20627 W Zygote  : Class not found for preloading: android.view.textclassifier.-$$Lambda$ActionsSuggestionsHelper$sY0w9od2zcl4YFel0lG4VB3vf7I
05-02 23:33:21.533 20627 20627 W Zygote  : Class not found for preloading: android.view.textclassifier.-$$Lambda$GenerateLinksLogger$vmbT_h7MLlbrIm0lJJwA-eHQhXk
05-02 23:33:21.533 20627 20627 W Zygote  : Class not found for preloading: android.view.textclassifier.-$$Lambda$L_UQMPjXwBN0ch4zL2dD82nf9RI
05-02 23:33:21.533 20627 20627 W Zygote  : Class not found for preloading: android.view.textclassifier.-$$Lambda$NxwbyZSxofZ4Z5SQhfXmtLQ1nxk
05-02 23:33:21.533 20627 20627 W Zygote  : Class not found for preloading: android.view.textclassifier.-$$Lambda$OGSS2qx6njxlnp0dnKb4lA3jnw8
05-02 23:33:21.533 20627 20627 W Zygote  : Class not found for preloading: android.view.textclassifier.-$$Lambda$TextClassifierImpl$RRbXefHgcUymI9-P95ArUyMvfbw
05-02 23:33:21.533 20627 20627 W Zygote  : Class not found for preloading: android.view.textclassifier.-$$Lambda$TextClassifierImpl$ftq-sQqJYwUdrdbbr9jz3p4AWos
05-02 23:33:21.534 20627 20627 W Zygote  : Class not found for preloading: android.view.textclassifier.-$$Lambda$TextClassifierImpl$iSt_Guet-O6Vtdk0MA4z-Z4lzaM
05-02 23:33:21.534 20627 20627 W Zygote  : Class not found for preloading: android.view.textclassifier.-$$Lambda$XeE_KI7QgMKzF9vYRSoFWAolyuA
05-02 23:33:21.534 20627 20627 W Zygote  : Class not found for preloading: android.view.textclassifier.-$$Lambda$jJq8RXuVdjYF3lPq-77PEw1NJLM
05-02 23:33:21.534 20627 20627 W Zygote  : Class not found for preloading: android.view.textclassifier.ActionsModelParamsSupplier$ActionsModelParams
05-02 23:33:21.534 20627 20627 W Zygote  : Class not found for preloading: android.view.textclassifier.ActionsModelParamsSupplier$SettingsObserver
05-02 23:33:21.534 20627 20627 W Zygote  : Class not found for preloading: android.view.textclassifier.ActionsModelParamsSupplier
05-02 23:33:21.534 20627 20627 W Zygote  : Class not found for preloading: android.view.textclassifier.ActionsSuggestionsHelper$PersonEncoder
05-02 23:33:21.534 20627 20627 W Zygote  : Class not found for preloading: android.view.textclassifier.ActionsSuggestionsHelper
05-02 23:33:21.534 20627 20627 W Zygote  : Class not found for preloading: android.view.textclassifier.GenerateLinksLogger$LinkifyStats
05-02 23:33:21.534 20627 20627 W Zygote  : Class not found for preloading: android.view.textclassifier.GenerateLinksLogger
05-02 23:33:21.534 20627 20627 W Zygote  : Class not found for preloading: android.view.textclassifier.ModelFileManager$ModelFile
05-02 23:33:21.534 20627 20627 W Zygote  : Class not found for preloading: android.view.textclassifier.ModelFileManager$ModelFileSupplierImpl
05-02 23:33:21.534 20627 20627 W Zygote  : Class not found for preloading: android.view.textclassifier.ModelFileManager
05-02 23:33:21.535 20627 20627 W Zygote  : Class not found for preloading: android.view.textclassifier.TextClassificationManager$SettingsObserver
05-02 23:33:21.537 20627 20627 W Zygote  : Class not found for preloading: android.view.textclassifier.TextClassifierEventTronLogger
05-02 23:33:21.537 20627 20627 W Zygote  : Class not found for preloading: android.view.textclassifier.TextClassifierImpl
05-02 23:33:21.537 20627 20627 W Zygote  : Class not found for preloading: android.view.textclassifier.intent.-$$Lambda$LabeledIntent$LaL7EfxShgNu4lrdo3mv85g49Jg
05-02 23:33:21.537 20627 20627 W Zygote  : Class not found for preloading: android.view.textclassifier.intent.ClassificationIntentFactory
05-02 23:33:21.537 20627 20627 W Zygote  : Class not found for preloading: android.view.textclassifier.intent.LabeledIntent$Result
05-02 23:33:21.537 20627 20627 W Zygote  : Class not found for preloading: android.view.textclassifier.intent.LabeledIntent$TitleChooser
05-02 23:33:21.537 20627 20627 W Zygote  : Class not found for preloading: android.view.textclassifier.intent.LabeledIntent
05-02 23:33:21.537 20627 20627 W Zygote  : Class not found for preloading: android.view.textclassifier.intent.LegacyClassificationIntentFactory
05-02 23:33:21.537 20627 20627 W Zygote  : Class not found for preloading: android.view.textclassifier.intent.TemplateClassificationIntentFactory
05-02 23:33:21.537 20627 20627 W Zygote  : Class not found for preloading: android.view.textclassifier.intent.TemplateIntentFactory
05-02 23:33:21.537 20627 20627 W Zygote  : Class not found for preloading: android.view.textclassifier.logging.SmartSelectionEventTracker$SelectionEvent
05-02 23:33:21.537 20627 20627 W Zygote  : Class not found for preloading: android.view.textclassifier.logging.SmartSelectionEventTracker
05-02 23:33:21.566 20627 20627 W Zygote  : Class not found for preloading: com.android.internal.policy.-$$Lambda$PhoneWindow$9SyKQeTuaYx7qUIMJIr4Lk2OpYw
05-02 23:33:21.567 20627 20627 W Zygote  : Class not found for preloading: com.android.internal.telephony.-$$Lambda$PhoneSwitcher$WfAxZbJDpCUxBytiUchQ87aGijQ
05-02 23:33:21.644 20627 20627 W Zygote  : Class not found for preloading: com.android.internal.telephony.NitzStateMachineImpl
05-02 23:33:21.644 20627 20627 W Zygote  : Class not found for preloading: com.android.internal.telephony.Phone$1
05-02 23:33:21.646 20627 20627 W Zygote  : Class not found for preloading: com.android.internal.telephony.TimeServiceHelper
05-02 23:33:21.646 20627 20627 W Zygote  : Class not found for preloading: com.android.internal.telephony.TimeZoneLookupHelper$CountryResult
05-02 23:33:21.646 20627 20627 W Zygote  : Class not found for preloading: com.android.internal.telephony.TimeZoneLookupHelper$OffsetResult
05-02 23:33:21.646 20627 20627 W Zygote  : Class not found for preloading: com.android.internal.telephony.TimeZoneLookupHelper
05-02 23:33:21.648 20627 20627 W Zygote  : Class not found for preloading: com.android.internal.telephony.dataconnection.DcTracker$6
05-02 23:33:21.649 20627 20627 W Zygote  : Class not found for preloading: com.android.internal.telephony.ims.RcsEventQueryHelper
05-02 23:33:21.649 20627 20627 W Zygote  : Class not found for preloading: com.android.internal.telephony.ims.RcsMessageController
05-02 23:33:21.649 20627 20627 W Zygote  : Class not found for preloading: com.android.internal.telephony.ims.RcsMessageQueryHelper
05-02 23:33:21.649 20627 20627 W Zygote  : Class not found for preloading: com.android.internal.telephony.ims.RcsMessageStoreUtil
05-02 23:33:21.649 20627 20627 W Zygote  : Class not found for preloading: com.android.internal.telephony.ims.RcsParticipantQueryHelper
05-02 23:33:21.650 20627 20627 W Zygote  : Class not found for preloading: com.android.internal.telephony.imsphone.ImsPhone$5
05-02 23:33:21.651 20627 20627 W Zygote  : Class not found for preloading: com.android.internal.telephony.nitz.NewNitzStateMachineImpl
05-02 23:33:21.656 20627 20627 W Zygote  : Class not found for preloading: com.android.internal.view.animation.FallbackLUTInterpolator
05-02 23:33:21.656 20627 20627 W Zygote  : Class not found for preloading: com.android.internal.view.animation.HasNativeInterpolator
05-02 23:33:21.656 20627 20627 W Zygote  : Class not found for preloading: com.android.internal.view.animation.NativeInterpolatorFactory
05-02 23:33:21.656 20627 20627 W Zygote  : Class not found for preloading: com.android.internal.view.animation.NativeInterpolatorFactoryHelper
05-02 23:33:21.665 20627 20627 W Zygote  : Class not found for preloading: com.google.android.textclassifier.ActionsSuggestionsModel$ActionSuggestion
05-02 23:33:21.665 20627 20627 W Zygote  : Class not found for preloading: com.google.android.textclassifier.ActionsSuggestionsModel$Conversation
05-02 23:33:21.665 20627 20627 W Zygote  : Class not found for preloading: com.google.android.textclassifier.ActionsSuggestionsModel$ConversationMessage
05-02 23:33:21.665 20627 20627 W Zygote  : Class not found for preloading: com.google.android.textclassifier.ActionsSuggestionsModel
05-02 23:33:21.665 20627 20627 W Zygote  : Class not found for preloading: com.google.android.textclassifier.AnnotatorModel$AnnotatedSpan
05-02 23:33:21.665 20627 20627 W Zygote  : Class not found for preloading: com.google.android.textclassifier.AnnotatorModel$AnnotationOptions
05-02 23:33:21.665 20627 20627 W Zygote  : Class not found for preloading: com.google.android.textclassifier.AnnotatorModel$AnnotationUsecase
05-02 23:33:21.665 20627 20627 W Zygote  : Class not found for preloading: com.google.android.textclassifier.AnnotatorModel$ClassificationResult
05-02 23:33:21.665 20627 20627 W Zygote  : Class not found for preloading: com.google.android.textclassifier.AnnotatorModel
05-02 23:33:21.666 20627 20627 W Zygote  : Class not found for preloading: com.google.android.textclassifier.LangIdModel$LanguageResult
05-02 23:33:21.666 20627 20627 W Zygote  : Class not found for preloading: com.google.android.textclassifier.LangIdModel
05-02 23:33:21.666 20627 20627 W Zygote  : Class not found for preloading: com.google.android.textclassifier.NamedVariant
05-02 23:33:21.666 20627 20627 W Zygote  : Class not found for preloading: com.google.android.textclassifier.RemoteActionTemplate
05-02 23:33:21.673 20627 20627 W Zygote  : Class not found for preloading: java.util.RandomAccessSubList
05-02 23:33:21.673 20627 20627 W Zygote  : Class not found for preloading: java.util.SubList$1
05-02 23:33:21.673 20627 20627 W Zygote  : Class not found for preloading: java.util.SubList
05-02 23:33:21.679 20627 20627 W Zygote  : Class not found for preloading: libcore.timezone.ZoneInfoDB$1
05-02 23:33:21.679 20627 20627 W Zygote  : Class not found for preloading: libcore.timezone.ZoneInfoDB$TzData$1
05-02 23:33:21.679 20627 20627 W Zygote  : Class not found for preloading: libcore.timezone.ZoneInfoDB$TzData
05-02 23:33:21.679 20627 20627 W Zygote  : Class not found for preloading: libcore.timezone.ZoneInfoDB
05-02 23:33:21.687 20627 20627 I Zygote  : ...preloaded 11689 classes in 913ms.
05-02 23:33:21.687 20627 20627 I         : VMRuntime.preloadDexCaches starting
05-02 23:33:21.702 20627 20627 I         : VMRuntime.preloadDexCaches strings total=412937 before=11494 after=11494
05-02 23:33:21.702 20627 20627 I         : VMRuntime.preloadDexCaches types total=40276 before=8684 after=9344
05-02 23:33:21.702 20627 20627 I         : VMRuntime.preloadDexCaches fields total=171052 before=10345 after=11604
05-02 23:33:21.702 20627 20627 I         : VMRuntime.preloadDexCaches methods total=311646 before=14027 after=15203
05-02 23:33:21.702 20627 20627 I         : VMRuntime.preloadDexCaches finished
05-02 23:33:21.705 20627 20627 I         : The ClassLoaderContext is a special shared library.
05-02 23:33:21.707 20627 20627 D ApplicationLoaders: Created zygote-cached class loader: /system/framework/android.hidl.base-V1.0-java.jar
05-02 23:33:21.708 20627 20627 I         : The ClassLoaderContext is a special shared library.
05-02 23:33:21.709 20627 20627 D ApplicationLoaders: Created zygote-cached class loader: /system/framework/android.hidl.manager-V1.0-java.jar
05-02 23:33:21.709 20627 20627 I Zygote  : Preloading resources...
05-02 23:33:21.714 20627 20627 W Resources: Preloaded drawable resource #0x1080286 (android:drawable/dialog_background_material) that varies with configuration!!
05-02 23:33:21.726 20627 20627 I Zygote  : ...preloaded 64 resources in 16ms.
05-02 23:33:21.729 20627 20627 I Zygote  : ...preloaded 41 resources in 4ms.
05-02 23:33:21.735 20627 20627 I Zygote  : Preloading shared libraries...
05-02 23:33:21.740 20627 20627 I Zygote  : Called ZygoteHooks.endPreload()
05-02 23:33:21.740 20627 20627 I Zygote  : Installed AndroidKeyStoreProvider in 0ms.
05-02 23:33:21.744 20627 20627 I Zygote  : Warmed up JCA providers in 4ms.
05-02 23:33:21.744 20627 20627 D Zygote  : end preload
05-02 23:33:21.761 20627 20627 I         : Explicit concurrent copying GC freed 39889(2041KB) AllocSpace objects, 0(0B) LOS objects, 49% free, 4384KB/8769KB, paused 370us total 17.216ms
05-02 23:33:21.774 20627 20627 I         : Explicit concurrent copying GC freed 3446(161KB) AllocSpace objects, 0(0B) LOS objects, 49% free, 4254KB/8509KB, paused 215us total 11.693ms
05-02 23:33:21.776 20627 20627 W libprocessgroup: Attribute LowCapacityCPUs is already defined
05-02 23:33:21.776 20627 20627 W libprocessgroup: Attribute HighCapacityCPUs is already defined
05-02 23:33:21.776 20627 20627 W libprocessgroup: Attribute MaxCapacityCPUs is already defined
05-02 23:33:21.776 20627 20627 W libprocessgroup: Attribute MemLimit is already defined
05-02 23:33:21.776 20627 20627 W libprocessgroup: Attribute MemSoftLimit is already defined
05-02 23:33:21.776 20627 20627 W libprocessgroup: Attribute MemSwappiness is already defined
05-02 23:33:21.776 20627 20627 W libprocessgroup: Attribute UClampMin is already defined
05-02 23:33:21.776 20627 20627 W libprocessgroup: Attribute UClampMax is already defined
05-02 23:33:21.807 20627 20627 D Zygote  : Forked child process 20688
05-02 23:33:21.808 20627 20627 I Zygote  : System server process 20688 has been created
05-02 23:33:21.809 20627 20627 I Zygote  : Accepting command socket connections
05-02 23:33:21.809 20688 20688 E libc    : SetHeapTaggingLevel: re-enabling tagging after it was disabled is not supported
05-02 23:33:21.812 20688 20688 E system_server: Unknown bits set in runtime_flags: 0x280000
05-02 23:33:21.812 20688 20688 W system_server: Unexpected CPU variant for X86 using defaults: x86
05-02 23:33:21.814 20688 20688 E system_server: Not starting debugger since process cannot load the jdwp agent.
05-02 23:33:21.860 20688 20688 I SystemServerTiming: InitBeforeStartServices
05-02 23:33:21.862 20688 20688 I SystemServer: Entered the Android system server!
05-02 23:33:21.977 20688 20688 E UsbAlsaJackDetectorJNI: Can't register UsbAlsaJackDetector native methods
05-02 23:33:21.984 20688 20688 I SystemServerInitThreadPool: Creating instance with 4 threads
05-02 23:33:21.984 20688 20688 I SystemServerTiming: StartServices
05-02 23:33:21.984 20688 20688 I SystemServerTiming: startBootstrapServices
05-02 23:33:21.984 20688 20688 I SystemServerTiming: StartWatchdog
05-02 23:33:21.989 20688 20688 I SystemServer: Reading configuration...
05-02 23:33:21.989 20688 20688 I SystemServerTiming: ReadingSystemConfig
05-02 23:33:21.989 20688 20688 I SystemServerTiming: PlatformCompat
05-02 23:33:21.990 20688 20709 I SystemConfig: Reading permissions from /system/etc/sysconfig/framework-sysconfig.xml
05-02 23:33:21.991 20688 20688 D CompatConfig: Found a config file: /system/etc/compatconfig/framework-platform-compat-config.xml
05-02 23:33:21.991 20688 20688 D CompatConfig: Adding: com.android.server.compat.config.Change@381a3e8
05-02 23:33:21.992 20688 20709 I SystemConfig: Reading permissions from /system/etc/sysconfig/hiddenapi-package-whitelist.xml
05-02 23:33:21.993 20688 20709 I SystemConfig: Reading permissions from /system/etc/sysconfig/preinstalled-packages-platform.xml
05-02 23:33:21.993 20688 20688 D CompatConfig: Adding: com.android.server.compat.config.Change@e536ae7
05-02 23:33:21.993 20688 20688 D CompatConfig: Adding: com.android.server.compat.config.Change@9c11694
05-02 23:33:21.994 20688 20709 I SystemConfig: Reading permissions from /system/etc/permissions/privapp-permissions-platform.xml
05-02 23:33:21.994 20688 20688 D CompatConfig: Adding: com.android.server.compat.config.Change@d4b6132
05-02 23:33:21.995 20688 20688 D CompatConfig: Adding: com.android.server.compat.config.Change@f61ce83
05-02 23:33:21.995 20688 20688 D CompatConfig: Adding: com.android.server.compat.config.Change@5e30800
05-02 23:33:21.996 20688 20688 D CompatConfig: Adding: com.android.server.compat.config.Change@e1a9839
05-02 23:33:21.996 20688 20688 D CompatConfig: Adding: com.android.server.compat.config.Change@ca5e7e
05-02 23:33:21.997 20688 20688 D CompatConfig: Adding: com.android.server.compat.config.Change@268cfdf
05-02 23:33:21.997 20688 20688 D CompatConfig: Adding: com.android.server.compat.config.Change@b70a42c
05-02 23:33:21.998 20688 20709 I SystemConfig: Reading permissions from /system/etc/permissions/com.android.nfc_extras.xml
05-02 23:33:21.998 20688 20688 D CompatConfig: Adding: com.android.server.compat.config.Change@3a9e48a
05-02 23:33:21.999 20688 20688 D CompatConfig: Adding: com.android.server.compat.config.Change@fb48afb
05-02 23:33:21.999 20688 20709 I SystemConfig: Reading permissions from /system/etc/permissions/javax.obex.xml
05-02 23:33:21.999 20688 20709 I SystemConfig: Reading permissions from /system/etc/permissions/privapp-permissions-google.xml
05-02 23:33:22.000 20688 20688 D CompatConfig: Adding: com.android.server.compat.config.Change@449bf56
05-02 23:33:22.000 20688 20709 I SystemConfig: Reading permissions from /system/etc/permissions/org.apache.http.legacy.xml
05-02 23:33:22.000 20688 20688 D CompatConfig: Adding: com.android.server.compat.config.Change@3a14cc4
05-02 23:33:22.001 20688 20709 I SystemConfig: Reading permissions from /system/etc/permissions/com.android.future.usb.accessory.xml
05-02 23:33:22.001 20688 20688 D CompatConfig: Adding: com.android.server.compat.config.Change@53a7ae2
05-02 23:33:22.001 20688 20709 I SystemConfig: Reading permissions from /system/etc/permissions/android.test.runner.xml
05-02 23:33:22.002 20688 20688 D CompatConfig: Adding: com.android.server.compat.config.Change@dc87130
05-02 23:33:22.002 20688 20709 I SystemConfig: Reading permissions from /system/etc/permissions/android.software.webview.xml
05-02 23:33:22.003 20688 20709 I SystemConfig: Reading permissions from /system/etc/permissions/android.test.mock.xml
05-02 23:33:22.003 20688 20688 D CompatConfig: Adding: com.android.server.compat.config.Change@d4b6ecf
05-02 23:33:22.003 20688 20709 I SystemConfig: Reading permissions from /system/etc/permissions/com.android.location.provider.xml
05-02 23:33:22.003 20688 20688 D CompatConfig: Adding: com.android.server.compat.config.Change@5730f65
05-02 23:33:22.004 20688 20709 I SystemConfig: Reading permissions from /system/etc/permissions/android.software.preview_sdk.xml
05-02 23:33:22.004 20688 20688 D CompatConfig: Adding: com.android.server.compat.config.Change@f3a28eb
05-02 23:33:22.004 20688 20709 I SystemConfig: Reading permissions from /system/etc/permissions/com.android.timezone.updater.xml
05-02 23:33:22.005 20688 20688 D CompatConfig: Found a config file: /system/etc/compatconfig/libcore-platform-compat-config.xml
05-02 23:33:22.005 20688 20709 I SystemConfig: Reading permissions from /system/etc/permissions/com.android.media.remotedisplay.xml
05-02 23:33:22.005 20688 20688 D CompatConfig: Adding: com.android.server.compat.config.Change@31068c7
05-02 23:33:22.006 20688 20709 I SystemConfig: Reading permissions from /system/etc/permissions/android.software.live_wallpaper.xml
05-02 23:33:22.006 20688 20688 D CompatConfig: Adding: com.android.server.compat.config.Change@8cc61d
05-02 23:33:22.006 20688 20709 I SystemConfig: Reading permissions from /system/etc/permissions/android.test.base.xml
05-02 23:33:22.007 20688 20688 D CompatConfig: Adding: com.android.server.compat.config.Change@520ca63
05-02 23:33:22.007 20688 20709 I SystemConfig: Reading permissions from /system/etc/permissions/com.android.mediadrm.signer.xml
05-02 23:33:22.007 20688 20688 D CompatConfig: Found a config file: /system/etc/compatconfig/services-platform-compat-config.xml
05-02 23:33:22.008 20688 20709 I SystemConfig: Reading permissions from /system/etc/permissions/platform.xml
05-02 23:33:22.008 20688 20688 D CompatConfig: Adding: com.android.server.compat.config.Change@a4ba9bf
05-02 23:33:22.009 20688 20688 D CompatConfig: Adding: com.android.server.compat.config.Change@8a9a88c
05-02 23:33:22.009 20688 20688 D CompatConfig: Adding: com.android.server.compat.config.Change@9df9bd5
05-02 23:33:22.010 20688 20709 I SystemConfig: Reading permissions from /vendor/etc/permissions/android.hardware.vulkan.compute.xml
05-02 23:33:22.010 20688 20688 D CompatConfig: Adding: com.android.server.compat.config.Change@b1b22db
05-02 23:33:22.010 20688 20709 I SystemConfig: Reading permissions from /vendor/etc/permissions/android.hardware.camera.ar.xml
05-02 23:33:22.011 20688 20688 D CompatConfig: Adding: com.android.server.compat.config.Change@98b2051
05-02 23:33:22.011 20688 20688 D CompatConfig: Adding: com.android.server.compat.config.Change@3bba0b6
05-02 23:33:22.011 20688 20709 I SystemConfig: Reading permissions from /vendor/etc/permissions/android.hardware.wifi.xml
05-02 23:33:22.012 20688 20709 I SystemConfig: Reading permissions from /vendor/etc/permissions/androidx.window.extensions.xml
05-02 23:33:22.012 20688 20688 D CompatConfig: Adding: com.android.server.compat.config.Change@d90708d
05-02 23:33:22.012 20688 20709 I SystemConfig: Reading permissions from /vendor/etc/permissions/android.hardware.touchscreen.multitouch.jazzhand.xml
05-02 23:33:22.013 20688 20688 D CompatConfig: Adding: com.android.server.compat.config.Change@b091253
05-02 23:33:22.013 20688 20709 I SystemConfig: Reading permissions from /vendor/etc/permissions/android.hardware.fingerprint.xml
05-02 23:33:22.014 20688 20709 I SystemConfig: Reading permissions from /vendor/etc/permissions/android.software.vulkan.deqp.level-2019-03-01.xml
05-02 23:33:22.014 20688 20688 D CompatConfig: Adding: com.android.server.compat.config.Change@6a108e
05-02 23:33:22.014 20688 20709 I SystemConfig: Reading permissions from /vendor/etc/permissions/android.hardware.vulkan.level.xml
05-02 23:33:22.015 20688 20709 I SystemConfig: Reading permissions from /vendor/etc/permissions/android.hardware.vulkan.version.xml
05-02 23:33:22.016 20688 20688 D CompatConfig: Adding: com.android.server.compat.config.Change@b802445
05-02 23:33:22.016 20688 20709 I SystemConfig: Reading permissions from /vendor/etc/permissions/android.hardware.camera.full.xml
05-02 23:33:22.016 20688 20688 D CompatConfig: Adding: com.android.server.compat.config.Change@ee678cb
05-02 23:33:22.017 20688 20688 D CompatConfig: Adding: com.android.server.compat.config.Change@b83bfc1
05-02 23:33:22.017 20688 20709 I SystemConfig: Reading permissions from /vendor/etc/permissions/handheld_core_hardware.xml
05-02 23:33:22.017 20688 20688 D CompatConfig: Found a config file: /system/etc/compatconfig/documents-ui-compat-config.xml
05-02 23:33:22.018 20688 20709 I SystemConfig: Reading permissions from /vendor/etc/permissions/android.software.autofill.xml
05-02 23:33:22.018 20688 20688 D CompatConfig: Adding: com.android.server.compat.config.Change@d397754
05-02 23:33:22.018 20688 20709 I SystemConfig: Reading permissions from /vendor/etc/permissions/android.hardware.camera.front.xml
05-02 23:33:22.019 20688 20688 D CompatConfig: Found a config file: /system/system_ext/etc/compatconfig/settings-platform-compat-config.xml
05-02 23:33:22.019 20688 20709 I SystemConfig: Reading permissions from /vendor/etc/permissions/android.hardware.camera.autofocus.xml
05-02 23:33:22.020 20688 20688 D CompatConfig: Adding: com.android.server.compat.config.Change@d60b4c0
05-02 23:33:22.020 20688 20709 I SystemConfig: Reading permissions from /vendor/etc/permissions/android.hardware.wifi.direct.xml
05-02 23:33:22.021 20688 20709 I SystemConfig: Reading permissions from /product/etc/sysconfig/google_build.xml
05-02 23:33:22.021 20688 20688 I ApexManagerTiming: getActiveApexInfos_noCache
05-02 23:33:22.021 20688 20709 I SystemConfig: Reading permissions from /product/etc/sysconfig/preinstalled-packages-platform-handheld-product.xml
05-02 23:33:22.023 20688 20709 I SystemConfig: Reading permissions from /product/etc/sysconfig/whitelist_com.android.omadm.service.xml
05-02 23:33:22.024 20688 20709 I SystemConfig: Reading permissions from /product/etc/sysconfig/google.xml
05-02 23:33:22.024 20688 20709 I SystemConfig: Adding association: com.google.android.as <- com.android.providers.contacts
05-02 23:33:22.024 20688 20709 I SystemConfig: Adding association: com.google.android.as <- com.android.providers.media
05-02 23:33:22.024 20688 20709 I SystemConfig: Adding association: com.google.android.as <- com.google.android.providers.media.module
05-02 23:33:22.024 20688 20709 I SystemConfig: Adding association: com.google.android.as <- com.android.providers.telephony
05-02 23:33:22.024 20688 20709 I SystemConfig: Adding association: com.google.android.as <- com.android.systemui
05-02 23:33:22.025 20688 20709 I SystemConfig: Reading permissions from /product/etc/sysconfig/disable-zero-touch.xml
05-02 23:33:22.026 20688 20709 I SystemConfig: Reading permissions from /product/etc/sysconfig/preinstalled-packages-platform-overlays.xml
05-02 23:33:22.026 20688 20709 I SystemConfig: Reading permissions from /product/etc/sysconfig/preinstalled-packages-platform-aosp-product.xml
05-02 23:33:22.026 20688 20709 I SystemConfig: Reading permissions from /product/etc/sysconfig/google-hiddenapi-package-whitelist.xml
05-02 23:33:22.027 20688 20709 I SystemConfig: Reading permissions from /product/etc/permissions/android.software.verified_boot.xml
05-02 23:33:22.028 20688 20709 I SystemConfig: Reading permissions from /product/etc/permissions/split-permissions-google.xml
05-02 23:33:22.028 20688 20709 I SystemConfig: Reading permissions from /product/etc/permissions/privapp-permissions-google-p.xml
05-02 23:33:22.031 20688 20709 I SystemConfig: Reading permissions from /product/etc/permissions/android.hardware.telephony.euicc.xml
05-02 23:33:22.031 20688 20709 I SystemConfig: Reading permissions from /product/etc/permissions/privapp-permissions-goldfish.xml
05-02 23:33:22.032 20688 20709 I SystemConfig: Reading permissions from /product/etc/permissions/privapp-permissions-sdk-google.xml
05-02 23:33:22.032 20688 20709 I SystemConfig: Reading permissions from /product/etc/permissions/com.google.android.dialer.support.xml
05-02 23:33:22.033 20688 20709 I SystemConfig: Reading permissions from /product/etc/permissions/com.android.omadm.service.xml
05-02 23:33:22.034 20688 20709 I SystemConfig: Reading permissions from /product/etc/permissions/com.android.settings.intelligence.xml
05-02 23:33:22.034 20688 20709 I SystemConfig: Reading permissions from /product/etc/permissions/com.android.contacts.xml
05-02 23:33:22.035 20688 20709 W SystemConfig: No directory /system_ext/etc/sysconfig, skipping
05-02 23:33:22.035 20688 20709 I SystemConfig: Reading permissions from /system_ext/etc/permissions/com.android.carrierconfig.xml
05-02 23:33:22.036 20688 20709 I SystemConfig: Reading permissions from /system_ext/etc/permissions/com.android.storagemanager.xml
05-02 23:33:22.036 20688 20709 I SystemConfig: Reading permissions from /system_ext/etc/permissions/com.google.android.sdksetup.xml
05-02 23:33:22.037 20688 20709 I SystemConfig: Reading permissions from /system_ext/etc/permissions/com.android.systemui.xml
05-02 23:33:22.037 20688 20709 I SystemConfig: Reading permissions from /system_ext/etc/permissions/com.google.android.maps.xml
05-02 23:33:22.038 20688 20709 I SystemConfig: Reading permissions from /system_ext/etc/permissions/privapp-permissions-google-se.xml
05-02 23:33:22.039 20688 20709 I SystemConfig: Reading permissions from /system_ext/etc/permissions/com.android.emergency.xml
05-02 23:33:22.039 20688 20709 I SystemConfig: Reading permissions from /system_ext/etc/permissions/com.android.launcher3.xml
05-02 23:33:22.040 20688 20709 I SystemConfig: Reading permissions from /system_ext/etc/permissions/com.android.settings.xml
05-02 23:33:22.041 20688 20709 I SystemConfig: Reading permissions from /apex/com.android.ipsec/etc/permissions/android.net.ipsec.ike.xml
05-02 23:33:22.052 20688 20688 D CompatConfig: No directory /apex/com.android.i18n/etc/compatconfig, skipping
05-02 23:33:22.052 20688 20688 D CompatConfig: No directory /apex/com.android.tzdata/etc/compatconfig, skipping
05-02 23:33:22.053 20688 20688 D CompatConfig: No directory /apex/com.android.sdkext/etc/compatconfig, skipping
05-02 23:33:22.053 20688 20688 D CompatConfig: No directory /apex/com.android.media/etc/compatconfig, skipping
05-02 23:33:22.053 20688 20688 D CompatConfig: No directory /apex/com.android.runtime/etc/compatconfig, skipping
05-02 23:33:22.053 20688 20688 D CompatConfig: No directory /apex/com.android.apex.cts.shim/etc/compatconfig, skipping
05-02 23:33:22.053 20688 20688 D CompatConfig: No directory /apex/com.android.vndk.vR/etc/compatconfig, skipping
05-02 23:33:22.053 20688 20688 D CompatConfig: No directory /apex/com.android.os.statsd/etc/compatconfig, skipping
05-02 23:33:22.053 20688 20688 D CompatConfig: No directory /apex/com.android.permission/etc/compatconfig, skipping
05-02 23:33:22.054 20688 20688 D CompatConfig: Found a config file: /apex/com.android.mediaprovider/etc/compatconfig/media-provider-platform-compat-config.xml
05-02 23:33:22.055 20688 20688 D CompatConfig: No directory /apex/com.android.extservices/etc/compatconfig, skipping
05-02 23:33:22.055 20688 20688 D CompatConfig: No directory /apex/com.android.adbd/etc/compatconfig, skipping
05-02 23:33:22.055 20688 20688 D CompatConfig: No directory /apex/com.android.media.swcodec/etc/compatconfig, skipping
05-02 23:33:22.055 20688 20688 D CompatConfig: No directory /apex/com.android.ipsec/etc/compatconfig, skipping
05-02 23:33:22.055 20688 20688 D CompatConfig: No directory /apex/com.android.resolv/etc/compatconfig, skipping
05-02 23:33:22.055 20688 20688 D CompatConfig: No directory /apex/com.android.cellbroadcast/etc/compatconfig, skipping
05-02 23:33:22.055 20688 20688 D CompatConfig: No directory /apex/com.android.neuralnetworks/etc/compatconfig, skipping
05-02 23:33:22.055 20688 20688 D CompatConfig: No directory /apex/com.android.conscrypt/etc/compatconfig, skipping
05-02 23:33:22.055 20688 20688 D CompatConfig: No directory /apex/com.android.art/etc/compatconfig, skipping
05-02 23:33:22.055 20688 20688 D CompatConfig: No directory /apex/com.android.wifi/etc/compatconfig, skipping
05-02 23:33:22.056 20688 20688 D CompatConfig: No directory /apex/com.android.tethering/etc/compatconfig, skipping
05-02 23:33:22.057 20688 20688 I SystemServerTiming: StartFileIntegrityService
05-02 23:33:22.057 20688 20688 I SystemServiceManager: Starting com.android.server.security.FileIntegrityService
05-02 23:33:22.058 20688 20688 I SystemServerTiming: StartInstaller
05-02 23:33:22.058 20688 20688 I SystemServiceManager: Starting com.android.server.pm.Installer
05-02 23:33:22.059   421   449 D installd: Found quota mount /dev/block/vdc at /data
05-02 23:33:22.059   421   449 D installd: Found quota mount /dev/block/vdc at /data/user/0
05-02 23:33:22.060   421   449 D installd: Found storage mount /mnt/media_rw/13FC-2E1B at /mnt/pass_through/0/13FC-2E1B
05-02 23:33:22.060   421   449 D installd: Found storage mount /data/media at /mnt/pass_through/0/emulated
05-02 23:33:22.060 20688 20688 I SystemServerTiming: DeviceIdentifiersPolicyService
05-02 23:33:22.060 20688 20688 I SystemServiceManager: Starting com.android.server.os.DeviceIdentifiersPolicyService
05-02 23:33:22.061 20688 20688 I SystemServerTiming: UriGrantsManagerService
05-02 23:33:22.061 20688 20688 I SystemServiceManager: Starting com.android.server.uri.UriGrantsManagerService$Lifecycle
05-02 23:33:22.061 20688 20688 I SystemServerTiming: StartActivityManager
05-02 23:33:22.061 20688 20688 I SystemServiceManager: Starting com.android.server.wm.ActivityTaskManagerService$Lifecycle
05-02 23:33:22.062 20688 20688 I SystemServiceManager: Starting com.android.server.am.ActivityManagerService$Lifecycle
05-02 23:33:22.064 20688 20688 I ActivityManager: Memory class: 192
05-02 23:33:22.074 20688 20688 D BatteryStatsImpl: Reading daily items from /data/system/batterystats-daily.xml
05-02 23:33:22.078 20688 20717 I BatteryStatsService: Using power.stats HAL
05-02 23:33:22.079 20688 20717 W BatteryStatsService: Rail information is not available
05-02 23:33:22.079 20688 20717 W BatteryStatsService: Rail energy data is not available
05-02 23:33:22.079 20688 20717 E BluetoothAdapter: Bluetooth binder is null
05-02 23:33:22.080 20688 20717 I KernelCpuUidFreqTimeReader: mPerClusterTimesAvailable=false
