05-02 23:33:17.592 20553 20553 I BinderHook: 	at com.android.internal.os.ZygoteInit.main(ZygoteInit.java:939)
05-02 23:33:17.597 20553 20553 I BinderHook: Got transact call code: <19> data: <android.os.Parcel@72ef350> reply: <android.os.Parcel@d002949> flags: <0>
05-02 23:33:17.597 20553 20553 I BinderHook: ProxyHook [+] trace [+] 
05-02 23:33:17.597 20553 20553 I BinderHook: java.lang.Exception: Trace
05-02 23:33:17.597 20553 20553 I BinderHook: 	at org.chickenhook.binderhooks.ProxyHook.doStackTrace(ProxyHook.java:128)
05-02 23:33:17.597 20553 20553 I BinderHook: 	at org.chickenhook.binderhooks.ProxyHook$FakeBinder.transact(ProxyHook.java:111)
05-02 23:33:17.597 20553 20553 I BinderHook: 	at android.app.IActivityTaskManager$Stub$Proxy.activityResumed(IActivityTaskManager.java:4403)
05-02 23:33:17.597 20553 20553 I BinderHook: 	at android.app.servertransaction.ResumeActivityItem.postExecute(ResumeActivityItem.java:62)
05-02 23:33:17.597 20553 20553 I BinderHook: 	at android.app.servertransaction.TransactionExecutor.executeLifecycleState(TransactionExecutor.java:177)
05-02 23:33:17.597 20553 20553 I BinderHook: 	at android.app.servertransaction.TransactionExecutor.execute(TransactionExecutor.java:97)
05-02 23:33:17.597 20553 20553 I BinderHook: 	at android.app.ActivityThread$H.handleMessage(ActivityThread.java:2044)
05-02 23:33:17.597 20553 20553 I BinderHook: 	at android.os.Handler.dispatchMessage(Handler.java:106)
05-02 23:33:17.597 20553 20553 I BinderHook: 	at android.os.Looper.loop(Looper.java:223)
05-02 23:33:17.597 20553 20553 I BinderHook: 	at android.app.ActivityThread.main(ActivityThread.java:7476)
05-02 23:33:17.597 20553 20553 I BinderHook: 	at java.lang.reflect.Method.invoke(Native Method)
05-02 23:33:17.597 20553 20553 I BinderHook: 	at com.android.internal.os.RuntimeInit$MethodAndArgsCaller.run(RuntimeInit.java:549)
05-02 23:33:17.597 20553 20553 I BinderHook: 	at com.android.internal.os.ZygoteInit.main(ZygoteInit.java:939)
05-02 23:33:17.634 20553 20586 D HostConnection: HostConnection::get() New Host Connection established 0xed1925b0, tid 20586
05-02 23:33:17.640 20553 20586 D HostConnection: HostComposition ext ANDROID_EMU_CHECKSUM_HELPER_v1 ANDROID_EMU_native_sync_v2 ANDROID_EMU_native_sync_v3 ANDROID_EMU_native_sync_v4 ANDROID_EMU_dma_v1 ANDROID_EMU_direct_mem ANDROID_EMU_host_composition_v1 ANDROID_EMU_host_composition_v2 ANDROID_EMU_YUV_Cache ANDROID_EMU_async_unmap_buffer GL_OES_vertex_array_object GL_KHR_texture_compression_astc_ldr ANDROID_EMU_gles_max_version_2 
05-02 23:33:17.643 20553 20586 W OpenGLRenderer: Failed to choose config with EGL_SWAP_BEHAVIOR_PRESERVED, retrying without...
05-02 23:33:17.645 20553 20586 D EGL_emulation: eglCreateContext: 0xecf99530: maj 2 min 0 rcv 2
05-02 23:33:17.647 20553 20586 D EGL_emulation: eglMakeCurrent: 0xecf99530: ver 2 0 (tinfo 0xed2f3bf0)
05-02 23:33:17.652   363   363 D eglCodecCommon: allocate: Ask for block of size 0x925680
05-02 23:33:17.652   363   363 D eglCodecCommon: allocate: ioctl allocate returned offset 0x3fada1000 size 0x927000
05-02 23:33:17.659   235   235 I hwservicemanager: getTransport: Cannot find entry android.hardware.graphics.mapper@4.0::IMapper/default in either framework or device manifest.
05-02 23:33:17.659 20553 20586 I Gralloc4: mapper 4.x is not supported
05-02 23:33:17.661 20553 20586 D HostConnection: createUnique: call
05-02 23:33:17.661 20553 20586 D HostConnection: HostConnection::get() New Host Connection established 0xed1914d0, tid 20586
05-02 23:33:17.662 20553 20586 D eglCodecCommon: allocate: Ask for block of size 0x100
05-02 23:33:17.662 20553 20586 D eglCodecCommon: allocate: ioctl allocate returned offset 0x3f9a95000 size 0x2000
05-02 23:33:17.707 20553 20586 D HostConnection: HostComposition ext ANDROID_EMU_CHECKSUM_HELPER_v1 ANDROID_EMU_native_sync_v2 ANDROID_EMU_native_sync_v3 ANDROID_EMU_native_sync_v4 ANDROID_EMU_dma_v1 ANDROID_EMU_direct_mem ANDROID_EMU_host_composition_v1 ANDROID_EMU_host_composition_v2 ANDROID_EMU_YUV_Cache ANDROID_EMU_async_unmap_buffer GL_OES_vertex_array_object GL_KHR_texture_compression_astc_ldr ANDROID_EMU_gles_max_version_2 
05-02 23:33:17.709   363   363 D eglCodecCommon: allocate: Ask for block of size 0x925680
05-02 23:33:17.709   363   363 D eglCodecCommon: allocate: ioctl allocate returned offset 0x3fd23d000 size 0x927000
05-02 23:33:17.719   363   363 D eglCodecCommon: allocate: Ask for block of size 0x925680
05-02 23:33:17.719   363   363 D eglCodecCommon: allocate: ioctl allocate returned offset 0x3fc916000 size 0x927000
05-02 23:33:17.721 20553 20586 D EGL_emulation: eglMakeCurrent: 0xecf99530: ver 2 0 (tinfo 0xed2f3bf0)
05-02 23:33:17.757 17461 17478 I EventSequenceValidator: Transition from ACTIVITY_LAUNCHED to ACTIVITY_FINISHED
05-02 23:33:17.758 17461 17483 I ActivityTaskManager: Displayed org.chickenhook.chickenbinder/.MainActivity: +817ms
05-02 23:33:17.767 17461 17475 E JobScheduler.Background: App became active but still in NEVER bucket
05-02 23:33:17.768 17461 17528 W InputDispatcher: channel '38d9bcd Splash Screen org.chickenhook.chickenbinder (server)' ~ Consumer closed input channel or an error occurred.  events=0x9
05-02 23:33:17.768 17461 17528 E InputDispatcher: channel '38d9bcd Splash Screen org.chickenhook.chickenbinder (server)' ~ Channel is unrecoverably broken and will be disposed!
05-02 23:33:17.768 17461 17479 W InputDispatcher: Attempted to unregister already unregistered input channel '38d9bcd Splash Screen org.chickenhook.chickenbinder (server)'
05-02 23:33:17.770 17461 17484 I DropBoxManagerService: add tag=system_server_wtf isTagEnabled=true flags=0x2
05-02 23:33:17.793 20553 20553 I BinderHook: Got transact call code: <18> data: <android.os.Parcel@72ef350> reply: <null> flags: <1>
05-02 23:33:17.795 20553 20553 I BinderHook: ProxyHook [+] trace [+] 
05-02 23:33:17.795 20553 20553 I BinderHook: java.lang.Exception: Trace
05-02 23:33:17.795 20553 20553 I BinderHook: 	at org.chickenhook.binderhooks.ProxyHook.doStackTrace(ProxyHook.java:128)
05-02 23:33:17.795 20553 20553 I BinderHook: 	at org.chickenhook.binderhooks.ProxyHook$FakeBinder.transact(ProxyHook.java:111)
05-02 23:33:17.795 20553 20553 I BinderHook: 	at android.app.IActivityTaskManager$Stub$Proxy.activityIdle(IActivityTaskManager.java:4386)
05-02 23:33:17.795 20553 20553 I BinderHook: 	at android.app.ActivityThread$Idler.queueIdle(ActivityThread.java:2091)
05-02 23:33:17.795 20553 20553 I BinderHook: 	at android.os.MessageQueue.next(MessageQueue.java:404)
05-02 23:33:17.795 20553 20553 I BinderHook: 	at android.os.Looper.loop(Looper.java:183)
05-02 23:33:17.795 20553 20553 I BinderHook: 	at android.app.ActivityThread.main(ActivityThread.java:7476)
05-02 23:33:17.795 20553 20553 I BinderHook: 	at java.lang.reflect.Method.invoke(Native Method)
05-02 23:33:17.795 20553 20553 I BinderHook: 	at com.android.internal.os.RuntimeInit$MethodAndArgsCaller.run(RuntimeInit.java:549)
05-02 23:33:17.795 20553 20553 I BinderHook: 	at com.android.internal.os.ZygoteInit.main(ZygoteInit.java:939)
05-02 23:33:17.810 17461 18310 I ActivityManager: Killing 19706:com.google.android.setupwizard/u0a96 (adj 985): empty #17
05-02 23:33:17.836 18095 20590 W JobInfoUtil: JobInfoUtil.setJobInfo():55 The max execution delay will be ignored for periodic task: daily_ping_task
05-02 23:33:17.837 18095 18095 W KeyboardModeManager: KeyboardModeManager.setInputView():359 setInputView() : inputView = null
05-02 23:33:17.838 18095 20590 I JobSchedulerImpl: JobSchedulerImpl.schedule():86 Schedule task: daily_ping_task. Success.
05-02 23:33:17.852 18095 18095 I GoogleInputMethodService: GoogleInputMethodService.initializeKeyboardTheme():1080 Apply keyboard theme: theme_border_stylesheet_googleblue_materiallight_assets:theme_package_metadata_google_blue_light.binarypb_port
05-02 23:33:17.852 18095 20591 I JobSchedulerImpl: JobSchedulerImpl.schedule():86 Schedule task: PeriodicStats. Success.
05-02 23:33:17.855 17461 17578 D ConnectivityService: ConnectivityService NetworkRequestInfo binderDied(NetworkRequest [ LISTEN id=25, [ Transports: WIFI Capabilities: NOT_VPN Uid: 10096 AdministratorUids: [] RequestorUid: 10096 RequestorPackageName: com.google.android.setupwizard] ], android.os.BinderProxy@5ea1cc1)
05-02 23:33:17.856 17461 18139 D ConnectivityService: ConnectivityService NetworkRequestInfo binderDied(NetworkRequest [ LISTEN id=26, [ Transports: WIFI Capabilities: NOT_RESTRICTED&TRUSTED&NOT_VPN Uid: 10096 AdministratorUids: [] RequestorUid: 10096 RequestorPackageName: com.google.android.setupwizard] ], android.os.BinderProxy@7b73c66)
05-02 23:33:17.856 17398 17398 I Zygote  : Process 19706 exited due to signal 9 (Killed)
05-02 23:33:17.856 18509 20225 I PBSessionCacheImpl: Deleted sessionId[81405031329191489] from persistence.
05-02 23:33:17.859 18095 20591 W JobInfoUtil: JobInfoUtil.setJobInfo():55 The max execution delay will be ignored for periodic task: PeriodicTasks
05-02 23:33:17.860 17461 17486 I libprocessgroup: Successfully killed process cgroup uid 10096 pid 19706 in 44ms
05-02 23:33:17.889 18095 20591 I JobSchedulerImpl: JobSchedulerImpl.schedule():86 Schedule task: PeriodicTasks. Success.
05-02 23:33:17.921 18509 18667 W SearchServiceCore: Abort, client detached.
05-02 23:33:17.931 18509 18667 I MicroDetectionState: Should stop hotword detection immediately - false
05-02 23:33:17.932 18095 18095 I KeyboardViewUtil: KeyboardViewUtil.getKeyboardHeightRatio():128 systemKeyboardHeightRatio:1.000000; userKeyboardHeightRatio:1.000000.
05-02 23:33:17.937 18095 18095 W KeyboardModeManager: KeyboardModeManager.setInputView():359 setInputView() : inputView = com.google.android.apps.inputmethod.libs.framework.core.InputView{bb38831 V.E...... ......I. 0,0-0,0}
05-02 23:33:17.938 18095 18095 W AndroidIME: KeyboardViewManager.initializeViews():300 initializeViews() : keyboard full width = -1; root view width = 1080; measured keyboard height = 132
05-02 23:33:17.973 18095 18483 I LstmExtension: LstmExtension.onCreateServiceInternal():147 onCreateServiceInternal()
05-02 23:33:17.973 18095 18730 I LstmExtension: LstmExtension.onCreate():136 onCreate(): Finished in 3 ms
05-02 23:33:17.974 18095 18483 I LstmTrainingCache: TrainingCache.getCacheConfig():182 getCacheConfig()
05-02 23:33:17.976 18095 18730 I ConversationToQueryExtension: ConversationToQueryExtension.onCreate():88 onCreate()
05-02 23:33:17.988 18095 18483 I LstmExtension: LstmExtension.onCreateServiceInternal():154 onCreateServiceInternal(): Finished in 14 ms
05-02 23:33:17.988 18095 18730 I ConversationToQueryClientSingleton: ConversationToQueryClientSingleton.register():81 registering client 'Conv2QueryExtension'
05-02 23:33:17.989 18095 18730 I ConversationToQueryExtension: ConversationToQueryExtension.isEnabled():137 isEnabled() : true
05-02 23:33:17.989 18095 18730 I ConversationToQueryExtension: ConversationToQueryExtension.isEnabled():144 isConv2QueryDisabledByChevronUi() : false
05-02 23:33:17.989 18095 18730 I ConversationToQueryExtension: ConversationToQueryExtension.updateCandidateProvider():272 Create MagicGCandidateProvider
05-02 23:33:17.996 18095 18730 I ConversationToQueryExtension: ConversationToQueryExtension.onCreate():131 onCreate() : Finished in 20 ms
05-02 23:33:18.001 18038 19819 I FontsContentProvider: Received query Noto Color Emoji Compat, URI content://com.google.android.gms.fonts
05-02 23:33:18.001 18038 19819 I FontsContentProvider: Query [Noto Color Emoji Compat] resolved to {Noto Color Emoji Compat, wdth 100.0, wght 400, ital 0.0, bestEffort false}
05-02 23:33:18.017 18038 19819 I FontsContentProvider: Fetch {Noto Color Emoji Compat, wdth 100.0, wght 400, ital 0.0, bestEffort false} end status Status{statusCode=SUCCESS, resolution=null}
05-02 23:33:18.022 18038 19819 I FontsContentProvider: Pulling font file for id = 8, cache size = 8
05-02 23:33:18.025 18038 19819 I FontsContentProvider: Pulling font file for id = 8, cache size = 8
05-02 23:33:19.431 20553 20553 I BinderHook: Got transact call code: <1> data: <android.os.Parcel@72ef350> reply: <android.os.Parcel@d002949> flags: <0>
05-02 23:33:19.433 20553 20553 I BinderHook: ProxyHook [+] trace [+] 
05-02 23:33:19.433 20553 20553 I BinderHook: java.lang.Exception: Trace
05-02 23:33:19.433 20553 20553 I BinderHook: 	at org.chickenhook.binderhooks.ProxyHook.doStackTrace(ProxyHook.java:128)
05-02 23:33:19.433 20553 20553 I BinderHook: 	at org.chickenhook.binderhooks.ProxyHook$FakeBinder.transact(ProxyHook.java:111)
05-02 23:33:19.433 20553 20553 I BinderHook: 	at android.app.IActivityTaskManager$Stub$Proxy.startActivity(IActivityTaskManager.java:3764)
05-02 23:33:19.433 20553 20553 I BinderHook: 	at android.app.Instrumentation.execStartActivity(Instrumentation.java:1723)
05-02 23:33:19.433 20553 20553 I BinderHook: 	at android.app.Activity.startActivityForResult(Activity.java:5323)
05-02 23:33:19.433 20553 20553 I BinderHook: 	at androidx.fragment.app.FragmentActivity.startActivityForResult(FragmentActivity.java:676)
05-02 23:33:19.433 20553 20553 I BinderHook: 	at android.app.Activity.startActivityForResult(Activity.java:5281)
05-02 23:33:19.433 20553 20553 I BinderHook: 	at androidx.fragment.app.FragmentActivity.startActivityForResult(FragmentActivity.java:663)
05-02 23:33:19.433 20553 20553 I BinderHook: 	at org.chickenhook.chickenbinder.MainActivity$onCreate$$inlined$apply$lambda$1.onClick(MainActivity.kt:49)
05-02 23:33:19.433 20553 20553 I BinderHook: 	at android.view.View.performClick(View.java:7356)
05-02 23:33:19.433 20553 20553 I BinderHook: 	at android.view.View.performClickInternal(View.java:7333)
05-02 23:33:19.433 20553 20553 I BinderHook: 	at android.view.View.access$3600(View.java:807)
05-02 23:33:19.433 20553 20553 I BinderHook: 	at android.view.View$PerformClick.run(View.java:28200)
05-02 23:33:19.433 20553 20553 I BinderHook: 	at android.os.Handler.handleCallback(Handler.java:907)
05-02 23:33:19.433 20553 20553 I BinderHook: 	at android.os.Handler.dispatchMessage(Handler.java:99)
05-02 23:33:19.433 20553 20553 I BinderHook: 	at android.os.Looper.loop(Looper.java:223)
05-02 23:33:19.433 20553 20553 I BinderHook: 	at android.app.ActivityThread.main(ActivityThread.java:7476)
05-02 23:33:19.433 20553 20553 I BinderHook: 	at java.lang.reflect.Method.invoke(Native Method)
05-02 23:33:19.433 20553 20553 I BinderHook: 	at com.android.internal.os.RuntimeInit$MethodAndArgsCaller.run(RuntimeInit.java:549)
05-02 23:33:19.433 20553 20553 I BinderHook: 	at com.android.internal.os.ZygoteInit.main(ZygoteInit.java:939)
05-02 23:33:19.433 20553 20553 D MainActivity: Manipulate start activity
05-02 23:33:19.434 20553 20553 D MainActivity: BinderProxy android.os.BinderProxy@8ed7c24
05-02 23:33:19.434 20553 20553 I BinderHook: BinderHook [+] send manipulated startActivity() call
05-02 23:33:19.435 17461 18143 E Parcel  : Attempt to read from protected data in Parcel 0xb7859ef0
05-02 23:33:19.435 17461 18143 I chatty  : uid=1000(system) Binder:17461_A identical 4 lines
05-02 23:33:19.435 17461 18143 E Parcel  : Attempt to read from protected data in Parcel 0xb7859ef0
05-02 23:33:19.436 17461 17478 I EventSequenceValidator: Transition from ACTIVITY_FINISHED to INTENT_STARTED
05-02 23:33:19.437 17461 17478 I ActivityManager: Force stopping com.android.chrome appid=10106 user=-1: set debug app
--------- beginning of crash
05-02 23:33:19.442 17461 17478 E AndroidRuntime: *** FATAL EXCEPTION IN SYSTEM PROCESS: android.display
05-02 23:33:19.442 17461 17478 E AndroidRuntime: java.lang.SecurityException: Process not debuggable, and not profileable by shell: com.android.chrome
05-02 23:33:19.442 17461 17478 E AndroidRuntime: 	at com.android.server.am.ActivityManagerService.setProfileApp(ActivityManagerService.java:8441)
05-02 23:33:19.442 17461 17478 E AndroidRuntime: 	at com.android.server.am.ActivityManagerService$LocalService.setDebugFlagsForStartingActivity(ActivityManagerService.java:19392)
05-02 23:33:19.442 17461 17478 E AndroidRuntime: 	at com.android.server.wm.-$$Lambda$8ew6SY_v_7ex9pwFGDswbkGWuXc.accept(Unknown Source:14)
05-02 23:33:19.442 17461 17478 E AndroidRuntime: 	at com.android.internal.util.function.pooled.PooledLambdaImpl.doInvoke(PooledLambdaImpl.java:324)
05-02 23:33:19.442 17461 17478 E AndroidRuntime: 	at com.android.internal.util.function.pooled.PooledLambdaImpl.invoke(PooledLambdaImpl.java:201)
05-02 23:33:19.442 17461 17478 E AndroidRuntime: 	at com.android.internal.util.function.pooled.OmniFunction.run(OmniFunction.java:97)
05-02 23:33:19.442 17461 17478 E AndroidRuntime: 	at android.os.Handler.handleCallback(Handler.java:907)
05-02 23:33:19.442 17461 17478 E AndroidRuntime: 	at android.os.Handler.dispatchMessage(Handler.java:99)
05-02 23:33:19.442 17461 17478 E AndroidRuntime: 	at android.os.Looper.loop(Looper.java:223)
05-02 23:33:19.442 17461 17478 E AndroidRuntime: 	at android.os.HandlerThread.run(HandlerThread.java:67)
05-02 23:33:19.442 17461 17478 E AndroidRuntime: 	at com.android.server.ServiceThread.run(ServiceThread.java:44)
05-02 23:33:19.444 17461 17478 I DropBoxManagerService: add tag=system_server_crash isTagEnabled=true flags=0x2
05-02 23:33:19.450 17461 17478 I Process : Sending signal. PID: 17461 SIG: 9
05-02 23:33:19.498  1997  2005 I adbd    : hit EOF on framework fd
05-02 23:33:19.498  1997  2005 I adbd    : received new framework fd -1 (current = 13)
05-02 23:33:20.032   233   233 I lowmemorykiller: lmkd data connection dropped
05-02 23:33:20.033   233   233 I lowmemorykiller: closing lmkd data connection
05-02 23:33:20.090   370   370 D android.hardware.wifi@1.0-service: Dead callback removed from list
05-02 23:33:20.090   362   362 W GnssHAL_GnssInterface: GNSS service noticed HIDL death. Stopping all GNSS operations.
05-02 23:33:20.090   362 17712 E GnssHAL_GnssInterface: gnssSvStatusCb: Unable to invoke callback
05-02 23:33:20.141 17717 18739 E AndroidRuntime: FATAL EXCEPTION: NetworkMonitor/101
05-02 23:33:20.141 17717 18739 E AndroidRuntime: Process: com.android.networkstack.process, PID: 17717
05-02 23:33:20.141 17717 18739 E AndroidRuntime: DeadSystemException: The system died; earlier logs will point to the root cause
05-02 23:33:20.090   362 17712 E GnssHAL_GnssInterface: gnssSvStatusCb: Unable to invoke callback
05-02 23:33:20.143 17717 18739 I Process : Sending signal. PID: 17717 SIG: 9
05-02 23:33:20.148 17398 17398 E Zygote  : Zygote failed to write to system_server FD: Connection refused
05-02 23:33:20.148 17398 17398 I Zygote  : Process 17461 exited due to signal 9 (Killed)
05-02 23:33:20.148 17398 17398 E Zygote  : Exit zygote because system server (pid 17461) has terminated
05-02 23:33:20.150 17400 17766 D AF::TrackHandle: OpPlayAudio: track:55 usage:13 muted
05-02 23:33:20.153 19913 20031 W Sensors : sensorservice died [0xed1978f0]
05-02 23:33:20.153 20311 20512 W Sensors : sensorservice died [0xed194830]
05-02 23:33:20.153 17584 19254 W Sensors : sensorservice died [0xed193330]
05-02 23:33:20.153 17405 17405 E libnetd_resolv: unlinkToDeath: removed reference to death recipient but unlink failed.
05-02 23:33:20.153   377   377 D SurfaceFlinger: Setting power mode 2 on display 0
05-02 23:33:20.154   441   931 E IPCThreadState: attemptIncStrongHandle(4): Not supported
05-02 23:33:20.156   441   461 W statsd  : statscompanion service died
05-02 23:33:20.156   441   461 W statsd  : Reset statsd upon system server restarts.
05-02 23:33:20.156   441   461 E IPCThreadState: attemptIncStrongHandle(130): Not supported
05-02 23:33:20.157 20553 20553 I BinderHook: Error while start activity
05-02 23:33:20.157 20553 20553 I BinderHook: java.lang.RuntimeException: Failure from system
05-02 23:33:20.157 20553 20553 I BinderHook: 	at android.app.Instrumentation.execStartActivity(Instrumentation.java:1729)
05-02 23:33:20.157 20553 20553 I BinderHook: 	at android.app.Activity.startActivityForResult(Activity.java:5323)
05-02 23:33:20.157 20553 20553 I BinderHook: 	at androidx.fragment.app.FragmentActivity.startActivityForResult(FragmentActivity.java:676)
05-02 23:33:20.157 20553 20553 I BinderHook: 	at android.app.Activity.startActivityForResult(Activity.java:5281)
05-02 23:33:20.157 20553 20553 I BinderHook: 	at androidx.fragment.app.FragmentActivity.startActivityForResult(FragmentActivity.java:663)
05-02 23:33:20.157 20553 20553 I BinderHook: 	at org.chickenhook.chickenbinder.MainActivity$onCreate$$inlined$apply$lambda$1.onClick(MainActivity.kt:49)
05-02 23:33:20.157 20553 20553 I BinderHook: 	at android.view.View.performClick(View.java:7356)
05-02 23:33:20.157 20553 20553 I BinderHook: 	at android.view.View.performClickInternal(View.java:7333)
05-02 23:33:20.157 20553 20553 I BinderHook: 	at android.view.View.access$3600(View.java:807)
05-02 23:33:20.157 20553 20553 I BinderHook: 	at android.view.View$PerformClick.run(View.java:28200)
05-02 23:33:20.157 20553 20553 I BinderHook: 	at android.os.Handler.handleCallback(Handler.java:907)
05-02 23:33:20.157 20553 20553 I BinderHook: 	at android.os.Handler.dispatchMessage(Handler.java:99)
05-02 23:33:20.157 20553 20553 I BinderHook: 	at android.os.Looper.loop(Looper.java:223)
05-02 23:33:20.157 20553 20553 I BinderHook: 	at android.app.ActivityThread.main(ActivityThread.java:7476)
05-02 23:33:20.157 20553 20553 I BinderHook: 	at java.lang.reflect.Method.invoke(Native Method)
05-02 23:33:20.157 20553 20553 I BinderHook: 	at com.android.internal.os.RuntimeInit$MethodAndArgsCaller.run(RuntimeInit.java:549)
05-02 23:33:20.157 20553 20553 I BinderHook: 	at com.android.internal.os.ZygoteInit.main(ZygoteInit.java:939)
05-02 23:33:20.157 20553 20553 I BinderHook: Caused by: android.os.DeadObjectException
05-02 23:33:20.157 20553 20553 I BinderHook: 	at android.os.BinderProxy.transactNative(Native Method)
05-02 23:33:20.157 20553 20553 I BinderHook: 	at android.os.BinderProxy.transact(BinderProxy.java:534)
05-02 23:33:20.157 20553 20553 I BinderHook: 	at org.chickenhook.chickenbinder.MainActivity.startActivityHook(MainActivity.kt:216)
05-02 23:33:20.157 20553 20553 I BinderHook: 	at org.chickenhook.chickenbinder.MainActivity$addHooks$2.transact(MainActivity.kt:248)
05-02 23:33:20.157 20553 20553 I BinderHook: 	at org.chickenhook.binderhooks.ProxyHook$FakeBinder.transact(ProxyHook.java:112)
05-02 23:33:20.157 20553 20553 I BinderHook: 	at android.app.IActivityTaskManager$Stub$Proxy.startActivity(IActivityTaskManager.java:3764)
05-02 23:33:20.157 20553 20553 I BinderHook: 	at android.app.Instrumentation.execStartActivity(Instrumentation.java:1723)
05-02 23:33:20.157 20553 20553 I BinderHook: 	... 16 more
05-02 23:33:20.158 17925 19557 W Sensors : sensorservice died [0xed1982b0]
05-02 23:33:20.159 20553 20553 I Choreographer: Skipped 43 frames!  The application may be doing too much work on its main thread.
05-02 23:33:20.161 17400 17766 I AppOpsManager: Waiting for app ops service
05-02 23:33:20.163   364   364 W EmuHWC2 : No layers, exit, buffer 0xf13c0a90
05-02 23:33:20.192   364   364 W EmuHWC2 : No layers, exit, buffer 0xf13c0a90
05-02 23:33:20.251 17407 17407 I r_submix: adev_close()
05-02 23:33:20.262   364   364 W EmuHWC2 : No layers, exit, buffer 0xf13c0a90
05-02 23:33:20.443   364   364 I chatty  : uid=1000(system) composer@2.1-se identical 1 line
05-02 23:33:20.512   364   364 W EmuHWC2 : No layers, exit, buffer 0xf13c0a90
05-02 23:33:20.542 20627 20627 D AndroidRuntime: >>>>>> START com.android.internal.os.ZygoteInit uid 0 <<<<<<
05-02 23:33:20.548 20627 20627 I AndroidRuntime: Using default boot image
05-02 23:33:20.548 20627 20627 I AndroidRuntime: Leaving lock profiling enabled
05-02 23:33:20.550 20627 20627 I         : option[0]=-Xzygote
05-02 23:33:20.550 20627 20627 I         : option[1]=-Xcheck:jni
05-02 23:33:20.550 20627 20627 I         : option[2]=exit
05-02 23:33:20.550 20627 20627 I         : option[3]=vfprintf
05-02 23:33:20.550 20627 20627 I         : option[4]=sensitiveThread
05-02 23:33:20.550 20627 20627 I         : option[5]=-verbose:gc
05-02 23:33:20.550 20627 20627 I         : option[6]=-Xprimaryzygote
05-02 23:33:20.550 20627 20627 I         : option[7]=-Xms8m
05-02 23:33:20.550 20627 20627 I         : option[8]=-Xmx512m
05-02 23:33:20.550 20627 20627 I         : option[9]=-XX:HeapGrowthLimit=192m
05-02 23:33:20.550 20627 20627 I         : option[10]=-XX:HeapMinFree=512k
05-02 23:33:20.550 20627 20627 I         : option[11]=-XX:HeapMaxFree=8m
05-02 23:33:20.550 20627 20627 I         : option[12]=-XX:HeapTargetUtilization=0.75
05-02 23:33:20.550 20627 20627 I         : option[13]=-Xusejit:true
05-02 23:33:20.550 20627 20627 I         : option[14]=-Xjitsaveprofilinginfo
05-02 23:33:20.550 20627 20627 I         : option[15]=-XjdwpOptions:suspend=n,server=y
05-02 23:33:20.550 20627 20627 I         : option[16]=-XjdwpProvider:default
05-02 23:33:20.550 20627 20627 I         : option[17]=-Xopaque-jni-ids:swapable
05-02 23:33:20.550 20627 20627 I         : option[18]=-Xcompiler-option
05-02 23:33:20.550 20627 20627 I         : option[19]=--instruction-set-variant=x86
05-02 23:33:20.550 20627 20627 I         : option[20]=-Xcompiler-option
05-02 23:33:20.550 20627 20627 I         : option[21]=--instruction-set-features=default
05-02 23:33:20.550 20627 20627 I         : option[22]=-Xcompiler-option
05-02 23:33:20.550 20627 20627 I         : option[23]=--generate-mini-debug-info
05-02 23:33:20.550 20627 20627 I         : option[24]=-Ximage-compiler-option
05-02 23:33:20.550 20627 20627 I         : option[25]=--runtime-arg
05-02 23:33:20.550 20627 20627 I         : option[26]=-Ximage-compiler-option
05-02 23:33:20.550 20627 20627 I         : option[27]=-Xms64m
05-02 23:33:20.550 20627 20627 I         : option[28]=-Ximage-compiler-option
05-02 23:33:20.550 20627 20627 I         : option[29]=--runtime-arg
05-02 23:33:20.550 20627 20627 I         : option[30]=-Ximage-compiler-option
05-02 23:33:20.550 20627 20627 I         : option[31]=-Xmx64m
05-02 23:33:20.550 20627 20627 I         : option[32]=-Ximage-compiler-option
05-02 23:33:20.550 20627 20627 I         : option[33]=--dirty-image-objects=/system/etc/dirty-image-objects
05-02 23:33:20.550 20627 20627 I         : option[34]=-Ximage-compiler-option
05-02 23:33:20.550 20627 20627 I         : option[35]=--instruction-set-variant=x86
05-02 23:33:20.550 20627 20627 I         : option[36]=-Ximage-compiler-option
05-02 23:33:20.550 20627 20627 I         : option[37]=--instruction-set-features=default
05-02 23:33:20.550 20627 20627 I         : option[38]=-Ximage-compiler-option
05-02 23:33:20.550 20627 20627 I         : option[39]=--generate-mini-debug-info
05-02 23:33:20.550 20627 20627 I         : option[40]=-Duser.locale=en-US
05-02 23:33:20.550 20627 20627 I         : option[41]=-XX:NativeBridge=libndk_translation.so
05-02 23:33:20.550 20627 20627 I         : option[42]=--cpu-abilist=x86,armeabi-v7a,armeabi
05-02 23:33:20.550 20627 20627 I         : option[43]=-Xfingerprint:google/sdk_gphone_x86/generic_x86_arm:10/RSR1.200417.003/6415074:user/release-keys
05-02 23:33:20.552 20627 20627 W         : Could not reserve sentinel fault page
05-02 23:33:20.571   235   235 I hwservicemanager: getTransport: Cannot find entry android.hardware.audio@6.0::IDevicesFactory/default in either framework or device manifest.
05-02 23:33:20.573 20632 20632 I netdClient: Skipping libnetd_client init since *we* are netd
05-02 23:33:20.579 20632 20632 I netd    : netd 1.0 starting
05-02 23:33:20.582 20632 20632 D TetherController: Setting IP forward enable = 0
05-02 23:33:20.583 20634 20634 E LegacySupport: Could not get passthrough implementation for android.hardware.audio@6.0::IDevicesFactory/default.
05-02 23:33:20.584 20632 20632 D FirewallController: Could not read /proc/self/uid_map, max uid defaulting to 4294967294
05-02 23:33:20.599 20609 20609 D BootAnimation: BootAnimationStartTiming start time: 55449758ms
05-02 23:33:20.599 20609 20609 D BootAnimation: BootAnimationPreloadTiming start time: 55449758ms
05-02 23:33:20.614 20634 20634 I HidlServiceManagement: Registered android.hardware.audio@5.0::IDevicesFactory/default (start delay of 92ms)
05-02 23:33:20.614 20634 20634 I HidlServiceManagement: Removing namespace from process name android.hardware.audio.service to audio.service.
05-02 23:33:20.614 20634 20634 I LegacySupport: Registration complete for android.hardware.audio@5.0::IDevicesFactory/default.
05-02 23:33:20.615   235   235 I hwservicemanager: getTransport: Cannot find entry android.hardware.audio.effect@6.0::IEffectsFactory/default in either framework or device manifest.
05-02 23:33:20.615 20634 20634 E LegacySupport: Could not get passthrough implementation for android.hardware.audio.effect@6.0::IEffectsFactory/default.
05-02 23:33:20.627 20634 20634 I HidlServiceManagement: Registered android.hardware.audio.effect@5.0::IEffectsFactory/default (start delay of 105ms)
05-02 23:33:20.627 20634 20634 I LegacySupport: Registration complete for android.hardware.audio.effect@5.0::IEffectsFactory/default.
05-02 23:33:20.627   235   235 I hwservicemanager: getTransport: Cannot find entry android.hardware.soundtrigger@2.3::ISoundTriggerHw/default in either framework or device manifest.
05-02 23:33:20.627 20634 20634 E LegacySupport: Could not get passthrough implementation for android.hardware.soundtrigger@2.3::ISoundTriggerHw/default.
05-02 23:33:20.627   235   235 I hwservicemanager: getTransport: Cannot find entry android.hardware.soundtrigger@2.2::ISoundTriggerHw/default in either framework or device manifest.
05-02 23:33:20.627 20634 20634 E LegacySupport: Could not get passthrough implementation for android.hardware.soundtrigger@2.2::ISoundTriggerHw/default.
05-02 23:33:20.628   235   235 I hwservicemanager: getTransport: Cannot find entry android.hardware.soundtrigger@2.1::ISoundTriggerHw/default in either framework or device manifest.
05-02 23:33:20.628 20634 20634 E LegacySupport: Could not get passthrough implementation for android.hardware.soundtrigger@2.1::ISoundTriggerHw/default.
05-02 23:33:20.629 20632 20632 I netd    : Creating child chains: 38946us
05-02 23:33:20.629 20632 20632 I netd    : Setting up OEM hooks: 132us
05-02 23:33:20.630 20632 20632 I netd    : Setting up FirewallController hooks: 51us
05-02 23:33:20.631 20632 20632 I netd    : Setting up TetherController hooks: 1984us
05-02 23:33:20.634 20632 20632 I netd    : Setting up BandwidthController hooks: 2284us
05-02 23:33:20.634 20632 20632 I netd    : Setting up IdletimerController hooks: 57us
05-02 23:33:20.637 20634 20634 E SoundTriggerHalImpl: couldn't load sound trigger module sound_trigger.primary (No such file or directory)
05-02 23:33:20.638 20634 20634 I HidlServiceManagement: Registered android.hardware.soundtrigger@2.0::ISoundTriggerHw/default (start delay of 116ms)
05-02 23:33:20.638 20634 20634 I LegacySupport: Registration complete for android.hardware.soundtrigger@2.0::ISoundTriggerHw/default.
05-02 23:33:20.638   235   235 I hwservicemanager: getTransport: Cannot find entry android.hardware.bluetooth.audio@2.0::IBluetoothAudioProvidersFactory/default in either framework or device manifest.
05-02 23:33:20.638 20634 20634 E LegacySupport: Could not get passthrough implementation for android.hardware.bluetooth.audio@2.0::IBluetoothAudioProvidersFactory/default.
05-02 23:33:20.638 20634 20634 W audiohalservice: Could not register Bluetooth Audio API
05-02 23:33:20.638   235   235 I hwservicemanager: getTransport: Cannot find entry android.hardware.bluetooth.a2dp@1.0::IBluetoothAudioOffload/default in either framework or device manifest.
05-02 23:33:20.638 20634 20634 E LegacySupport: Could not get passthrough implementation for android.hardware.bluetooth.a2dp@1.0::IBluetoothAudioOffload/default.
05-02 23:33:20.639 20634 20634 W audiohalservice: Could not register Bluetooth Audio Offload API
05-02 23:33:20.639 20632 20632 I netd    : Setting up StrictController hooks: 5199us
05-02 23:33:20.639 20632 20632 I ClatdController: 4.9+ kernel and device shipped with P - clat ebpf might work.
05-02 23:33:20.639 20632 20632 I netd    : Initializing ClatdController: 91us
05-02 23:33:20.640 20632 20632 I netd    : Initializing traffic control: 632us
05-02 23:33:20.090   370   370 D android.hardware.wifi@1.0-service: Dead callback removed from list
05-02 23:33:20.641 20633 20633 I wificond: wificond is starting up...
05-02 23:33:20.641 20631 20631 I mediaserver: ServiceManager: 0xf65c07d0
05-02 23:33:20.641 20631 20631 D mediaserver: Time zone APEX ICU file found: /apex/com.android.tzdata/etc/icu/icu_tzdata.dat
05-02 23:33:20.642 20631 20631 D mediaserver: I18n APEX ICU file found: /apex/com.android.i18n/etc/icu/icudt66l.dat
05-02 23:33:20.642 20631 20631 W BatteryNotifier: batterystats service unavailable!
05-02 23:33:20.642 20631 20631 W BatteryNotifier: batterystats service unavailable!
05-02 23:33:20.652 20632 20632 I netd    : Enabling bandwidth control: 12426us
05-02 23:33:20.653 20632 20632 E Netd    : Error adding route 0.0.0.0/0 -> (null) dummy0 to table 1002: File exists
05-02 23:33:20.653 20632 20632 I netd    : Initializing RouteController: 1216us
05-02 23:33:20.654 20632 20632 D XfrmController: XfrmController::ipSecAddXfrmInterface, line=1378
05-02 23:33:20.654 20632 20632 D XfrmController: XfrmController::ipSecRemoveTunnelInterface, line=1591
05-02 23:33:20.654 20632 20632 D XfrmController: deviceName=ipsec_test
05-02 23:33:20.657 20628 20628 I FastMixerState: sMaxFastTracks = 8
05-02 23:33:20.662 20628 20628 V MediaUtils: physMem: 2079875072
05-02 23:33:20.662 20628 20628 V MediaUtils: requested limit: 415975000
05-02 23:33:20.662 20628 20628 I libc    : malloc_limit: Allocation limit enabled, max size 415975000 bytes
05-02 23:33:20.663 20628 20628 I audioserver: ServiceManager: 0xf18804b0
05-02 23:33:20.663 20628 20628 W BatteryNotifier: batterystats service unavailable!
05-02 23:33:20.664   235   235 I hwservicemanager: getTransport: Cannot find entry android.hardware.audio@6.0::IDevicesFactory/default in either framework or device manifest.
05-02 23:33:20.664 20633 20633 I HidlServiceManagement: Registered android.system.wifi.keystore@1.0::IKeystore/default (start delay of 153ms)
05-02 23:33:20.675 20632 20632 D XfrmController: Sending Netlink XFRM Message: XFRM_MSG_FLUSHSA
05-02 23:33:20.675 20632 20632 D XfrmController: Sending Netlink XFRM Message: XFRM_MSG_FLUSHPOLICY
05-02 23:33:20.675 20632 20632 I netd    : Initializing XfrmController: 22031us
05-02 23:33:20.676 20632 20632 I libnetd_resolv: resolv_init: Initializing resolver
05-02 23:33:20.678 20630 20630 I cameraserver: ServiceManager: 0xf6a40950
05-02 23:33:20.678 20630 20630 I CameraService: CameraService started (pid=20630)
05-02 23:33:20.678   235   235 I hwservicemanager: getTransport: Cannot find entry android.hardware.audio.effect@6.0::IEffectsFactory/default in either framework or device manifest.
05-02 23:33:20.679 20630 20630 I CameraService: CameraService process starting
05-02 23:33:20.679 20630 20630 W BatteryNotifier: batterystats service unavailable!
05-02 23:33:20.680 20630 20630 W BatteryNotifier: batterystats service unavailable!
05-02 23:33:20.682 20628 20628 I AudioFlinger: Using default 3000 mSec as standby time.
05-02 23:33:20.682   428   428 W AudioAnalytics: (key=audio.flinger) Audioflinger constructor event detected
05-02 23:33:20.684 20630 20630 I CameraProviderManager: Connecting to new camera provider: internal/0, isRemote? 1
05-02 23:33:20.685 20628 20628 E APM::Serializer: deserialize: Could not parse /odm/etc/audio_policy_configuration.xml document.
05-02 23:33:20.688 20628 20628 D APM_EngineLoader: Loaded engine from libaudiopolicyenginedefault.so
05-02 23:33:20.688 20628 20628 E APM::AudioPolicyEngine/Config: parse: Could not parse document /vendor/etc/audio_policy_engine_configuration.xml
05-02 23:33:20.688 20628 20628 E libxml2 : I/O warning : failed to load external entity "/vendor/etc/audio_policy_engine_configuration.xml"
05-02 23:33:20.688 20628 20628 W APM::AudioPolicyEngine/Base: loadAudioPolicyEngineConfig: No configuration found, using default matching phone experience.
05-02 23:33:20.688 20628 20628 E APM::AudioPolicyEngine/Config: parseLegacyVolumeFile: Could not parse document /odm/etc/audio_policy_configuration.xml
05-02 23:33:20.688 20628 20628 E libxml2 : I/O warning : failed to load external entity "/odm/etc/audio_policy_configuration.xml"
05-02 23:33:20.689 20630 20630 I CameraProviderManager: Enumerating new camera device: device@3.5/internal/1
05-02 23:33:20.690   355   355 I EmulatedCameraDeviceHwlImpl: Create: Created EmulatedCameraDeviceHwlImpl for camera 1
05-02 23:33:20.690 20628 20628 W APM::AudioPolicyEngine/Base: loadAudioPolicyEngineConfig: No configuration of AUDIO_STREAM_CALL_ASSISTANT found, using default volume configuration
05-02 23:33:20.691   355   355 I GCH_CameraDevice: Create: Created a camera device for public(1)
05-02 23:33:20.692 20634 20644 D audio_hw_generic: Emulator host-side ALSA audio emulation detected.
05-02 23:33:20.692 20634 20644 D audio_hw_generic: mixer 0 name Master Playback Volume
05-02 23:33:20.692 20634 20644 D audio_hw_generic: set ctl 0 to 100
05-02 23:33:20.692 20634 20644 D audio_hw_generic: set ctl 1 to 100
05-02 23:33:20.692 20634 20644 D audio_hw_generic: mixer 1 name Master Playback Switch
05-02 23:33:20.692 20634 20644 D audio_hw_generic: set ctl 0 to 1
05-02 23:33:20.692 20634 20644 D audio_hw_generic: set ctl 1 to 1
05-02 23:33:20.692 20634 20644 D audio_hw_generic: mixer 2 name Capture Volume
05-02 23:33:20.692 20634 20644 D audio_hw_generic: set ctl 0 to 100
05-02 23:33:20.692 20634 20644 D audio_hw_generic: set ctl 1 to 100
05-02 23:33:20.692 20634 20644 D audio_hw_generic: mixer 3 name Capture Switch
05-02 23:33:20.692 20634 20644 D audio_hw_generic: set ctl 0 to 1
05-02 23:33:20.692 20634 20644 D audio_hw_generic: set ctl 1 to 1
05-02 23:33:20.692 20634 20644 D audio_hw_generic: mixer 4 name Line Phantom Jack
05-02 23:33:20.692 20634 20644 D audio_hw_generic: mixer 5 name Line Out Phantom Jack
05-02 23:33:20.692 20634 20644 D audio_hw_generic: mixer 6 name Playback Channel Map
05-02 23:33:20.692 20634 20644 D audio_hw_generic: mixer 7 name Capture Channel Map
05-02 23:33:20.693   355   355 W GCH_HalVendorTags: ModifyCharacteristicsKeys: failed to get ANDROID_REQUEST_AVAILABLE_SESSION_KEYS
05-02 23:33:20.693 20630 20630 E CameraProviderManager: addDynamicDepthTags: Advertised depth exclusive tag but value is not present!
05-02 23:33:20.693 20630 20630 E CameraProviderManager: DeviceInfo3: Failed appending dynamic depth tags: Invalid argument (-22)
05-02 23:33:20.693 20628 20628 I AudioFlinger: loadHwModule() Loaded primary audio interface, handle 10
05-02 23:33:20.693   355   355 W GCH_HalVendorTags: ModifyCharacteristicsKeys: failed to get ANDROID_REQUEST_AVAILABLE_SESSION_KEYS
05-02 23:33:20.693 20628 20628 I AudioFlinger: openOutput() this 0xeec43310, module 10 Device type:0x2,@:, SamplingRate 44100, Format 0x000001, Channels 0x3, flags 0x2
05-02 23:33:20.694   355   355 W GCH_HalVendorTags: ModifyCharacteristicsKeys: failed to get ANDROID_REQUEST_AVAILABLE_SESSION_KEYS
05-02 23:33:20.694   355   355 W GCH_HalVendorTags: ModifyCharacteristicsKeys: failed to get ANDROID_REQUEST_AVAILABLE_SESSION_KEYS
05-02 23:33:20.694 20630 20630 I CameraProviderManager: Camera provider internal/0 ready with 1 camera devices
05-02 23:33:20.694 20628 20628 W AudioFlinger: HAL output buffer size is 661 frames but AudioMixer requires multiples of 16 frames
05-02 23:33:20.694 20628 20628 I AudioFlinger: HAL output buffer size 661 frames, normal sink buffer size 1056 frames
05-02 23:33:20.695   235   235 I hwservicemanager: getTransport: Cannot find entry android.hardware.audio.effect@6.0::IEffectsFactory/default in either framework or device manifest.
05-02 23:33:20.696 20630 20630 I CameraProviderManager: Connecting to new camera provider: legacy/0, isRemote? 1
05-02 23:33:20.696 20609 20609 D BootAnimation: BootAnimationPreloadStopTiming start time: 55449855ms
05-02 23:33:20.697 20630 20630 I CameraProviderManager: Enumerating new camera device: device@3.3/legacy/0
05-02 23:33:20.698 20630 20630 E CameraProviderManager: DeviceInfo3: Converted ICameraDevice instance to nullptr
05-02 23:33:20.699 20630 20630 I CameraProviderManager: Camera provider legacy/0 ready with 1 camera devices
05-02 23:33:20.699 20630 20663 W CameraProviderManager: addProviderLocked: Camera provider HAL with name 'internal/0' already registered
05-02 23:33:20.699 20630 20663 I CameraService: onDeviceStatusChanged: Status changed for cameraId=1, newStatus=1
05-02 23:33:20.699 20630 20663 I CameraService: onDeviceStatusChanged: Unknown camera ID 1, a new camera is added
05-02 23:33:20.699 20630 20663 I CameraService: onDeviceStatusChanged: Status changed for cameraId=0, newStatus=1
05-02 23:33:20.699 20630 20663 I CameraService: onDeviceStatusChanged: Unknown camera ID 0, a new camera is added
05-02 23:33:20.699 20630 20663 W CameraProviderManager: addProviderLocked: Camera provider HAL with name 'legacy/0' already registered
05-02 23:33:20.699 20630 20630 I CameraService: onDeviceStatusChanged: Status changed for cameraId=1, newStatus=1
05-02 23:33:20.699 20630 20630 E CameraService: onDeviceStatusChanged: State transition to the same status 0x1 not allowed
05-02 23:33:20.699 20630 20630 I cameraserver: Waiting for activity service
05-02 23:33:20.702 20628 20628 I BufferProvider: found effect "Multichannel Downmix To Stereo" from The Android Open Source Project
05-02 23:33:20.702 20628 20628 E AudioFlinger: Failed to add event callback
05-02 23:33:20.702 20628 20674 I AudioFlinger: AudioFlinger's thread 0xf1477030 tid=20674 ready to run
05-02 23:33:20.703 20628 20628 I AudioFlinger: Using module 10 as the primary audio interface
05-02 23:33:20.703 20628 20674 W AudioFlinger: no wake lock to update, system not ready yet
05-02 23:33:20.704 20628 20674 W AudioFlinger: no wake lock to update, system not ready yet
05-02 23:33:20.708 20609 20672 D libEGL  : loaded /vendor/lib/egl/libEGL_emulation.so
05-02 23:33:20.709 20609 20672 D libEGL  : loaded /vendor/lib/egl/libGLESv1_CM_emulation.so
05-02 23:33:20.709 20628 20628 W AudioFlinger: moveEffects() bad srcOutput 0
05-02 23:33:20.711   364   364 W EmuHWC2 : No layers, exit, buffer 0xf13c0a90
05-02 23:33:20.712 20609 20672 D libEGL  : loaded /vendor/lib/egl/libGLESv2_emulation.so
05-02 23:33:20.720 20627 20627 D         : Time zone APEX ICU file found: /apex/com.android.tzdata/etc/icu/icu_tzdata.dat
05-02 23:33:20.720 20627 20627 D         : I18n APEX ICU file found: /apex/com.android.i18n/etc/icu/icudt66l.dat
05-02 23:33:20.732 20627 20627 I         : Using memfd for future sealing
05-02 23:33:20.733 20627 20627 W         : Unexpected CPU variant for X86 using defaults: x86
05-02 23:33:20.735 20609 20672 D HostConnection: HostConnection::get() New Host Connection established 0xf7081510, tid 20672
05-02 23:33:20.742 20609 20672 D HostConnection: HostComposition ext ANDROID_EMU_CHECKSUM_HELPER_v1 ANDROID_EMU_native_sync_v2 ANDROID_EMU_native_sync_v3 ANDROID_EMU_native_sync_v4 ANDROID_EMU_dma_v1 ANDROID_EMU_direct_mem ANDROID_EMU_host_composition_v1 ANDROID_EMU_host_composition_v2 ANDROID_EMU_YUV_Cache ANDROID_EMU_async_unmap_buffer GL_OES_vertex_array_object GL_KHR_texture_compression_astc_ldr ANDROID_EMU_gles_max_version_2 
05-02 23:33:20.744 20628 20681 I AudioFlinger: AudioFlinger's thread 0xf13a6030 tid=20681 ready to run
05-02 23:33:20.745   363   363 D eglCodecCommon: allocate: Ask for block of size 0x925680
05-02 23:33:20.745   363   363 D eglCodecCommon: allocate: ioctl allocate returned offset 0x3fd23d000 size 0x927000
05-02 23:33:20.746 20628 20681 W AudioFlinger: no wake lock to update, system not ready yet
05-02 23:33:20.746 20628 20681 W AudioFlinger: no wake lock to update, system not ready yet
05-02 23:33:20.747 20627 20627 W         : JNI RegisterNativeMethods: attempt to register 0 native methods for android.media.AudioAttributes
05-02 23:33:20.748 20634 20644 I r_submix: adev_open(name=audio_hw_if)
05-02 23:33:20.748 20634 20644 I r_submix: adev_init_check()
05-02 23:33:20.749 20628 20628 I AudioFlinger: loadHwModule() Loaded r_submix audio interface, handle 18
05-02 23:33:20.749 20634 20644 D r_submix: adev_open_input_stream(addr=0)
05-02 23:33:20.749 20634 20644 D r_submix: submix_audio_device_create_pipe_l(addr=0, idx=9)
05-02 23:33:20.749 20634 20644 D r_submix:   now using address 0 for route 9
05-02 23:33:20.750 20627 20627 D Zygote  : begin preload
05-02 23:33:20.750 20627 20627 I Zygote  : Calling ZygoteHooks.beginPreload()
05-02 23:33:20.752 20628 20683 I AudioFlinger: AudioFlinger's thread 0xf13a6030 tid=20683 ready to run
05-02 23:33:20.752 20634 20634 I r_submix: in_standby()
05-02 23:33:20.754 20628 20683 W AudioFlinger: no wake lock to update, system not ready yet
05-02 23:33:20.754 20634 20634 I r_submix: in_standby()
05-02 23:33:20.756 20628 20683 W AudioFlinger: no wake lock to update, system not ready yet
05-02 23:33:20.756 20634 20634 D r_submix: adev_close_input_stream()
05-02 23:33:20.756 20634 20634 D r_submix: submix_audio_device_release_pipe_l(idx=9) addr=0
05-02 23:33:20.756 20634 20634 D r_submix: submix_audio_device_destroy_pipe_l(): pipe destroyed
05-02 23:33:20.758 20628 20628 W APM::AudioPolicyEngine: getDevicesForStrategy() unknown strategy: -1
05-02 23:33:20.758 20628 20628 W APM::AudioPolicyEngine: getDevicesForStrategy() unknown strategy: -1
05-02 23:33:20.759   235   235 I hwservicemanager: getTransport: Cannot find entry android.hardware.graphics.mapper@4.0::IMapper/default in either framework or device manifest.
05-02 23:33:20.759 20609 20672 I Gralloc4: mapper 4.x is not supported
05-02 23:33:20.760 20628 20628 I audioserver: Waiting for activity service
05-02 23:33:20.763 20609 20672 D HostConnection: createUnique: call
05-02 23:33:20.763 20609 20672 D HostConnection: HostConnection::get() New Host Connection established 0xf70832b0, tid 20672
05-02 23:33:20.763 20609 20672 D eglCodecCommon: allocate: Ask for block of size 0x100
05-02 23:33:20.763 20609 20672 D eglCodecCommon: allocate: ioctl allocate returned offset 0x3fd23b000 size 0x2000
05-02 23:33:20.774 20627 20627 I Zygote  : Preloading classes...
05-02 23:33:20.777 20627 20627 W Zygote  : Class not found for preloading: android.app.-$$Lambda$AppOpsManager$2$t9yQjThS21ls97TonVuHm6nv4N8
05-02 23:33:20.777 20627 20627 W Zygote  : Class not found for preloading: android.app.-$$Lambda$SystemServiceRegistry$17$DBwvhMLzjNnBFkaOY1OxllrybH4
05-02 23:33:20.785 20609 20672 D HostConnection: HostComposition ext ANDROID_EMU_CHECKSUM_HELPER_v1 ANDROID_EMU_native_sync_v2 ANDROID_EMU_native_sync_v3 ANDROID_EMU_native_sync_v4 ANDROID_EMU_dma_v1 ANDROID_EMU_direct_mem ANDROID_EMU_host_composition_v1 ANDROID_EMU_host_composition_v2 ANDROID_EMU_YUV_Cache ANDROID_EMU_async_unmap_buffer GL_OES_vertex_array_object GL_KHR_texture_compression_astc_ldr ANDROID_EMU_gles_max_version_2 
05-02 23:33:20.788 20609 20672 D EGL_emulation: eglCreateContext: 0xf72815f0: maj 1 min 0 rcv 1
05-02 23:33:20.789 20609 20672 D EGL_emulation: eglMakeCurrent: 0xf72815f0: ver 1 0 (tinfo 0xf7313870)
05-02 23:33:20.799 20627 20627 W Zygote  : Class not found for preloading: android.app.AppOpsManager$AppOpsCollector$1
05-02 23:33:20.800 20627 20627 W Zygote  : Class not found for preloading: android.app.AppOpsManager$HistoricalFeatureOps
05-02 23:33:20.800 20627 20627 W Zygote  : Class not found for preloading: android.app.AppOpsManager$OpFeatureEntry$1
05-02 23:33:20.800 20627 20627 W Zygote  : Class not found for preloading: android.app.AppOpsManager$OpFeatureEntry$LongSparseArrayParceling
05-02 23:33:20.800 20627 20627 W Zygote  : Class not found for preloading: android.app.AppOpsManager$OpFeatureEntry
05-02 23:33:20.802 20627 20627 W Zygote  : Class not found for preloading: android.app.ApplicationPackageManager$SystemFeatureQuery
05-02 23:33:20.806 20609 20672 D BootAnimation: BootAnimationShownTiming start time: 55449965ms
05-02 23:33:20.806 20609 20686 E BootAnimation: Could not add watch for /data/system
05-02 23:33:20.813 20627 20627 W Zygote  : Class not found for preloading: android.app.StatsManager$StatsdDeathRecipient
05-02 23:33:20.817   363   363 D eglCodecCommon: allocate: Ask for block of size 0x925680
05-02 23:33:20.817   363   363 D eglCodecCommon: allocate: ioctl allocate returned offset 0x3fc916000 size 0x927000
05-02 23:33:20.842 20627 20627 W Zygote  : Class not found for preloading: android.app.timedetector.PhoneTimeSuggestion$1
05-02 23:33:20.842 20627 20627 W Zygote  : Class not found for preloading: android.app.timedetector.PhoneTimeSuggestion
05-02 23:33:20.842 20627 20627 W Zygote  : Class not found for preloading: android.bluetooth.-$$Lambda$BluetoothAdapter$2$INSd_aND-SGWhhPZUtIqya_Uxw4
05-02 23:33:20.849 20627 20627 W Zygote  : Class not found for preloading: android.content.ContentResolver$GetTypeResultListener
05-02 23:33:20.850 20627 20627 W Zygote  : Class not found for preloading: android.content.pm.-$$Lambda$hUJwdX9IqTlLwBds2BUGqVf-FM8
05-02 23:33:20.887 20627 20627 W Zygote  : Class not found for preloading: android.content.pm.parsing.AndroidPackage
05-02 23:33:20.887 20627 20627 W Zygote  : Class not found for preloading: android.content.pm.parsing.AndroidPackageWrite
05-02 23:33:20.887 20627 20627 W Zygote  : Class not found for preloading: android.content.pm.parsing.ApkParseUtils$ParseInput
05-02 23:33:20.887 20627 20627 W Zygote  : Class not found for preloading: android.content.pm.parsing.ApkParseUtils$ParseResult
05-02 23:33:20.887 20627 20627 W Zygote  : Class not found for preloading: android.content.pm.parsing.ApkParseUtils
05-02 23:33:20.887 20627 20627 W Zygote  : Class not found for preloading: android.content.pm.parsing.ComponentParseUtils$ParsedActivity$1
05-02 23:33:20.887 20627 20627 W Zygote  : Class not found for preloading: android.content.pm.parsing.ComponentParseUtils$ParsedActivity
